Component: ARM Compiler 5.05 update 1 (build 106) Tool: armlink [4d0efa]

==============================================================================

Section Cross References

    main.o(i.esp8266_init) refers to lcd.o(i.LCD_ShowString) for LCD_ShowString
    main.o(i.esp8266_init) refers to usart.o(i.USART2TxStr) for USART2TxStr
    main.o(i.esp8266_init) refers to usart.o(i.USART1TxStr) for USART1TxStr
    main.o(i.esp8266_init) refers to delay.o(i.delay_ms) for delay_ms
    main.o(i.esp8266_init) refers to usart.o(i.CLR_Buf1) for CLR_Buf1
    main.o(i.esp8266_init) refers to wifi.o(i.wait_OK) for wait_OK
    main.o(i.esp8266_init) refers to usart.o(.data) for Flag_usart1_receive_OK
    main.o(i.main) refers to gpio.o(i.GPIO_Configuration) for GPIO_Configuration
    main.o(i.main) refers to delay.o(i.delay_init) for delay_init
    main.o(i.main) refers to lcd.o(i.Lcd_Init) for Lcd_Init
    main.o(i.main) refers to exti.o(i.EXTIX_Init) for EXTIX_Init
    main.o(i.main) refers to usart.o(i.Usart1_Init) for Usart1_Init
    main.o(i.main) refers to usart.o(i.Usart2_Init) for Usart2_Init
    main.o(i.main) refers to usart.o(i.Usart3_Remap_Init) for Usart3_Remap_Init
    main.o(i.main) refers to sys.o(i.NVIC_Configuration) for NVIC_Configuration
    main.o(i.main) refers to timer.o(i.TIM3_Int_Init) for TIM3_Int_Init
    main.o(i.main) refers to timer.o(i.TIM2_PWM_Init) for TIM2_PWM_Init
    main.o(i.main) refers to lcd.o(i.LCD_Show_Chinese16x16) for LCD_Show_Chinese16x16
    main.o(i.main) refers to lcd.o(i.LCD_DrawRectangle) for LCD_DrawRectangle
    main.o(i.main) refers to lcd.o(i.LCD_ShowString) for LCD_ShowString
    main.o(i.main) refers to main.o(i.copy_str) for copy_str
    main.o(i.main) refers to stmflash.o(i.STMFLASH_Read) for STMFLASH_Read
    main.o(i.main) refers to wifi.o(i.Connect_wifi) for Connect_wifi
    main.o(i.main) refers to stm32f10x_gpio.o(i.GPIO_ResetBits) for GPIO_ResetBits
    main.o(i.main) refers to lcd.o(i.LCD_Fill) for LCD_Fill
    main.o(i.main) refers to stm32f10x_gpio.o(i.GPIO_SetBits) for GPIO_SetBits
    main.o(i.main) refers to usart.o(i.USART3TxData_hex) for USART3TxData_hex
    main.o(i.main) refers to main.o(i.stm32flash_stroage) for stm32flash_stroage
    main.o(i.main) refers to wifi.o(i.Query) for Query
    main.o(i.main) refers to stm32f10x_tim.o(i.TIM_SetCompare2) for TIM_SetCompare2
    main.o(i.main) refers to motor.o(i.Set_Motor_PWM) for Set_Motor_PWM
    main.o(i.main) refers to delay.o(i.delay_ms) for delay_ms
    main.o(i.main) refers to stmflash.o(i.STMFLASH_Write) for STMFLASH_Write
    main.o(i.main) refers to usart.o(i.CLR_Buf3) for CLR_Buf3
    main.o(i.main) refers to main.o(i.nowifi_Light) for nowifi_Light
    main.o(i.main) refers to lcd.o(.data) for BACK_COLOR
    main.o(i.main) refers to main.o(.bss) for Data_Buf
    main.o(i.main) refers to main.o(.data) for Light_data
    main.o(i.main) refers to timer.o(.data) for Flag_timer_2S
    main.o(i.main) refers to wifi.o(.data) for flag_time_reset
    main.o(i.main) refers to usart.o(.bss) for USART1_RX_BUF
    main.o(i.main) refers to usart.o(.data) for Flag_Usart3_Receive
    main.o(i.main) refers to main.o(i.senddata) for senddata
    main.o(i.nowifi_Light) refers to wifi.o(i.Query) for Query
    main.o(i.nowifi_Light) refers to strcmpv7m.o(.text) for strcmp
    main.o(i.nowifi_Light) refers to motor.o(i.Set_Motor_PWM) for Set_Motor_PWM
    main.o(i.nowifi_Light) refers to delay.o(i.delay_ms) for delay_ms
    main.o(i.nowifi_Light) refers to stm32f10x_tim.o(i.TIM_SetCompare2) for TIM_SetCompare2
    main.o(i.nowifi_Light) refers to wifi.o(.data) for flag_time_serv
    main.o(i.nowifi_Light) refers to main.o(.data) for nowifi
    main.o(i.nowifi_Light) refers to usart.o(.bss) for USART1_RX_BUF
    main.o(i.senddata) refers to main.o(i.copy_str) for copy_str
    main.o(i.senddata) refers to main.o(i.Get_data_len) for Get_data_len
    main.o(i.senddata) refers to usart.o(i.USART2TxStr) for USART2TxStr
    main.o(i.senddata) refers to usart.o(i.USART1TxStr) for USART1TxStr
    main.o(i.senddata) refers to usart.o(i.CLR_Buf1) for CLR_Buf1
    main.o(i.senddata) refers to wifi.o(i.wait_OK) for wait_OK
    main.o(i.senddata) refers to usart.o(i.CLR_Buf2) for CLR_Buf2
    main.o(i.senddata) refers to main.o(.bss) for AT_send_buf
    main.o(i.senddata) refers to main.o(.data) for x
    main.o(i.senddata) refers to usart.o(.data) for Count_Timer3_value_USART3_receive_timeout2
    main.o(i.senddata) refers to lcd.o(.data) for POINT_COLOR
    main.o(i.senddata) refers to usart.o(.bss) for USART1_RX_BUF
    main.o(i.senddata) refers to wifi.o(.data) for flag_time_serv
    main.o(i.stm32flash_stroage) refers to lcd.o(i.LCD_ShowString) for LCD_ShowString
    main.o(i.stm32flash_stroage) refers to delay.o(i.delay_ms) for delay_ms
    main.o(i.stm32flash_stroage) refers to stmflash.o(i.STMFLASH_Write) for STMFLASH_Write
    main.o(i.stm32flash_stroage) refers to main.o(.data) for count
[...]
    Removing stm32f10x_tim.o(i.TIM_SelectOCxM), (82 bytes).
    Removing stm32f10x_tim.o(i.TIM_SelectOnePulseMode), (18 bytes).
    Removing stm32f10x_tim.o(i.TIM_SelectOutputTrigger), (18 bytes).
    Removing stm32f10x_tim.o(i.TIM_SelectSlaveMode), (18 bytes).
    Removing stm32f10x_tim.o(i.TIM_SetAutoreload), (4 bytes).
    Removing stm32f10x_tim.o(i.TIM_SetClockDivision), (18 bytes).
    Removing stm32f10x_tim.o(i.TIM_SetCompare3), (4 bytes).
    Removing stm32f10x_tim.o(i.TIM_SetCompare4), (6 bytes).
    Removing stm32f10x_tim.o(i.TIM_SetCounter), (4 bytes).
    Removing stm32f10x_tim.o(i.TIM_SetIC1Prescaler), (18 bytes).
    Removing stm32f10x_tim.o(i.TIM_SetIC2Prescaler), (26 bytes).
    Removing stm32f10x_tim.o(i.TIM_SetIC3Prescaler), (18 bytes).
    Removing stm32f10x_tim.o(i.TIM_SetIC4Prescaler), (26 bytes).
    Removing stm32f10x_tim.o(i.TIM_TIxExternalClockConfig), (62 bytes).
    Removing stm32f10x_tim.o(i.TIM_TimeBaseStructInit), (18 bytes).
    Removing stm32f10x_tim.o(i.TIM_UpdateDisableConfig), (24 bytes).
    Removing stm32f10x_tim.o(i.TIM_UpdateRequestConfig), (24 bytes).
    Removing stm32f10x_usart.o(i.USART_ClearFlag), (18 bytes).
    Removing stm32f10x_usart.o(i.USART_ClearITPendingBit), (30 bytes).
    Removing stm32f10x_usart.o(i.USART_ClockInit), (34 bytes).
    Removing stm32f10x_usart.o(i.USART_ClockStructInit), (12 bytes).
    Removing stm32f10x_usart.o(i.USART_DMACmd), (18 bytes).
    Removing stm32f10x_usart.o(i.USART_DeInit), (156 bytes).
    Removing stm32f10x_usart.o(i.USART_HalfDuplexCmd), (24 bytes).
    Removing stm32f10x_usart.o(i.USART_IrDACmd), (24 bytes).
    Removing stm32f10x_usart.o(i.USART_IrDAConfig), (18 bytes).
    Removing stm32f10x_usart.o(i.USART_LINBreakDetectLengthConfig), (18 bytes).
    Removing stm32f10x_usart.o(i.USART_LINCmd), (24 bytes).
    Removing stm32f10x_usart.o(i.USART_OneBitMethodCmd), (24 bytes).
    Removing stm32f10x_usart.o(i.USART_OverSampling8Cmd), (22 bytes).
    Removing stm32f10x_usart.o(i.USART_ReceiverWakeUpCmd), (24 bytes).
    Removing stm32f10x_usart.o(i.USART_SendBreak), (10 bytes).
    Removing stm32f10x_usart.o(i.USART_SetAddress), (18 bytes).
    Removing stm32f10x_usart.o(i.USART_SetGuardTime), (16 bytes).
    Removing stm32f10x_usart.o(i.USART_SetPrescaler), (16 bytes).
    Removing stm32f10x_usart.o(i.USART_SmartCardCmd), (24 bytes).
    Removing stm32f10x_usart.o(i.USART_SmartCardNACKCmd), (24 bytes).
    Removing stm32f10x_usart.o(i.USART_StructInit), (24 bytes).
    Removing stm32f10x_usart.o(i.USART_WakeUpConfig), (18 bytes).
    Removing stm32f10x_wwdg.o(i.WWDG_ClearFlag), (12 bytes).
    Removing stm32f10x_wwdg.o(i.WWDG_DeInit), (22 bytes).
    Removing stm32f10x_wwdg.o(i.WWDG_Enable), (16 bytes).
    Removing stm32f10x_wwdg.o(i.WWDG_EnableIT), (12 bytes).
    Removing stm32f10x_wwdg.o(i.WWDG_GetFlagStatus), (12 bytes).
    Removing stm32f10x_wwdg.o(i.WWDG_SetCounter), (16 bytes).
    Removing stm32f10x_wwdg.o(i.WWDG_SetPrescaler), (24 bytes).
    Removing stm32f10x_wwdg.o(i.WWDG_SetWindowValue), (40 bytes).
    Removing lcd.o(i.LCD_WR_REG_DATA), (20 bytes).
    Removing stmflash.o(i.Test_Write), (16 bytes).
    Removing motor.o(i.Motor_Mode_display), (2 bytes).
    Removing motor.o(i.Stepper_motor_ctrl), (68 bytes).
    Removing motor.o(.data), (4 bytes).

448 unused section(s) (total 18040 bytes) removed from the image.

==============================================================================

Image Symbol Table

    Local Symbols

    Symbol Name                              Value     Ov Type        Size  Object(Section)

    ../clib/angel/boardlib.s                 0x00000000   Number         0  boardinit2.o ABSOLUTE
    ../clib/angel/boardlib.s                 0x00000000   Number         0  boardinit1.o ABSOLUTE
    ../clib/angel/boardlib.s                 0x00000000   Number         0  boardshut.o ABSOLUTE
    ../clib/angel/boardlib.s                 0x00000000   Number         0  boardinit3.o ABSOLUTE
    ../clib/angel/handlers.s                 0x00000000   Number         0  __scatter_zi.o ABSOLUTE
    ../clib/angel/handlers.s                 0x00000000   Number         0  __scatter_copy.o ABSOLUTE
    ../clib/angel/kernel.s                   0x00000000   Number         0  rtexit2.o ABSOLUTE
    ../clib/angel/kernel.s                   0x00000000   Number         0  __rtentry.o ABSOLUTE
    ../clib/angel/kernel.s                   0x00000000   Number         0  __rtentry2.o ABSOLUTE
    ../clib/angel/kernel.s                   0x00000000   Number         0  __rtentry4.o ABSOLUTE
    ../clib/angel/kernel.s                   0x00000000   Number         0  rtexit.o ABSOLUTE
    ../clib/angel/rt.s                       0x00000000   Number         0  rt_raise.o ABSOLUTE
    ../clib/angel/scatter.s                  0x00000000   Number         0  __scatter.o ABSOLUTE
    ../clib/angel/startup.s                  0x00000000   Number         0  __main.o ABSOLUTE
    ../clib/angel/sys.s                      0x00000000   Number         0  use_no_semi_2.o ABSOLUTE
    ../clib/angel/sys.s                      0x00000000   Number         0  indicate_semi.o ABSOLUTE
    ../clib/angel/sys.s                      0x00000000   Number         0  sys_stackheap_outer.o ABSOLUTE
    ../clib/angel/sys.s                      0x00000000   Number         0  use_no_semi.o ABSOLUTE
    ../clib/angel/sys.s                      0x00000000   Number         0  libspace.o ABSOLUTE
    ../clib/angel/sysapp.c                   0x00000000   Number         0  sys_command.o ABSOLUTE
    ../clib/angel/sysapp.c                   0x00000000   Number         0  sys_wrch.o ABSOLUTE
    ../clib/armsys.c                         0x00000000   Number         0  no_argv.o ABSOLUTE
    ../clib/armsys.c                         0x00000000   Number         0  argv_veneer.o ABSOLUTE
    ../clib/armsys.c                         0x00000000   Number         0  argv_veneer.o ABSOLUTE
    ../clib/armsys.c                         0x00000000   Number         0  _get_argv_nomalloc.o ABSOLUTE
    ../clib/heapalloc.c                      0x00000000   Number         0  hrguard.o ABSOLUTE
    ../clib/heapaux.c                        0x00000000   Number         0  heapauxi.o ABSOLUTE
    ../clib/libinit.s                        0x00000000   Number         0  libshutdown.o ABSOLUTE
    ../clib/libinit.s                        0x00000000   Number         0  libshutdown2.o ABSOLUTE
    ../clib/libinit.s                        0x00000000   Number         0  libinit.o ABSOLUTE
    ../clib/libinit.s                        0x00000000   Number         0  libinit2.o ABSOLUTE
    ../clib/memcpset.s                       0x00000000   Number         0  strcmpv7m.o ABSOLUTE
    ../clib/signal.c                         0x00000000   Number         0  defsig_rtred_inner.o ABSOLUTE
    ../clib/signal.c                         0x00000000   Number         0  defsig_fpe_inner.o ABSOLUTE
    ../clib/signal.c                         0x00000000   Number         0  defsig_general.o ABSOLUTE
    ../clib/signal.c                         0x00000000   Number         0  __raise.o ABSOLUTE
    ../clib/signal.c                         0x00000000   Number         0  defsig_rtmem_inner.o ABSOLUTE
    ../clib/signal.c                         0x00000000   Number         0  defsig_exit.o ABSOLUTE
    ../clib/signal.c                         0x00000000   Number         0  defsig_abrt_inner.o ABSOLUTE
    ../clib/signal.c                         0x00000000   Number         0  defsig_rtmem_formal.o ABSOLUTE
    ../clib/signal.c                         0x00000000   Number         0  defsig_rtmem_outer.o ABSOLUTE
    ../clib/signal.c                         0x00000000   Number         0  defsig_other.o ABSOLUTE
    ../clib/signal.c                         0x00000000   Number         0  defsig_segv_inner.o ABSOLUTE
    ../clib/signal.c                         0x00000000   Number         0  defsig_cppl_inner.o ABSOLUTE
    ../clib/signal.c                         0x00000000   Number         0  defsig_pvfn_inner.o ABSOLUTE
    ../clib/signal.c                         0x00000000   Number         0  defsig_stak_inner.o ABSOLUTE
    ../clib/signal.s                         0x00000000   Number         0  defsig.o ABSOLUTE
    ../clib/stdlib.c                         0x00000000   Number         0  exit.o ABSOLUTE
    ../fplib/fpinit.s                        0x00000000   Number         0  fpinit.o ABSOLUTE
    ..\CORE\core_cm3.c                       0x00000000   Number         0  core_cm3.o ABSOLUTE
    ..\CORE\startup_stm32f10x_hd.s           0x00000000   Number         0  startup_stm32f10x_hd.o ABSOLUTE
    ..\HARDWARE\Motor.c                      0x00000000   Number         0  motor.o ABSOLUTE
    ..\HARDWARE\exti.c                       0x00000000   Number         0  exti.o ABSOLUTE
    ..\HARDWARE\gpio.c                       0x00000000   Number         0  gpio.o ABSOLUTE
    ..\HARDWARE\lcd.c                        0x00000000   Number         0  lcd.o ABSOLUTE
    ..\HARDWARE\stmflash.c                   0x00000000   Number         0  stmflash.o ABSOLUTE
    ..\HARDWARE\wifi.c                       0x00000000   Number         0  wifi.o ABSOLUTE
    ..\STM32F10x_FWLib\src\misc.c            0x00000000   Number         0  misc.o ABSOLUTE
    ..\STM32F10x_FWLib\src\stm32f10x_adc.c   0x00000000   Number         0  stm32f10x_adc.o ABSOLUTE
    ..\STM32F10x_FWLib\src\stm32f10x_bkp.c   0x00000000   Number         0  stm32f10x_bkp.o ABSOLUTE
    ..\STM32F10x_FWLib\src\stm32f10x_can.c   0x00000000   Number         0  stm32f10x_can.o ABSOLUTE
    ..\STM32F10x_FWLib\src\stm32f10x_cec.c   0x00000000   Number         0  stm32f10x_cec.o ABSOLUTE
    ..\STM32F10x_FWLib\src\stm32f10x_crc.c   0x00000000   Number         0  stm32f10x_crc.o ABSOLUTE
    ..\STM32F10x_FWLib\src\stm32f10x_dac.c   0x00000000   Number         0  stm32f10x_dac.o ABSOLUTE
    ..\STM32F10x_FWLib\src\stm32f10x_dbgmcu.c 0x00000000   Number         0  stm32f10x_dbgmcu.o ABSOLUTE
    ..\STM32F10x_FWLib\src\stm32f10x_dma.c   0x00000000   Number         0  stm32f10x_dma.o ABSOLUTE
    ..\STM32F10x_FWLib\src\stm32f10x_exti.c  0x00000000   Number         0  stm32f10x_exti.o ABSOLUTE
    ..\STM32F10x_FWLib\src\stm32f10x_flash.c 0x00000000   Number         0  stm32f10x_flash.o ABSOLUTE
    ..\STM32F10x_FWLib\src\stm32f10x_fsmc.c  0x00000000   Number         0  stm32f10x_fsmc.o ABSOLUTE
    ..\STM32F10x_FWLib\src\stm32f10x_gpio.c  0x00000000   Number         0  stm32f10x_gpio.o ABSOLUTE
    ..\STM32F10x_FWLib\src\stm32f10x_i2c.c   0x00000000   Number         0  stm32f10x_i2c.o ABSOLUTE
    ..\STM32F10x_FWLib\src\stm32f10x_iwdg.c  0x00000000   Number         0  stm32f10x_iwdg.o ABSOLUTE
    ..\STM32F10x_FWLib\src\stm32f10x_pwr.c   0x00000000   Number         0  stm32f10x_pwr.o ABSOLUTE
    ..\STM32F10x_FWLib\src\stm32f10x_rcc.c   0x00000000   Number         0  stm32f10x_rcc.o ABSOLUTE
    ..\STM32F10x_FWLib\src\stm32f10x_rtc.c   0x00000000   Number         0  stm32f10x_rtc.o ABSOLUTE
    ..\STM32F10x_FWLib\src\stm32f10x_sdio.c  0x00000000   Number         0  stm32f10x_sdio.o ABSOLUTE
    ..\STM32F10x_FWLib\src\stm32f10x_spi.c   0x00000000   Number         0  stm32f10x_spi.o ABSOLUTE
    ..\STM32F10x_FWLib\src\stm32f10x_tim.c   0x00000000   Number         0  stm32f10x_tim.o ABSOLUTE
    ..\STM32F10x_FWLib\src\stm32f10x_usart.c 0x00000000   Number         0  stm32f10x_usart.o ABSOLUTE
    ..\STM32F10x_FWLib\src\stm32f10x_wwdg.c  0x00000000   Number         0  stm32f10x_wwdg.o ABSOLUTE
    ..\SYSTEM\delay\delay.c                  0x00000000   Number         0  delay.o ABSOLUTE
    ..\SYSTEM\spi\spi.c                      0x00000000   Number         0  spi.o ABSOLUTE
    ..\SYSTEM\sys\sys.c                      0x00000000   Number         0  sys.o ABSOLUTE
    ..\SYSTEM\timer\timer.c                  0x00000000   Number         0  timer.o ABSOLUTE
    ..\SYSTEM\usart\usart.c                  0x00000000   Number         0  usart.o ABSOLUTE
    ..\\CORE\\core_cm3.c                     0x00000000   Number         0  core_cm3.o ABSOLUTE
    dc.s                                     0x00000000   Number         0  dc.o ABSOLUTE
    main.c                                   0x00000000   Number         0  main.o ABSOLUTE
    stm32f10x_it.c                           0x00000000   Number         0  stm32f10x_it.o ABSOLUTE
    system_stm32f10x.c                       0x00000000   Number         0  system_stm32f10x.o ABSOLUTE
    RESET                                    0x08000000   Section      304  startup_stm32f10x_hd.o(RESET)
    !!!main                                  0x08000130   Section        8  __main.o(!!!main)
    !!!scatter                               0x08000138   Section       52  __scatter.o(!!!scatter)
    !!handler_copy                           0x0800016c   Section       26  __scatter_copy.o(!!handler_copy)
    !!handler_zi                             0x08000188   Section       28  __scatter_zi.o(!!handler_zi)
    .ARM.Collect$$libinit$$00000000          0x080001a4   Section        2  libinit.o(.ARM.Collect$$libinit$$00000000)
    .ARM.Collect$$libinit$$00000002          0x080001a6   Section        0  libinit2.o(.ARM.Collect$$libinit$$00000002)
    .ARM.Collect$$libinit$$00000004          0x080001a6   Section        0  libinit2.o(.ARM.Collect$$libinit$$00000004)
    .ARM.Collect$$libinit$$0000000A          0x080001a6   Section        0  libinit2.o(.ARM.Collect$$libinit$$0000000A)
    .ARM.Collect$$libinit$$0000000C          0x080001a6   Section        0  libinit2.o(.ARM.Collect$$libinit$$0000000C)
    .ARM.Collect$$libinit$$0000000E          0x080001a6   Section        0  libinit2.o(.ARM.Collect$$libinit$$0000000E)
    .ARM.Collect$$libinit$$00000011          0x080001a6   Section        0  libinit2.o(.ARM.Collect$$libinit$$00000011)
    .ARM.Collect$$libinit$$00000013          0x080001a6   Section        0  libinit2.o(.ARM.Collect$$libinit$$00000013)
    .ARM.Collect$$libinit$$00000015          0x080001a6   Section        0  libinit2.o(.ARM.Collect$$libinit$$00000015)
    .ARM.Collect$$libinit$$00000017          0x080001a6   Section        0  libinit2.o(.ARM.Collect$$libinit$$00000017)
    .ARM.Collect$$libinit$$00000019          0x080001a6   Section        0  libinit2.o(.ARM.Collect$$libinit$$00000019)
    .ARM.Collect$$libinit$$0000001B          0x080001a6   Section        0  libinit2.o(.ARM.Collect$$libinit$$0000001B)
    .ARM.Collect$$libinit$$0000001D          0x080001a6   Section        0  libinit2.o(.ARM.Collect$$libinit$$0000001D)
    .ARM.Collect$$libinit$$0000001F          0x080001a6   Section        0  libinit2.o(.ARM.Collect$$libinit$$0000001F)
    .ARM.Collect$$libinit$$00000021          0x080001a6   Section        0  libinit2.o(.ARM.Collect$$libinit$$00000021)
    .ARM.Collect$$libinit$$00000023          0x080001a6   Section        0  libinit2.o(.ARM.Collect$$libinit$$00000023)
    .ARM.Collect$$libinit$$00000025          0x080001a6   Section        0  libinit2.o(.ARM.Collect$$libinit$$00000025)
    .ARM.Collect$$libinit$$0000002C          0x080001a6   Section        0  libinit2.o(.ARM.Collect$$libinit$$0000002C)
    .ARM.Collect$$libinit$$0000002E          0x080001a6   Section        0  libinit2.o(.ARM.Collect$$libinit$$0000002E)
    .ARM.Collect$$libinit$$00000030          0x080001a6   Section        0  libinit2.o(.ARM.Collect$$libinit$$00000030)
    .ARM.Collect$$libinit$$00000032          0x080001a6   Section        0  libinit2.o(.ARM.Collect$$libinit$$00000032)
    .ARM.Collect$$libinit$$00000033          0x080001a6   Section        2  libinit2.o(.ARM.Collect$$libinit$$00000033)
    .ARM.Collect$$libshutdown$$00000000      0x080001a8   Section        2  libshutdown.o(.ARM.Collect$$libshutdown$$00000000)
    .ARM.Collect$$libshutdown$$00000003      0x080001aa   Section        0  libshutdown2.o(.ARM.Collect$$libshutdown$$00000003)
    .ARM.Collect$$libshutdown$$00000006      0x080001aa   Section        0  libshutdown2.o(.ARM.Collect$$libshutdown$$00000006)
    .ARM.Collect$$libshutdown$$00000009      0x080001aa   Section        0  libshutdown2.o(.ARM.Collect$$libshutdown$$00000009)
    .ARM.Collect$$libshutdown$$0000000B      0x080001aa   Section        0  libshutdown2.o(.ARM.Collect$$libshutdown$$0000000B)
    .ARM.Collect$$libshutdown$$0000000E      0x080001aa   Section        0  libshutdown2.o(.ARM.Collect$$libshutdown$$0000000E)
    .ARM.Collect$$libshutdown$$0000000F      0x080001aa   Section        2  libshutdown2.o(.ARM.Collect$$libshutdown$$0000000F)
    .ARM.Collect$$rtentry$$00000000          0x080001ac   Section        0  __rtentry.o(.ARM.Collect$$rtentry$$00000000)
    .ARM.Collect$$rtentry$$00000002          0x080001ac   Section        0  __rtentry2.o(.ARM.Collect$$rtentry$$00000002)
    .ARM.Collect$$rtentry$$00000004          0x080001ac   Section        6  __rtentry4.o(.ARM.Collect$$rtentry$$00000004)
    .ARM.Collect$$rtentry$$00000009          0x080001b2   Section        0  __rtentry2.o(.ARM.Collect$$rtentry$$00000009)
    .ARM.Collect$$rtentry$$0000000A          0x080001b2   Section        4  __rtentry2.o(.ARM.Collect$$rtentry$$0000000A)
    .ARM.Collect$$rtentry$$0000000C          0x080001b6   Section        0  __rtentry2.o(.ARM.Collect$$rtentry$$0000000C)
    .ARM.Collect$$rtentry$$0000000D          0x080001b6   Section        8  __rtentry2.o(.ARM.Collect$$rtentry$$0000000D)
    .ARM.Collect$$rtexit$$00000000           0x080001be   Section        2  rtexit.o(.ARM.Collect$$rtexit$$00000000)
    .ARM.Collect$$rtexit$$00000002           0x080001c0   Section        0  rtexit2.o(.ARM.Collect$$rtexit$$00000002)
    .ARM.Collect$$rtexit$$00000003           0x080001c0   Section        4  rtexit2.o(.ARM.Collect$$rtexit$$00000003)
    .ARM.Collect$$rtexit$$00000004           0x080001c4   Section        6  rtexit2.o(.ARM.Collect$$rtexit$$00000004)
    .text                                    0x080001cc   Section       64  startup_stm32f10x_hd.o(.text)
    .text                                    0x0800020c   Section        2  use_no_semi_2.o(.text)
    .text                                    0x08000210   Section      128  strcmpv7m.o(.text)
    .text                                    0x08000290   Section        0  heapauxi.o(.text)
    .text                                    0x08000296   Section        2  use_no_semi.o(.text)
    .text                                    0x08000298   Section       74  sys_stackheap_outer.o(.text)
    .text                                    0x080002e2   Section        0  exit.o(.text)
    .text                                    0x080002f0   Section        8  libspace.o(.text)
    i.Address_set                            0x080002f8   Section        0  lcd.o(i.Address_set)
    i.BusFault_Handler                       0x08000352   Section        0  stm32f10x_it.o(i.BusFault_Handler)
    i.CLR_Buf1                               0x08000358   Section        0  usart.o(i.CLR_Buf1)
    i.CLR_Buf2                               0x0800037c   Section        0  usart.o(i.CLR_Buf2)
    i.CLR_Buf3                               0x080003a0   Section        0  usart.o(i.CLR_Buf3)
    i.Connect_wifi                           0x080003c4   Section        0  wifi.o(i.Connect_wifi)
    i.DebugMon_Handler                       0x08000768   Section        0  stm32f10x_it.o(i.DebugMon_Handler)
    i.EXTI1_IRQHandler                       0x0800076c   Section        0  exti.o(i.EXTI1_IRQHandler)
    i.EXTI4_IRQHandler                       0x080007b4   Section        0  exti.o(i.EXTI4_IRQHandler)
    i.EXTI9_5_IRQHandler                     0x080007fc   Section        0  exti.o(i.EXTI9_5_IRQHandler)
    i.EXTIX_Init                             0x08000884   Section        0  exti.o(i.EXTIX_Init)
    i.EXTI_ClearITPendingBit                 0x0800095c   Section        0  stm32f10x_exti.o(i.EXTI_ClearITPendingBit)
    i.EXTI_Init                              0x08000968   Section        0  stm32f10x_exti.o(i.EXTI_Init)
    i.FLASH_ErasePage                        0x080009fc   Section        0  stm32f10x_flash.o(i.FLASH_ErasePage)
    i.FLASH_GetBank1Status                   0x08000a48   Section        0  stm32f10x_flash.o(i.FLASH_GetBank1Status)
    i.FLASH_Lock                             0x08000a7c   Section        0  stm32f10x_flash.o(i.FLASH_Lock)
    i.FLASH_ProgramHalfWord                  0x08000a90   Section        0  stm32f10x_flash.o(i.FLASH_ProgramHalfWord)
    i.FLASH_Unlock                           0x08000ad0   Section        0  stm32f10x_flash.o(i.FLASH_Unlock)
    i.FLASH_WaitForLastOperation             0x08000ae8   Section        0  stm32f10x_flash.o(i.FLASH_WaitForLastOperation)
    i.GPIO_Configuration                     0x08000b10   Section        0  gpio.o(i.GPIO_Configuration)
    i.GPIO_EXTILineConfig                    0x08000bb0   Section        0  stm32f10x_gpio.o(i.GPIO_EXTILineConfig)
    i.GPIO_Init                              0x08000bf0   Section        0  stm32f10x_gpio.o(i.GPIO_Init)
    i.GPIO_PinRemapConfig                    0x08000d08   Section        0  stm32f10x_gpio.o(i.GPIO_PinRemapConfig)
    i.GPIO_ReadInputDataBit                  0x08000d98   Section        0  stm32f10x_gpio.o(i.GPIO_ReadInputDataBit)
    i.GPIO_ResetBits                         0x08000daa   Section        0  stm32f10x_gpio.o(i.GPIO_ResetBits)
    i.GPIO_SetBits                           0x08000dae   Section        0  stm32f10x_gpio.o(i.GPIO_SetBits)
    i.GPIO_StructInit                        0x08000db2   Section        0  stm32f10x_gpio.o(i.GPIO_StructInit)
    i.Get_data_len                           0x08000dc2   Section        0  main.o(i.Get_data_len)
    i.HardFault_Handler                      0x08000dd4   Section        0  stm32f10x_it.o(i.HardFault_Handler)
    i.KEY_Init                               0x08000dd8   Section        0  exti.o(i.KEY_Init)
    i.LCD_Clear                              0x08000dfc   Section        0  lcd.o(i.LCD_Clear)
    i.LCD_DrawLine                           0x08000e2c   Section        0  lcd.o(i.LCD_DrawLine)
    i.LCD_DrawPoint                          0x08000ed4   Section        0  lcd.o(i.LCD_DrawPoint)
    i.LCD_DrawRectangle                      0x08000ef4   Section        0  lcd.o(i.LCD_DrawRectangle)
    i.LCD_Fill                               0x08000f34   Section        0  lcd.o(i.LCD_Fill)
    i.LCD_ShowChar                           0x08000f74   Section        0  lcd.o(i.LCD_ShowChar)
    i.LCD_ShowString                         0x08001058   Section        0  lcd.o(i.LCD_ShowString)
    i.LCD_Show_Chinese16x16                  0x08001096   Section        0  lcd.o(i.LCD_Show_Chinese16x16)
    i.LCD_Show_One_Chinese16x16              0x080010c0   Section        0  lcd.o(i.LCD_Show_One_Chinese16x16)
    i.LCD_WR_DATA                            0x08001174   Section        0  lcd.o(i.LCD_WR_DATA)
    i.LCD_WR_DATA8                           0x08001194   Section        0  lcd.o(i.LCD_WR_DATA8)
    i.LCD_WR_REG                             0x080011ac   Section        0  lcd.o(i.LCD_WR_REG)
    i.LCD_Writ_Bus                           0x080011c4   Section        0  lcd.o(i.LCD_Writ_Bus)
    i.Lcd_Init                               0x080011d0   Section        0  lcd.o(i.Lcd_Init)
    i.MemManage_Handler                      0x08001424   Section        0  stm32f10x_it.o(i.MemManage_Handler)
    i.NMI_Handler                            0x08001428   Section        0  stm32f10x_it.o(i.NMI_Handler)
    i.NVIC_Configuration                     0x0800142a   Section        0  sys.o(i.NVIC_Configuration)
    i.NVIC_Init                              0x08001438   Section        0  misc.o(i.NVIC_Init)
    i.NVIC_PriorityGroupConfig               0x080014a8   Section        0  misc.o(i.NVIC_PriorityGroupConfig)
    i.PendSV_Handler                         0x080014bc   Section        0  stm32f10x_it.o(i.PendSV_Handler)
    i.Query                                  0x080014be   Section        0  wifi.o(i.Query)
    i.RCC_APB1PeriphClockCmd                 0x08001520   Section        0  stm32f10x_rcc.o(i.RCC_APB1PeriphClockCmd)
    i.RCC_APB2PeriphClockCmd                 0x08001540   Section        0  stm32f10x_rcc.o(i.RCC_APB2PeriphClockCmd)
    i.RCC_GetClocksFreq                      0x08001560   Section        0  stm32f10x_rcc.o(i.RCC_GetClocksFreq)
    i.SPI2_Init                              0x08001634   Section        0  spi.o(i.SPI2_Init)
    i.SPI2_ReadWriteByte                     0x080016bc   Section        0  spi.o(i.SPI2_ReadWriteByte)
    i.SPI_Cmd                                0x08001710   Section        0  stm32f10x_spi.o(i.SPI_Cmd)
    i.SPI_I2S_GetFlagStatus                  0x08001728   Section        0  stm32f10x_spi.o(i.SPI_I2S_GetFlagStatus)
    i.SPI_I2S_ReceiveData                    0x0800173a   Section        0  stm32f10x_spi.o(i.SPI_I2S_ReceiveData)
    i.SPI_I2S_SendData                       0x08001740   Section        0  stm32f10x_spi.o(i.SPI_I2S_SendData)
    i.SPI_Init                               0x08001744   Section        0  stm32f10x_spi.o(i.SPI_Init)
    i.STMFLASH_Read                          0x08001780   Section        0  stmflash.o(i.STMFLASH_Read)
    i.STMFLASH_ReadHalfWord                  0x080017a2   Section        0  stmflash.o(i.STMFLASH_ReadHalfWord)
    i.STMFLASH_Write                         0x080017a8   Section        0  stmflash.o(i.STMFLASH_Write)
    i.STMFLASH_Write_NoCheck                 0x08001890   Section        0  stmflash.o(i.STMFLASH_Write_NoCheck)
    i.SVC_Handler                            0x080018b6   Section        0  stm32f10x_it.o(i.SVC_Handler)
    i.SetSysClock                            0x080018b8   Section        0  system_stm32f10x.o(i.SetSysClock)
    SetSysClock                              0x080018b9   Thumb Code     8  system_stm32f10x.o(i.SetSysClock)
    i.SetSysClockTo72                        0x080018c0   Section        0  system_stm32f10x.o(i.SetSysClockTo72)
    SetSysClockTo72                          0x080018c1   Thumb Code   214  system_stm32f10x.o(i.SetSysClockTo72)
    i.Set_Motor_PWM                          0x080019a0   Section        0  motor.o(i.Set_Motor_PWM)
    i.SysTick_CLKSourceConfig                0x080019b0   Section        0  misc.o(i.SysTick_CLKSourceConfig)
    i.SysTick_Handler                        0x080019d8   Section        0  stm32f10x_it.o(i.SysTick_Handler)
    i.SystemInit                             0x080019dc   Section        0  system_stm32f10x.o(i.SystemInit)
    i.TIM2_PWM_Init                          0x08001a3c   Section        0  timer.o(i.TIM2_PWM_Init)
    i.TIM3_IRQHandler                        0x08001ad0   Section        0  timer.o(i.TIM3_IRQHandler)
    i.TIM3_Int_Init                          0x08001ba0   Section        0  timer.o(i.TIM3_Int_Init)
    i.TIM_ClearITPendingBit                  0x08001c00   Section        0  stm32f10x_tim.o(i.TIM_ClearITPendingBit)
    i.TIM_Cmd                                0x08001c06   Section        0  stm32f10x_tim.o(i.TIM_Cmd)
    i.TIM_GetITStatus                        0x08001c1e   Section        0  stm32f10x_tim.o(i.TIM_GetITStatus)
    i.TIM_ITConfig                           0x08001c40   Section        0  stm32f10x_tim.o(i.TIM_ITConfig)
    i.TIM_OC1Init                            0x08001c54   Section        0  stm32f10x_tim.o(i.TIM_OC1Init)
    i.TIM_OC1PreloadConfig                   0x08001cec   Section        0  stm32f10x_tim.o(i.TIM_OC1PreloadConfig)
    i.TIM_OC2Init                            0x08001d00   Section        0  stm32f10x_tim.o(i.TIM_OC2Init)
    i.TIM_OC2PreloadConfig                   0x08001da4   Section        0  stm32f10x_tim.o(i.TIM_OC2PreloadConfig)
    i.TIM_SetCompare1                        0x08001dbe   Section        0  stm32f10x_tim.o(i.TIM_SetCompare1)
    i.TIM_SetCompare2                        0x08001dc2   Section        0  stm32f10x_tim.o(i.TIM_SetCompare2)
    i.TIM_TimeBaseInit                       0x08001dc8   Section        0  stm32f10x_tim.o(i.TIM_TimeBaseInit)
    i.USART1TxChar                           0x08001e6c   Section        0  usart.o(i.USART1TxChar)
    i.USART1TxStr                            0x08001e8c   Section        0  usart.o(i.USART1TxStr)
    i.USART1_IRQHandler                      0x08001ea4   Section        0  usart.o(i.USART1_IRQHandler)
    i.USART2TxChar                           0x08001f1c   Section        0  usart.o(i.USART2TxChar)
    i.USART2TxStr                            0x08001f3c   Section        0  usart.o(i.USART2TxStr)
    i.USART2_Configuration                   0x08001f54   Section        0  usart.o(i.USART2_Configuration)
    USART2_Configuration                     0x08001f55   Thumb Code    68  usart.o(i.USART2_Configuration)
    i.USART2_GPIO_Configuration              0x08001f9c   Section        0  usart.o(i.USART2_GPIO_Configuration)
    USART2_GPIO_Configuration                0x08001f9d   Thumb Code    56  usart.o(i.USART2_GPIO_Configuration)
    i.USART2_IRQHandler                      0x08001fd8   Section        0  usart.o(i.USART2_IRQHandler)
    i.USART2_NVIC_Configuration              0x0800203c   Section        0  usart.o(i.USART2_NVIC_Configuration)
    USART2_NVIC_Configuration                0x0800203d   Thumb Code    40  usart.o(i.USART2_NVIC_Configuration)
    i.USART2_RCC_Configuration               0x08002064   Section        0  usart.o(i.USART2_RCC_Configuration)
    USART2_RCC_Configuration                 0x08002065   Thumb Code    22  usart.o(i.USART2_RCC_Configuration)
    i.USART3TxChar                           0x08002080   Section        0  usart.o(i.USART3TxChar)
    i.USART3TxData_hex                       0x080020a0   Section        0  usart.o(i.USART3TxData_hex)
    i.USART3_Configuration                   0x080020bc   Section        0  usart.o(i.USART3_Configuration)
    USART3_Configuration                     0x080020bd   Thumb Code    64  usart.o(i.USART3_Configuration)
    i.USART3_GPIO_Configuration              0x08002100   Section        0  usart.o(i.USART3_GPIO_Configuration)
    USART3_GPIO_Configuration                0x08002101   Thumb Code   110  usart.o(i.USART3_GPIO_Configuration)
    i.USART3_IRQHandler                      0x08002178   Section        0  usart.o(i.USART3_IRQHandler)
    i.USART3_NVIC_Configuration              0x080021d4   Section        0  usart.o(i.USART3_NVIC_Configuration)
    USART3_NVIC_Configuration                0x080021d5   Thumb Code    38  usart.o(i.USART3_NVIC_Configuration)
    i.USART_Cmd                              0x080021fa   Section        0  stm32f10x_usart.o(i.USART_Cmd)
    i.USART_GetFlagStatus                    0x08002212   Section        0  stm32f10x_usart.o(i.USART_GetFlagStatus)
    i.USART_GetITStatus                      0x0800222c   Section        0  stm32f10x_usart.o(i.USART_GetITStatus)
    i.USART_ITConfig                         0x08002280   Section        0  stm32f10x_usart.o(i.USART_ITConfig)
    i.USART_Init                             0x080022cc   Section        0  stm32f10x_usart.o(i.USART_Init)
    i.USART_ReceiveData                      0x080023a4   Section        0  stm32f10x_usart.o(i.USART_ReceiveData)
    i.USART_SendData                         0x080023ae   Section        0  stm32f10x_usart.o(i.USART_SendData)
    i.UsageFault_Handler                     0x080023b6   Section        0  stm32f10x_it.o(i.UsageFault_Handler)
    i.Usart1_Init                            0x080023bc   Section        0  usart.o(i.Usart1_Init)
    i.Usart2_Init                            0x08002490   Section        0  usart.o(i.Usart2_Init)
    i.Usart3_Remap_Init                      0x080024a8   Section        0  usart.o(i.Usart3_Remap_Init)
    i._sys_exit                              0x080024e0   Section        0  usart.o(i._sys_exit)
    i.copy_str                               0x080024e6   Section        0  main.o(i.copy_str)
    i.delay_init                             0x080024fc   Section        0  delay.o(i.delay_init)
    i.delay_ms                               0x08002540   Section        0  delay.o(i.delay_ms)
    i.main                                   0x0800258c   Section        0  main.o(i.main)
    i.nowifi_Light                           0x08002b9c   Section        0  main.o(i.nowifi_Light)
    i.senddata                               0x08002cb8   Section        0  main.o(i.senddata)
    i.stm32flash_stroage                     0x08002e48   Section        0  main.o(i.stm32flash_stroage)
    i.wait_OK                                0x080031a4   Section        0  wifi.o(i.wait_OK)
    i.wait_OK_WIFI                           0x080031dc   Section        0  wifi.o(i.wait_OK_WIFI)
    .constdata                               0x08003214   Section     3798  lcd.o(.constdata)
    .data                                    0x20000000   Section      171  main.o(.data)
    .data                                    0x200000ac   Section       20  system_stm32f10x.o(.data)
    .data                                    0x200000c0   Section        4  delay.o(.data)
    fac_us                                   0x200000c0   Data           1  delay.o(.data)
    fac_ms                                   0x200000c2   Data           2  delay.o(.data)
    .data                                    0x200000c4   Section       22  usart.o(.data)
    .data                                    0x200000da   Section        7  timer.o(.data)
    .data                                    0x200000e1   Section       20  stm32f10x_rcc.o(.data)
    APBAHBPrescTable                         0x200000e1   Data          16  stm32f10x_rcc.o(.data)
    ADCPrescTable                            0x200000f1   Data           4  stm32f10x_rcc.o(.data)
    .data                                    0x200000f8   Section       28  lcd.o(.data)
    .data                                    0x20000114   Section        1  exti.o(.data)
    .data                                    0x20000115   Section        4  wifi.o(.data)
    .bss                                     0x2000011c   Section      150  main.o(.bss)
    .bss                                     0x200001b2   Section     1550  usart.o(.bss)
    .bss                                     0x200007c0   Section     2048  stmflash.o(.bss)
    .bss                                     0x20000fc0   Section       96  libspace.o(.bss)
    HEAP                                     0x20001020   Section      512  startup_stm32f10x_hd.o(HEAP)
    Heap_Mem                                 0x20001020   Data         512  startup_stm32f10x_hd.o(HEAP)
    STACK                                    0x20001220   Section     1024  startup_stm32f10x_hd.o(STACK)
    Stack_Mem                                0x20001220   Data        1024  startup_stm32f10x_hd.o(STACK)
    __initial_sp                             0x20001620   Data           0  startup_stm32f10x_hd.o(STACK)

    Global Symbols

    Symbol Name                              Value     Ov Type        Size  Object(Section)

    BuildAttributes$$THM_ISAv4$P$D$K$B$S$PE$A:L22UL41UL21$X:L11$S22US41US21$IEEE1$IW$USESV6$~STKCKD$USESV7$~SHL$OSPACE$ROPI$EBA8$UX$STANDARDLIB$REQ8$PRES8$EABIv2 0x00000000   Number         0  anon$$obj.o ABSOLUTE
    __ARM_use_no_argv                        0x00000000   Number         0  main.o ABSOLUTE
    __ARM_exceptions_init                     - Undefined Weak Reference
    __alloca_initialize                       - Undefined Weak Reference
    __arm_preinit_                            - Undefined Weak Reference
    __cpp_initialize__aeabi_                  - Undefined Weak Reference
    __cxa_finalize                            - Undefined Weak Reference
    __rt_locale                               - Undefined Weak Reference
    __sigvec_lookup                           - Undefined Weak Reference
    _atexit_init                              - Undefined Weak Reference
    _call_atexit_fns                          - Undefined Weak Reference
    _clock_init                               - Undefined Weak Reference
    _fp_trap_init                             - Undefined Weak Reference
    _fp_trap_shutdown                         - Undefined Weak Reference
    _get_lc_collate                           - Undefined Weak Reference
    _get_lc_ctype                             - Undefined Weak Reference
    _get_lc_monetary                          - Undefined Weak Reference
    _get_lc_numeric                           - Undefined Weak Reference
    _get_lc_time                              - Undefined Weak Reference
    _getenv_init                              - Undefined Weak Reference
    _handle_redirection                       - Undefined Weak Reference
    _init_alloc                               - Undefined Weak Reference
    _init_user_alloc                          - Undefined Weak Reference
    _initio                                   - Undefined Weak Reference
    _rand_init                                - Undefined Weak Reference
    _signal_finish                            - Undefined Weak Reference
    _signal_init                              - Undefined Weak Reference
    _terminate_alloc                          - Undefined Weak Reference
    _terminate_user_alloc                     - Undefined Weak Reference
    _terminateio                              - Undefined Weak Reference
    __Vectors_Size                           0x00000130   Number         0  startup_stm32f10x_hd.o ABSOLUTE
    __Vectors                                0x08000000   Data           4  startup_stm32f10x_hd.o(RESET)
    __Vectors_End                            0x08000130   Data           0  startup_stm32f10x_hd.o(RESET)
    __main                                   0x08000131   Thumb Code     8  __main.o(!!!main)
    __scatterload                            0x08000139   Thumb Code     0  __scatter.o(!!!scatter)
    __scatterload_rt2                        0x08000139   Thumb Code    44  __scatter.o(!!!scatter)
    __scatterload_rt2_thumb_only             0x08000139   Thumb Code     0  __scatter.o(!!!scatter)
    __scatterload_null                       0x08000147   Thumb Code     0  __scatter.o(!!!scatter)
    __scatterload_copy                       0x0800016d   Thumb Code    26  __scatter_copy.o(!!handler_copy)
    __scatterload_zeroinit                   0x08000189   Thumb Code    28  __scatter_zi.o(!!handler_zi)
    __rt_lib_init                            0x080001a5   Thumb Code     0  libinit.o(.ARM.Collect$$libinit$$00000000)
    __rt_lib_init_alloca_1                   0x080001a7   Thumb Code     0  libinit2.o(.ARM.Collect$$libinit$$0000002E)
    __rt_lib_init_argv_1                     0x080001a7   Thumb Code     0  libinit2.o(.ARM.Collect$$libinit$$0000002C)
    __rt_lib_init_atexit_1                   0x080001a7   Thumb Code     0  libinit2.o(.ARM.Collect$$libinit$$0000001B)
    __rt_lib_init_clock_1                    0x080001a7   Thumb Code     0  libinit2.o(.ARM.Collect$$libinit$$00000021)
    __rt_lib_init_cpp_1                      0x080001a7   Thumb Code     0  libinit2.o(.ARM.Collect$$libinit$$00000032)
    __rt_lib_init_exceptions_1               0x080001a7   Thumb Code     0  libinit2.o(.ARM.Collect$$libinit$$00000030)
    __rt_lib_init_fp_1                       0x080001a7   Thumb Code     0  libinit2.o(.ARM.Collect$$libinit$$00000002)
    __rt_lib_init_fp_trap_1                  0x080001a7   Thumb Code     0  libinit2.o(.ARM.Collect$$libinit$$0000001F)
    __rt_lib_init_getenv_1                   0x080001a7   Thumb Code     0  libinit2.o(.ARM.Collect$$libinit$$00000023)
    __rt_lib_init_heap_1                     0x080001a7   Thumb Code     0  libinit2.o(.ARM.Collect$$libinit$$0000000A)
    __rt_lib_init_lc_collate_1               0x080001a7   Thumb Code     0  libinit2.o(.ARM.Collect$$libinit$$00000011)
    __rt_lib_init_lc_ctype_1                 0x080001a7   Thumb Code     0  libinit2.o(.ARM.Collect$$libinit$$00000013)
    __rt_lib_init_lc_monetary_1              0x080001a7   Thumb Code     0  libinit2.o(.ARM.Collect$$libinit$$00000015)
    __rt_lib_init_lc_numeric_1               0x080001a7   Thumb Code     0  libinit2.o(.ARM.Collect$$libinit$$00000017)
    __rt_lib_init_lc_time_1                  0x080001a7   Thumb Code     0  libinit2.o(.ARM.Collect$$libinit$$00000019)
    __rt_lib_init_preinit_1                  0x080001a7   Thumb Code     0  libinit2.o(.ARM.Collect$$libinit$$00000004)
    __rt_lib_init_rand_1                     0x080001a7   Thumb Code     0  libinit2.o(.ARM.Collect$$libinit$$0000000E)
    __rt_lib_init_return                     0x080001a7   Thumb Code     0  libinit2.o(.ARM.Collect$$libinit$$00000033)
    __rt_lib_init_signal_1                   0x080001a7   Thumb Code     0  libinit2.o(.ARM.Collect$$libinit$$0000001D)
    __rt_lib_init_stdio_1                    0x080001a7   Thumb Code     0  libinit2.o(.ARM.Collect$$libinit$$00000025)
    __rt_lib_init_user_alloc_1               0x080001a7   Thumb Code     0  libinit2.o(.ARM.Collect$$libinit$$0000000C)
    __rt_lib_shutdown                        0x080001a9   Thumb Code     0  libshutdown.o(.ARM.Collect$$libshutdown$$00000000)
    __rt_lib_shutdown_fp_trap_1              0x080001ab   Thumb Code     0  libshutdown2.o(.ARM.Collect$$libshutdown$$00000006)
    __rt_lib_shutdown_heap_1                 0x080001ab   Thumb Code     0  libshutdown2.o(.ARM.Collect$$libshutdown$$0000000E)
    __rt_lib_shutdown_return                 0x080001ab   Thumb Code     0  libshutdown2.o(.ARM.Collect$$libshutdown$$0000000F)
    __rt_lib_shutdown_signal_1               0x080001ab   Thumb Code     0  libshutdown2.o(.ARM.Collect$$libshutdown$$00000009)
    __rt_lib_shutdown_stdio_1                0x080001ab   Thumb Code     0  libshutdown2.o(.ARM.Collect$$libshutdown$$00000003)
    __rt_lib_shutdown_user_alloc_1           0x080001ab   Thumb Code     0  libshutdown2.o(.ARM.Collect$$libshutdown$$0000000B)
    __rt_entry                               0x080001ad   Thumb Code     0  __rtentry.o(.ARM.Collect$$rtentry$$00000000)
    __rt_entry_presh_1                       0x080001ad   Thumb Code     0  __rtentry2.o(.ARM.Collect$$rtentry$$00000002)
    __rt_entry_sh                            0x080001ad   Thumb Code     0  __rtentry4.o(.ARM.Collect$$rtentry$$00000004)
    __rt_entry_li                            0x080001b3   Thumb Code     0  __rtentry2.o(.ARM.Collect$$rtentry$$0000000A)
    __rt_entry_postsh_1                      0x080001b3   Thumb Code     0  __rtentry2.o(.ARM.Collect$$rtentry$$00000009)
    __rt_entry_main                          0x080001b7   Thumb Code     0  __rtentry2.o(.ARM.Collect$$rtentry$$0000000D)
    __rt_entry_postli_1                      0x080001b7   Thumb Code     0  __rtentry2.o(.ARM.Collect$$rtentry$$0000000C)
    __rt_exit                                0x080001bf   Thumb Code     0  rtexit.o(.ARM.Collect$$rtexit$$00000000)
    __rt_exit_ls                             0x080001c1   Thumb Code     0  rtexit2.o(.ARM.Collect$$rtexit$$00000003)
    __rt_exit_prels_1                        0x080001c1   Thumb Code     0  rtexit2.o(.ARM.Collect$$rtexit$$00000002)
    __rt_exit_exit                           0x080001c5   Thumb Code     0  rtexit2.o(.ARM.Collect$$rtexit$$00000004)
    Reset_Handler                            0x080001cd   Thumb Code     8  startup_stm32f10x_hd.o(.text)
    ADC1_2_IRQHandler                        0x080001e7   Thumb Code     0  startup_stm32f10x_hd.o(.text)
    ADC3_IRQHandler                          0x080001e7   Thumb Code     0  startup_stm32f10x_hd.o(.text)
    CAN1_RX1_IRQHandler                      0x080001e7   Thumb Code     0  startup_stm32f10x_hd.o(.text)
    CAN1_SCE_IRQHandler                      0x080001e7   Thumb Code     0  startup_stm32f10x_hd.o(.text)
    DMA1_Channel1_IRQHandler                 0x080001e7   Thumb Code     0  startup_stm32f10x_hd.o(.text)
    DMA1_Channel2_IRQHandler                 0x080001e7   Thumb Code     0  startup_stm32f10x_hd.o(.text)
    DMA1_Channel3_IRQHandler                 0x080001e7   Thumb Code     0  startup_stm32f10x_hd.o(.text)
    DMA1_Channel4_IRQHandler                 0x080001e7   Thumb Code     0  startup_stm32f10x_hd.o(.text)
    DMA1_Channel5_IRQHandler                 0x080001e7   Thumb Code     0  startup_stm32f10x_hd.o(.text)
    DMA1_Channel6_IRQHandler                 0x080001e7   Thumb Code     0  startup_stm32f10x_hd.o(.text)
    DMA1_Channel7_IRQHandler                 0x080001e7   Thumb Code     0  startup_stm32f10x_hd.o(.text)
    DMA2_Channel1_IRQHandler                 0x080001e7   Thumb Code     0  startup_stm32f10x_hd.o(.text)
    DMA2_Channel2_IRQHandler                 0x080001e7   Thumb Code     0  startup_stm32f10x_hd.o(.text)
    DMA2_Channel3_IRQHandler                 0x080001e7   Thumb Code     0  startup_stm32f10x_hd.o(.text)
    DMA2_Channel4_5_IRQHandler               0x080001e7   Thumb Code     0  startup_stm32f10x_hd.o(.text)
    EXTI0_IRQHandler                         0x080001e7   Thumb Code     0  startup_stm32f10x_hd.o(.text)
    EXTI15_10_IRQHandler                     0x080001e7   Thumb Code     0  startup_stm32f10x_hd.o(.text)
    EXTI2_IRQHandler                         0x080001e7   Thumb Code     0  startup_stm32f10x_hd.o(.text)
    EXTI3_IRQHandler                         0x080001e7   Thumb Code     0  startup_stm32f10x_hd.o(.text)
    FLASH_IRQHandler                         0x080001e7   Thumb Code     0  startup_stm32f10x_hd.o(.text)
    FSMC_IRQHandler                          0x080001e7   Thumb Code     0  startup_stm32f10x_hd.o(.text)
    I2C1_ER_IRQHandler                       0x080001e7   Thumb Code     0  startup_stm32f10x_hd.o(.text)
    I2C1_EV_IRQHandler                       0x080001e7   Thumb Code     0  startup_stm32f10x_hd.o(.text)
    I2C2_ER_IRQHandler                       0x080001e7   Thumb Code     0  startup_stm32f10x_hd.o(.text)
    I2C2_EV_IRQHandler                       0x080001e7   Thumb Code     0  startup_stm32f10x_hd.o(.text)
    PVD_IRQHandler                           0x080001e7   Thumb Code     0  startup_stm32f10x_hd.o(.text)
    RCC_IRQHandler                           0x080001e7   Thumb Code     0  startup_stm32f10x_hd.o(.text)
    RTCAlarm_IRQHandler                      0x080001e7   Thumb Code     0  startup_stm32f10x_hd.o(.text)
    RTC_IRQHandler                           0x080001e7   Thumb Code     0  startup_stm32f10x_hd.o(.text)
    SDIO_IRQHandler                          0x080001e7   Thumb Code     0  startup_stm32f10x_hd.o(.text)
    SPI1_IRQHandler                          0x080001e7   Thumb Code     0  startup_stm32f10x_hd.o(.text)
    SPI2_IRQHandler                          0x080001e7   Thumb Code     0  startup_stm32f10x_hd.o(.text)
    SPI3_IRQHandler                          0x080001e7   Thumb Code     0  startup_stm32f10x_hd.o(.text)
    TAMPER_IRQHandler                        0x080001e7   Thumb Code     0  startup_stm32f10x_hd.o(.text)
    TIM1_BRK_IRQHandler                      0x080001e7   Thumb Code     0  startup_stm32f10x_hd.o(.text)
    TIM1_CC_IRQHandler                       0x080001e7   Thumb Code     0  startup_stm32f10x_hd.o(.text)
    TIM1_TRG_COM_IRQHandler                  0x080001e7   Thumb Code     0  startup_stm32f10x_hd.o(.text)
    TIM1_UP_IRQHandler                       0x080001e7   Thumb Code     0  startup_stm32f10x_hd.o(.text)
    TIM2_IRQHandler                          0x080001e7   Thumb Code     0  startup_stm32f10x_hd.o(.text)
    TIM4_IRQHandler                          0x080001e7   Thumb Code     0  startup_stm32f10x_hd.o(.text)
    TIM5_IRQHandler                          0x080001e7   Thumb Code     0  startup_stm32f10x_hd.o(.text)
    TIM6_IRQHandler                          0x080001e7   Thumb Code     0  startup_stm32f10x_hd.o(.text)
    TIM7_IRQHandler                          0x080001e7   Thumb Code     0  startup_stm32f10x_hd.o(.text)
    TIM8_BRK_IRQHandler                      0x080001e7   Thumb Code     0  startup_stm32f10x_hd.o(.text)
    TIM8_CC_IRQHandler                       0x080001e7   Thumb Code     0  startup_stm32f10x_hd.o(.text)
    TIM8_TRG_COM_IRQHandler                  0x080001e7   Thumb Code     0  startup_stm32f10x_hd.o(.text)
    TIM8_UP_IRQHandler                       0x080001e7   Thumb Code     0  startup_stm32f10x_hd.o(.text)
    UART4_IRQHandler                         0x080001e7   Thumb Code     0  startup_stm32f10x_hd.o(.text)
    UART5_IRQHandler                         0x080001e7   Thumb Code     0  startup_stm32f10x_hd.o(.text)
    USBWakeUp_IRQHandler                     0x080001e7   Thumb Code     0  startup_stm32f10x_hd.o(.text)
    USB_HP_CAN1_TX_IRQHandler                0x080001e7   Thumb Code     0  startup_stm32f10x_hd.o(.text)
    USB_LP_CAN1_RX0_IRQHandler               0x080001e7   Thumb Code     0  startup_stm32f10x_hd.o(.text)
    WWDG_IRQHandler                          0x080001e7   Thumb Code     0  startup_stm32f10x_hd.o(.text)
    __user_initial_stackheap                 0x080001e9   Thumb Code     0  startup_stm32f10x_hd.o(.text)
    __use_no_semihosting                     0x0800020d   Thumb Code     2  use_no_semi_2.o(.text)
    strcmp                                   0x08000211   Thumb Code   128  strcmpv7m.o(.text)
    __use_two_region_memory                  0x08000291   Thumb Code     2  heapauxi.o(.text)
    __rt_heap_escrow$2region                 0x08000293   Thumb Code     2  heapauxi.o(.text)
    __rt_heap_expand$2region                 0x08000295   Thumb Code     2  heapauxi.o(.text)
    __I$use$semihosting                      0x08000297   Thumb Code     0  use_no_semi.o(.text)
    __use_no_semihosting_swi                 0x08000297   Thumb Code     2  use_no_semi.o(.text)
    __user_setup_stackheap                   0x08000299   Thumb Code    74  sys_stackheap_outer.o(.text)
    exit                                     0x080002e3   Thumb Code    12  exit.o(.text)
    __user_libspace                          0x080002f1   Thumb Code     8  libspace.o(.text)
    __user_perproc_libspace                  0x080002f1   Thumb Code     0  libspace.o(.text)
    __user_perthread_libspace                0x080002f1   Thumb Code     0  libspace.o(.text)
    Address_set                              0x080002f9   Thumb Code    90  lcd.o(i.Address_set)
    BusFault_Handler                         0x08000353   Thumb Code     4  stm32f10x_it.o(i.BusFault_Handler)
    CLR_Buf1                                 0x08000359   Thumb Code    28  usart.o(i.CLR_Buf1)
    CLR_Buf2                                 0x0800037d   Thumb Code    26  usart.o(i.CLR_Buf2)
    CLR_Buf3                                 0x080003a1   Thumb Code    26  usart.o(i.CLR_Buf3)
    Connect_wifi                             0x080003c5   Thumb Code   480  wifi.o(i.Connect_wifi)
    DebugMon_Handler                         0x08000769   Thumb Code     2  stm32f10x_it.o(i.DebugMon_Handler)
    EXTI1_IRQHandler                         0x0800076d   Thumb Code    58  exti.o(i.EXTI1_IRQHandler)
    EXTI4_IRQHandler                         0x080007b5   Thumb Code    58  exti.o(i.EXTI4_IRQHandler)
    EXTI9_5_IRQHandler                       0x080007fd   Thumb Code   122  exti.o(i.EXTI9_5_IRQHandler)
    EXTIX_Init                               0x08000885   Thumb Code   216  exti.o(i.EXTIX_Init)
    EXTI_ClearITPendingBit                   0x0800095d   Thumb Code     6  stm32f10x_exti.o(i.EXTI_ClearITPendingBit)
    EXTI_Init                                0x08000969   Thumb Code   142  stm32f10x_exti.o(i.EXTI_Init)
    FLASH_ErasePage                          0x080009fd   Thumb Code    72  stm32f10x_flash.o(i.FLASH_ErasePage)
    FLASH_GetBank1Status                     0x08000a49   Thumb Code    48  stm32f10x_flash.o(i.FLASH_GetBank1Status)
    FLASH_Lock                               0x08000a7d   Thumb Code    14  stm32f10x_flash.o(i.FLASH_Lock)
    FLASH_ProgramHalfWord                    0x08000a91   Thumb Code    60  stm32f10x_flash.o(i.FLASH_ProgramHalfWord)
    FLASH_Unlock                             0x08000ad1   Thumb Code    12  stm32f10x_flash.o(i.FLASH_Unlock)
    FLASH_WaitForLastOperation               0x08000ae9   Thumb Code    38  stm32f10x_flash.o(i.FLASH_WaitForLastOperation)
    GPIO_Configuration                       0x08000b11   Thumb Code   150  gpio.o(i.GPIO_Configuration)
    GPIO_EXTILineConfig                      0x08000bb1   Thumb Code    60  stm32f10x_gpio.o(i.GPIO_EXTILineConfig)
    GPIO_Init                                0x08000bf1   Thumb Code   278  stm32f10x_gpio.o(i.GPIO_Init)
    GPIO_PinRemapConfig                      0x08000d09   Thumb Code   138  stm32f10x_gpio.o(i.GPIO_PinRemapConfig)
    GPIO_ReadInputDataBit                    0x08000d99   Thumb Code    18  stm32f10x_gpio.o(i.GPIO_ReadInputDataBit)
    GPIO_ResetBits                           0x08000dab   Thumb Code     4  stm32f10x_gpio.o(i.GPIO_ResetBits)
    GPIO_SetBits                             0x08000daf   Thumb Code     4  stm32f10x_gpio.o(i.GPIO_SetBits)
    GPIO_StructInit                          0x08000db3   Thumb Code    16  stm32f10x_gpio.o(i.GPIO_StructInit)
    Get_data_len                             0x08000dc3   Thumb Code    18  main.o(i.Get_data_len)
    HardFault_Handler                        0x08000dd5   Thumb Code     4  stm32f10x_it.o(i.HardFault_Handler)
    KEY_Init                                 0x08000dd9   Thumb Code    32  exti.o(i.KEY_Init)
    LCD_Clear                                0x08000dfd   Thumb Code    48  lcd.o(i.LCD_Clear)
    LCD_DrawLine                             0x08000e2d   Thumb Code   168  lcd.o(i.LCD_DrawLine)
    LCD_DrawPoint                            0x08000ed5   Thumb Code    28  lcd.o(i.LCD_DrawPoint)
    LCD_DrawRectangle                        0x08000ef5   Thumb Code    64  lcd.o(i.LCD_DrawRectangle)
    LCD_Fill                                 0x08000f35   Thumb Code    62  lcd.o(i.LCD_Fill)
    LCD_ShowChar                             0x08000f75   Thumb Code   216  lcd.o(i.LCD_ShowChar)
    LCD_ShowString                           0x08001059   Thumb Code    62  lcd.o(i.LCD_ShowString)
    LCD_Show_Chinese16x16                    0x08001097   Thumb Code    42  lcd.o(i.LCD_Show_Chinese16x16)
    LCD_Show_One_Chinese16x16                0x080010c1   Thumb Code   168  lcd.o(i.LCD_Show_One_Chinese16x16)
    LCD_WR_DATA                              0x08001175   Thumb Code    28  lcd.o(i.LCD_WR_DATA)
    LCD_WR_DATA8                             0x08001195   Thumb Code    20  lcd.o(i.LCD_WR_DATA8)
    LCD_WR_REG                               0x080011ad   Thumb Code    20  lcd.o(i.LCD_WR_REG)
    LCD_Writ_Bus                             0x080011c5   Thumb Code    12  lcd.o(i.LCD_Writ_Bus)
    Lcd_Init                                 0x080011d1   Thumb Code   590  lcd.o(i.Lcd_Init)
    MemManage_Handler                        0x08001425   Thumb Code     4  stm32f10x_it.o(i.MemManage_Handler)
    NMI_Handler                              0x08001429   Thumb Code     2  stm32f10x_it.o(i.NMI_Handler)
    NVIC_Configuration                       0x0800142b   Thumb Code    12  sys.o(i.NVIC_Configuration)
    NVIC_Init                                0x08001439   Thumb Code   100  misc.o(i.NVIC_Init)
    NVIC_PriorityGroupConfig                 0x080014a9   Thumb Code    10  misc.o(i.NVIC_PriorityGroupConfig)
    PendSV_Handler                           0x080014bd   Thumb Code     2  stm32f10x_it.o(i.PendSV_Handler)
    Query                                    0x080014bf   Thumb Code    98  wifi.o(i.Query)
    RCC_APB1PeriphClockCmd                   0x08001521   Thumb Code    26  stm32f10x_rcc.o(i.RCC_APB1PeriphClockCmd)
    RCC_APB2PeriphClockCmd                   0x08001541   Thumb Code    26  stm32f10x_rcc.o(i.RCC_APB2PeriphClockCmd)
    RCC_GetClocksFreq                        0x08001561   Thumb Code   192  stm32f10x_rcc.o(i.RCC_GetClocksFreq)
    SPI2_Init                                0x08001635   Thumb Code   128  spi.o(i.SPI2_Init)
    SPI2_ReadWriteByte                       0x080016bd   Thumb Code    78  spi.o(i.SPI2_ReadWriteByte)
    SPI_Cmd                                  0x08001711   Thumb Code    24  stm32f10x_spi.o(i.SPI_Cmd)
    SPI_I2S_GetFlagStatus                    0x08001729   Thumb Code    18  stm32f10x_spi.o(i.SPI_I2S_GetFlagStatus)
    SPI_I2S_ReceiveData                      0x0800173b   Thumb Code     6  stm32f10x_spi.o(i.SPI_I2S_ReceiveData)
    SPI_I2S_SendData                         0x08001741   Thumb Code     4  stm32f10x_spi.o(i.SPI_I2S_SendData)
    SPI_Init                                 0x08001745   Thumb Code    60  stm32f10x_spi.o(i.SPI_Init)
    STMFLASH_Read                            0x08001781   Thumb Code    34  stmflash.o(i.STMFLASH_Read)
    STMFLASH_ReadHalfWord                    0x080017a3   Thumb Code     6  stmflash.o(i.STMFLASH_ReadHalfWord)
    STMFLASH_Write                           0x080017a9   Thumb Code   222  stmflash.o(i.STMFLASH_Write)
    STMFLASH_Write_NoCheck                   0x08001891   Thumb Code    38  stmflash.o(i.STMFLASH_Write_NoCheck)
    SVC_Handler                              0x080018b7   Thumb Code     2  stm32f10x_it.o(i.SVC_Handler)
    Set_Motor_PWM                            0x080019a1   Thumb Code    16  motor.o(i.Set_Motor_PWM)
    SysTick_CLKSourceConfig                  0x080019b1   Thumb Code    40  misc.o(i.SysTick_CLKSourceConfig)
    SysTick_Handler                          0x080019d9   Thumb Code     2  stm32f10x_it.o(i.SysTick_Handler)
    SystemInit                               0x080019dd   Thumb Code    78  system_stm32f10x.o(i.SystemInit)
    TIM2_PWM_Init                            0x08001a3d   Thumb Code   144  timer.o(i.TIM2_PWM_Init)
    TIM3_IRQHandler                          0x08001ad1   Thumb Code   168  timer.o(i.TIM3_IRQHandler)
    TIM3_Int_Init                            0x08001ba1   Thumb Code    90  timer.o(i.TIM3_Int_Init)
    TIM_ClearITPendingBit                    0x08001c01   Thumb Code     6  stm32f10x_tim.o(i.TIM_ClearITPendingBit)
    TIM_Cmd                                  0x08001c07   Thumb Code    24  stm32f10x_tim.o(i.TIM_Cmd)
    TIM_GetITStatus                          0x08001c1f   Thumb Code    34  stm32f10x_tim.o(i.TIM_GetITStatus)
    TIM_ITConfig                             0x08001c41   Thumb Code    18  stm32f10x_tim.o(i.TIM_ITConfig)
    TIM_OC1Init                              0x08001c55   Thumb Code   132  stm32f10x_tim.o(i.TIM_OC1Init)
    TIM_OC1PreloadConfig                     0x08001ced   Thumb Code    18  stm32f10x_tim.o(i.TIM_OC1PreloadConfig)
    TIM_OC2Init                              0x08001d01   Thumb Code   154  stm32f10x_tim.o(i.TIM_OC2Init)
    TIM_OC2PreloadConfig                     0x08001da5   Thumb Code    26  stm32f10x_tim.o(i.TIM_OC2PreloadConfig)
    TIM_SetCompare1                          0x08001dbf   Thumb Code     4  stm32f10x_tim.o(i.TIM_SetCompare1)
    TIM_SetCompare2                          0x08001dc3   Thumb Code     4  stm32f10x_tim.o(i.TIM_SetCompare2)
    TIM_TimeBaseInit                         0x08001dc9   Thumb Code   122  stm32f10x_tim.o(i.TIM_TimeBaseInit)
    USART1TxChar                             0x08001e6d   Thumb Code    28  usart.o(i.USART1TxChar)
    USART1TxStr                              0x08001e8d   Thumb Code    22  usart.o(i.USART1TxStr)
    USART1_IRQHandler                        0x08001ea5   Thumb Code   100  usart.o(i.USART1_IRQHandler)
    USART2TxChar                             0x08001f1d   Thumb Code    28  usart.o(i.USART2TxChar)
    USART2TxStr                              0x08001f3d   Thumb Code    22  usart.o(i.USART2TxStr)
    USART2_IRQHandler                        0x08001fd9   Thumb Code    84  usart.o(i.USART2_IRQHandler)
    USART3TxChar                             0x08002081   Thumb Code    28  usart.o(i.USART3TxChar)
    USART3TxData_hex                         0x080020a1   Thumb Code    26  usart.o(i.USART3TxData_hex)
    USART3_IRQHandler                        0x08002179   Thumb Code    70  usart.o(i.USART3_IRQHandler)
    USART_Cmd                                0x080021fb   Thumb Code    24  stm32f10x_usart.o(i.USART_Cmd)
    USART_GetFlagStatus                      0x08002213   Thumb Code    26  stm32f10x_usart.o(i.USART_GetFlagStatus)
    USART_GetITStatus                        0x0800222d   Thumb Code    84  stm32f10x_usart.o(i.USART_GetITStatus)
    USART_ITConfig                           0x08002281   Thumb Code    74  stm32f10x_usart.o(i.USART_ITConfig)
    USART_Init                               0x080022cd   Thumb Code   210  stm32f10x_usart.o(i.USART_Init)
    USART_ReceiveData                        0x080023a5   Thumb Code    10  stm32f10x_usart.o(i.USART_ReceiveData)
    USART_SendData                           0x080023af   Thumb Code     8  stm32f10x_usart.o(i.USART_SendData)
    UsageFault_Handler                       0x080023b7   Thumb Code     4  stm32f10x_it.o(i.UsageFault_Handler)
    Usart1_Init                              0x080023bd   Thumb Code   198  usart.o(i.Usart1_Init)
    Usart2_Init                              0x08002491   Thumb Code    24  usart.o(i.Usart2_Init)
    Usart3_Remap_Init                        0x080024a9   Thumb Code    46  usart.o(i.Usart3_Remap_Init)
    _sys_exit                                0x080024e1   Thumb Code     6  usart.o(i._sys_exit)
    copy_str                                 0x080024e7   Thumb Code    22  main.o(i.copy_str)
    delay_init                               0x080024fd   Thumb Code    50  delay.o(i.delay_init)
    delay_ms                                 0x08002541   Thumb Code    72  delay.o(i.delay_ms)
    main                                     0x0800258d   Thumb Code  1482  main.o(i.main)
    nowifi_Light                             0x08002b9d   Thumb Code   240  main.o(i.nowifi_Light)
    senddata                                 0x08002cb9   Thumb Code   344  main.o(i.senddata)
    stm32flash_stroage                       0x08002e49   Thumb Code   822  main.o(i.stm32flash_stroage)
    wait_OK                                  0x080031a5   Thumb Code    48  wifi.o(i.wait_OK)
    wait_OK_WIFI                             0x080031dd   Thumb Code    48  wifi.o(i.wait_OK_WIFI)
    asc2_1608                                0x08003214   Data        1520  lcd.o(.constdata)
    codeGB_16x16                             0x08003804   Data        2278  lcd.o(.constdata)
    Region$$Table$$Base                      0x080040ec   Number         0  anon$$obj.o(Region$$Table)
    Region$$Table$$Limit                     0x0800410c   Number         0  anon$$obj.o(Region$$Table)
    Read_Illuminance_CMD                     0x20000000   Data           8  main.o(.data)
    Flag_LED3_ONOFF                          0x20000008   Data           1  main.o(.data)
    Light_value                              0x2000000c   Data           4  main.o(.data)
    temp_u32                                 0x20000010   Data           4  main.o(.data)
    Motor_Flag                               0x20000014   Data           4  main.o(.data)
    Left_Flag                                0x20000018   Data           4  main.o(.data)
    Temp_Temporarily_value                   0x2000001c   Data           4  main.o(.data)
    Temp1_Temporarily_value                  0x20000020   Data           4  main.o(.data)
    Temp_currentTemp                         0x20000024   Data           4  main.o(.data)
    cur_mode                                 0x20000028   Data           4  main.o(.data)
    flag                                     0x2000002c   Data           4  main.o(.data)
    flag_connectwifi                         0x20000030   Data           4  main.o(.data)
    Mode_Flag                                0x20000034   Data           4  main.o(.data)
    value                                    0x20000038   Data           1  main.o(.data)
    value1                                   0x20000039   Data           1  main.o(.data)
    count                                    0x2000003a   Data           1  main.o(.data)
    count1                                   0x2000003b   Data           1  main.o(.data)
    nowifi                                   0x2000003c   Data           4  main.o(.data)
    x                                        0x20000040   Data           1  main.o(.data)
    i                                        0x20000044   Data           4  main.o(.data)
    Temp_value_str                           0x20000048   Data           7  main.o(.data)
    Hum_value_str                            0x2000004f   Data           6  main.o(.data)
    Gas_value_str                            0x20000055   Data           7  main.o(.data)
    Light_value_str                          0x2000005c   Data           7  main.o(.data)
    Light_value_test                         0x20000063   Data           7  main.o(.data)
    Light1_value_test                        0x2000006a   Data           7  main.o(.data)
    FAN1_status                              0x20000071   Data           7  main.o(.data)
    FAN2_status                              0x20000078   Data           7  main.o(.data)
    Light_status                             0x2000007f   Data           8  main.o(.data)
    Motor_status                             0x20000087   Data           8  main.o(.data)
    Light_data                               0x2000008f   Data           7  main.o(.data)
    Light1_data                              0x20000096   Data           7  main.o(.data)
    Light_storage_data                       0x2000009d   Data           7  main.o(.data)
    Light1_storage_data                      0x200000a4   Data           7  main.o(.data)
    SystemCoreClock                          0x200000ac   Data           4  system_stm32f10x.o(.data)
    AHBPrescTable                            0x200000b0   Data          16  system_stm32f10x.o(.data)
    USART1_RX_STA                            0x200000c4   Data           2  usart.o(.data)
    USART2_RX_STA                            0x200000c6   Data           2  usart.o(.data)
    USART3_RX_STA                            0x200000c8   Data           2  usart.o(.data)
    Count_Timer3_value_USART3_receive_timeout 0x200000ca   Data           1  usart.o(.data)
    Count_Timer3_value_USART3_receive_timeout2 0x200000cb   Data           1  usart.o(.data)
    Flag_Usart1_Receive                      0x200000cc   Data           1  usart.o(.data)
    Flag_Usart1_Remap_Receive                0x200000cd   Data           1  usart.o(.data)
    Flag_Usart2_Receive                      0x200000ce   Data           1  usart.o(.data)
    Flag_Usart3_Receive                      0x200000cf   Data           1  usart.o(.data)
    Flag_Usart1_Remap                        0x200000d0   Data           1  usart.o(.data)
    Flag_Usart3_Remap                        0x200000d1   Data           1  usart.o(.data)
    Flag_Usart3_Receive_Complete             0x200000d2   Data           1  usart.o(.data)
    Flag_usart1_receive_OK                   0x200000d3   Data           1  usart.o(.data)
    __stdout                                 0x200000d4   Data           4  usart.o(.data)
    USART_RX_STA                             0x200000d8   Data           2  usart.o(.data)
    Count_timer                              0x200000da   Data           1  timer.o(.data)
    Flag_timer_2S                            0x200000db   Data           1  timer.o(.data)
    count_time_motor                         0x200000dc   Data           1  timer.o(.data)
    Flag_timer_15S                           0x200000dd   Data           1  timer.o(.data)
    count_15S                                0x200000de   Data           1  timer.o(.data)
    Flag_timer_7S                            0x200000df   Data           1  timer.o(.data)
    count_7S                                 0x200000e0   Data           1  timer.o(.data)
    ref                                      0x200000f8   Data           1  lcd.o(.data)
    vx                                       0x200000fc   Data           4  lcd.o(.data)
    vy                                       0x20000100   Data           4  lcd.o(.data)
    chx                                      0x20000104   Data           4  lcd.o(.data)
    chy                                      0x20000108   Data           4  lcd.o(.data)
    BACK_COLOR                               0x2000010c   Data           4  lcd.o(.data)
    POINT_COLOR                              0x20000110   Data           4  lcd.o(.data)
    KEY_value                                0x20000114   Data           1  exti.o(.data)
    flag_time_reset                          0x20000115   Data           1  wifi.o(.data)
    flag_time_wifi                           0x20000116   Data           1  wifi.o(.data)
    flag_time_serv                           0x20000117   Data           1  wifi.o(.data)
    number                                   0x20000118   Data           1  wifi.o(.data)
    AT_send_buf                              0x2000011c   Data         100  main.o(.bss)
    Data_Buf                                 0x20000180   Data          50  main.o(.bss)
    USART1_RX_BUF                            0x200001b2   Data         800  usart.o(.bss)
    USART2_RX_BUF                            0x200004d2   Data         250  usart.o(.bss)
    USART3_RX_BUF                            0x200005cc   Data         250  usart.o(.bss)
    USART_RX_BUF                             0x200006c6   Data         250  usart.o(.bss)
    STMFLASH_BUF                             0x200007c0   Data        2048  stmflash.o(.bss)
    __libspace_start                         0x20000fc0   Data          96  libspace.o(.bss)
    __temporary_stack_top$libspace           0x20001020   Data           0  libspace.o(.bss)



==============================================================================

Memory Map of the image

  Image Entry point : 0x080001cd

  Load Region LR_1 (Base: 0x08000000, Size: 0x00004228, Max: 0xffffffff, ABSOLUTE)

    Execution Region ER_RO (Base: 0x08000000, Size: 0x0000410c, Max: 0xffffffff, ABSOLUTE)

    Base Addr    Size         Type   Attr      Idx    E Section Name        Object

    0x08000000   0x00000130   Data   RO          632    RESET               startup_stm32f10x_hd.o
    0x08000130   0x00000008   Code   RO         3884  * !!!main             c_w.l(__main.o)
    0x08000138   0x00000034   Code   RO         4038    !!!scatter          c_w.l(__scatter.o)
    0x0800016c   0x0000001a   Code   RO         4040    !!handler_copy      c_w.l(__scatter_copy.o)
    0x08000186   0x00000002   PAD
    0x08000188   0x0000001c   Code   RO         4042    !!handler_zi        c_w.l(__scatter_zi.o)
    0x080001a4   0x00000002   Code   RO         3913    .ARM.Collect$$libinit$$00000000  c_w.l(libinit.o)
    0x080001a6   0x00000000   Code   RO         3920    .ARM.Collect$$libinit$$00000002  c_w.l(libinit2.o)
    0x080001a6   0x00000000   Code   RO         3922    .ARM.Collect$$libinit$$00000004  c_w.l(libinit2.o)
    0x080001a6   0x00000000   Code   RO         3925    .ARM.Collect$$libinit$$0000000A  c_w.l(libinit2.o)
    0x080001a6   0x00000000   Code   RO         3927    .ARM.Collect$$libinit$$0000000C  c_w.l(libinit2.o)
    0x080001a6   0x00000000   Code   RO         3929    .ARM.Collect$$libinit$$0000000E  c_w.l(libinit2.o)
    0x080001a6   0x00000000   Code   RO         3932    .ARM.Collect$$libinit$$00000011  c_w.l(libinit2.o)
    0x080001a6   0x00000000   Code   RO         3934    .ARM.Collect$$libinit$$00000013  c_w.l(libinit2.o)
    0x080001a6   0x00000000   Code   RO         3936    .ARM.Collect$$libinit$$00000015  c_w.l(libinit2.o)
    0x080001a6   0x00000000   Code   RO         3938    .ARM.Collect$$libinit$$00000017  c_w.l(libinit2.o)
    0x080001a6   0x00000000   Code   RO         3940    .ARM.Collect$$libinit$$00000019  c_w.l(libinit2.o)
    0x080001a6   0x00000000   Code   RO         3942    .ARM.Collect$$libinit$$0000001B  c_w.l(libinit2.o)
    0x080001a6   0x00000000   Code   RO         3944    .ARM.Collect$$libinit$$0000001D  c_w.l(libinit2.o)
    0x080001a6   0x00000000   Code   RO         3946    .ARM.Collect$$libinit$$0000001F  c_w.l(libinit2.o)
    0x080001a6   0x00000000   Code   RO         3948    .ARM.Collect$$libinit$$00000021  c_w.l(libinit2.o)
    0x080001a6   0x00000000   Code   RO         3950    .ARM.Collect$$libinit$$00000023  c_w.l(libinit2.o)
    0x080001a6   0x00000000   Code   RO         3952    .ARM.Collect$$libinit$$00000025  c_w.l(libinit2.o)
    0x080001a6   0x00000000   Code   RO         3956    .ARM.Collect$$libinit$$0000002C  c_w.l(libinit2.o)
    0x080001a6   0x00000000   Code   RO         3958    .ARM.Collect$$libinit$$0000002E  c_w.l(libinit2.o)
    0x080001a6   0x00000000   Code   RO         3960    .ARM.Collect$$libinit$$00000030  c_w.l(libinit2.o)
    0x080001a6   0x00000000   Code   RO         3962    .ARM.Collect$$libinit$$00000032  c_w.l(libinit2.o)
    0x080001a6   0x00000002   Code   RO         3963    .ARM.Collect$$libinit$$00000033  c_w.l(libinit2.o)
    0x080001a8   0x00000002   Code   RO         3981    .ARM.Collect$$libshutdown$$00000000  c_w.l(libshutdown.o)
    0x080001aa   0x00000000   Code   RO         3992    .ARM.Collect$$libshutdown$$00000003  c_w.l(libshutdown2.o)
    0x080001aa   0x00000000   Code   RO         3995    .ARM.Collect$$libshutdown$$00000006  c_w.l(libshutdown2.o)
    0x080001aa   0x00000000   Code   RO         3998    .ARM.Collect$$libshutdown$$00000009  c_w.l(libshutdown2.o)
    0x080001aa   0x00000000   Code   RO         4000    .ARM.Collect$$libshutdown$$0000000B  c_w.l(libshutdown2.o)
    0x080001aa   0x00000000   Code   RO         4003    .ARM.Collect$$libshutdown$$0000000E  c_w.l(libshutdown2.o)
    0x080001aa   0x00000002   Code   RO         4004    .ARM.Collect$$libshutdown$$0000000F  c_w.l(libshutdown2.o)
    0x080001ac   0x00000000   Code   RO         3888    .ARM.Collect$$rtentry$$00000000  c_w.l(__rtentry.o)
    0x080001ac   0x00000000   Code   RO         3890    .ARM.Collect$$rtentry$$00000002  c_w.l(__rtentry2.o)
    0x080001ac   0x00000006   Code   RO         3902    .ARM.Collect$$rtentry$$00000004  c_w.l(__rtentry4.o)
    0x080001b2   0x00000000   Code   RO         3892    .ARM.Collect$$rtentry$$00000009  c_w.l(__rtentry2.o)
    0x080001b2   0x00000004   Code   RO         3893    .ARM.Collect$$rtentry$$0000000A  c_w.l(__rtentry2.o)
    0x080001b6   0x00000000   Code   RO         3895    .ARM.Collect$$rtentry$$0000000C  c_w.l(__rtentry2.o)
    0x080001b6   0x00000008   Code   RO         3896    .ARM.Collect$$rtentry$$0000000D  c_w.l(__rtentry2.o)
    0x080001be   0x00000002   Code   RO         3917    .ARM.Collect$$rtexit$$00000000  c_w.l(rtexit.o)
    0x080001c0   0x00000000   Code   RO         3965    .ARM.Collect$$rtexit$$00000002  c_w.l(rtexit2.o)
    0x080001c0   0x00000004   Code   RO         3966    .ARM.Collect$$rtexit$$00000003  c_w.l(rtexit2.o)
    0x080001c4   0x00000006   Code   RO         3967    .ARM.Collect$$rtexit$$00000004  c_w.l(rtexit2.o)
    0x080001ca   0x00000002   PAD
    0x080001cc   0x00000040   Code   RO          633  * .text               startup_stm32f10x_hd.o
    0x0800020c   0x00000002   Code   RO         3878    .text               c_w.l(use_no_semi_2.o)
    0x0800020e   0x00000002   PAD
    0x08000210   0x00000080   Code   RO         3880    .text               c_w.l(strcmpv7m.o)
    0x08000290   0x00000006   Code   RO         3882    .text               c_w.l(heapauxi.o)
    0x08000296   0x00000002   Code   RO         3886    .text               c_w.l(use_no_semi.o)
    0x08000298   0x0000004a   Code   RO         3904    .text               c_w.l(sys_stackheap_outer.o)
    0x080002e2   0x0000000c   Code   RO         3906    .text               c_w.l(exit.o)
    0x080002ee   0x00000002   PAD
    0x080002f0   0x00000008   Code   RO         3914    .text               c_w.l(libspace.o)
    0x080002f8   0x0000005a   Code   RO         3616    i.Address_set       lcd.o
    0x08000352   0x00000004   Code   RO          194    i.BusFault_Handler  stm32f10x_it.o
    0x08000356   0x00000002   PAD
    0x08000358   0x00000024   Code   RO          355    i.CLR_Buf1          usart.o
    0x0800037c   0x00000024   Code   RO          356    i.CLR_Buf2          usart.o
    0x080003a0   0x00000024   Code   RO          357    i.CLR_Buf3          usart.o
    0x080003c4   0x000003a4   Code   RO         3840    i.Connect_wifi      wifi.o
    0x08000768   0x00000002   Code   RO          195    i.DebugMon_Handler  stm32f10x_it.o
    0x0800076a   0x00000002   PAD
    0x0800076c   0x00000048   Code   RO         3767    i.EXTI1_IRQHandler  exti.o
    0x080007b4   0x00000048   Code   RO         3768    i.EXTI4_IRQHandler  exti.o
    0x080007fc   0x00000088   Code   RO         3769    i.EXTI9_5_IRQHandler  exti.o
    0x08000884   0x000000d8   Code   RO         3770    i.EXTIX_Init        exti.o
    0x0800095c   0x0000000c   Code   RO         1435    i.EXTI_ClearITPendingBit  stm32f10x_exti.o
    0x08000968   0x00000094   Code   RO         1440    i.EXTI_Init         stm32f10x_exti.o
    0x080009fc   0x0000004c   Code   RO         1493    i.FLASH_ErasePage   stm32f10x_flash.o
    0x08000a48   0x00000034   Code   RO         1494    i.FLASH_GetBank1Status  stm32f10x_flash.o
    0x08000a7c   0x00000014   Code   RO         1503    i.FLASH_Lock        stm32f10x_flash.o
    0x08000a90   0x00000040   Code   RO         1506    i.FLASH_ProgramHalfWord  stm32f10x_flash.o
    0x08000ad0   0x00000018   Code   RO         1511    i.FLASH_Unlock      stm32f10x_flash.o
    0x08000ae8   0x00000026   Code   RO         1515    i.FLASH_WaitForLastOperation  stm32f10x_flash.o
    0x08000b0e   0x00000002   PAD
    0x08000b10   0x000000a0   Code   RO         3604    i.GPIO_Configuration  gpio.o
    0x08000bb0   0x00000040   Code   RO         1785    i.GPIO_EXTILineConfig  stm32f10x_gpio.o
    0x08000bf0   0x00000116   Code   RO         1788    i.GPIO_Init         stm32f10x_gpio.o
    0x08000d06   0x00000002   PAD
    0x08000d08   0x00000090   Code   RO         1790    i.GPIO_PinRemapConfig  stm32f10x_gpio.o
    0x08000d98   0x00000012   Code   RO         1792    i.GPIO_ReadInputDataBit  stm32f10x_gpio.o
    0x08000daa   0x00000004   Code   RO         1795    i.GPIO_ResetBits    stm32f10x_gpio.o
    0x08000dae   0x00000004   Code   RO         1796    i.GPIO_SetBits      stm32f10x_gpio.o
    0x08000db2   0x00000010   Code   RO         1797    i.GPIO_StructInit   stm32f10x_gpio.o
    0x08000dc2   0x00000012   Code   RO            1    i.Get_data_len      main.o
    0x08000dd4   0x00000004   Code   RO          196    i.HardFault_Handler  stm32f10x_it.o
    0x08000dd8   0x00000024   Code   RO         3771    i.KEY_Init          exti.o
    0x08000dfc   0x00000030   Code   RO         3617    i.LCD_Clear         lcd.o
    0x08000e2c   0x000000a8   Code   RO         3618    i.LCD_DrawLine      lcd.o
    0x08000ed4   0x00000020   Code   RO         3619    i.LCD_DrawPoint     lcd.o
    0x08000ef4   0x00000040   Code   RO         3620    i.LCD_DrawRectangle  lcd.o
    0x08000f34   0x0000003e   Code   RO         3621    i.LCD_Fill          lcd.o
    0x08000f72   0x00000002   PAD
    0x08000f74   0x000000e4   Code   RO         3622    i.LCD_ShowChar      lcd.o
    0x08001058   0x0000003e   Code   RO         3623    i.LCD_ShowString    lcd.o
    0x08001096   0x0000002a   Code   RO         3624    i.LCD_Show_Chinese16x16  lcd.o
    0x080010c0   0x000000b4   Code   RO         3625    i.LCD_Show_One_Chinese16x16  lcd.o
    0x08001174   0x00000020   Code   RO         3626    i.LCD_WR_DATA       lcd.o
    0x08001194   0x00000018   Code   RO         3627    i.LCD_WR_DATA8      lcd.o
    0x080011ac   0x00000018   Code   RO         3628    i.LCD_WR_REG        lcd.o
    0x080011c4   0x0000000c   Code   RO         3630    i.LCD_Writ_Bus      lcd.o
    0x080011d0   0x00000254   Code   RO         3631    i.Lcd_Init          lcd.o
    0x08001424   0x00000004   Code   RO          197    i.MemManage_Handler  stm32f10x_it.o
    0x08001428   0x00000002   Code   RO          198    i.NMI_Handler       stm32f10x_it.o
    0x0800142a   0x0000000c   Code   RO          343    i.NVIC_Configuration  sys.o
    0x08001436   0x00000002   PAD
    0x08001438   0x00000070   Code   RO          637    i.NVIC_Init         misc.o
    0x080014a8   0x00000014   Code   RO          638    i.NVIC_PriorityGroupConfig  misc.o
    0x080014bc   0x00000002   Code   RO          199    i.PendSV_Handler    stm32f10x_it.o
    0x080014be   0x00000062   Code   RO         3841    i.Query             wifi.o
    0x08001520   0x00000020   Code   RO         2204    i.RCC_APB1PeriphClockCmd  stm32f10x_rcc.o
    0x08001540   0x00000020   Code   RO         2206    i.RCC_APB2PeriphClockCmd  stm32f10x_rcc.o
    0x08001560   0x000000d4   Code   RO         2214    i.RCC_GetClocksFreq  stm32f10x_rcc.o
    0x08001634   0x00000088   Code   RO          557    i.SPI2_Init         spi.o
    0x080016bc   0x00000054   Code   RO          558    i.SPI2_ReadWriteByte  spi.o
    0x08001710   0x00000018   Code   RO         2683    i.SPI_Cmd           stm32f10x_spi.o
    0x08001728   0x00000012   Code   RO         2691    i.SPI_I2S_GetFlagStatus  stm32f10x_spi.o
    0x0800173a   0x00000006   Code   RO         2694    i.SPI_I2S_ReceiveData  stm32f10x_spi.o
    0x08001740   0x00000004   Code   RO         2695    i.SPI_I2S_SendData  stm32f10x_spi.o
    0x08001744   0x0000003c   Code   RO         2696    i.SPI_Init          stm32f10x_spi.o
    0x08001780   0x00000022   Code   RO         3728    i.STMFLASH_Read     stmflash.o
    0x080017a2   0x00000006   Code   RO         3729    i.STMFLASH_ReadHalfWord  stmflash.o
    0x080017a8   0x000000e8   Code   RO         3730    i.STMFLASH_Write    stmflash.o
    0x08001890   0x00000026   Code   RO         3731    i.STMFLASH_Write_NoCheck  stmflash.o
    0x080018b6   0x00000002   Code   RO          200    i.SVC_Handler       stm32f10x_it.o
    0x080018b8   0x00000008   Code   RO          257    i.SetSysClock       system_stm32f10x.o
    0x080018c0   0x000000e0   Code   RO          258    i.SetSysClockTo72   system_stm32f10x.o
    0x080019a0   0x00000010   Code   RO         3810    i.Set_Motor_PWM     motor.o
    0x080019b0   0x00000028   Code   RO          641    i.SysTick_CLKSourceConfig  misc.o
    0x080019d8   0x00000002   Code   RO          201    i.SysTick_Handler   stm32f10x_it.o
    0x080019da   0x00000002   PAD
    0x080019dc   0x00000060   Code   RO          260    i.SystemInit        system_stm32f10x.o
    0x08001a3c   0x00000094   Code   RO          581    i.TIM2_PWM_Init     timer.o
    0x08001ad0   0x000000d0   Code   RO          582    i.TIM3_IRQHandler   timer.o
    0x08001ba0   0x00000060   Code   RO          583    i.TIM3_Int_Init     timer.o
    0x08001c00   0x00000006   Code   RO         2833    i.TIM_ClearITPendingBit  stm32f10x_tim.o
    0x08001c06   0x00000018   Code   RO         2838    i.TIM_Cmd           stm32f10x_tim.o
    0x08001c1e   0x00000022   Code   RO         2859    i.TIM_GetITStatus   stm32f10x_tim.o
    0x08001c40   0x00000012   Code   RO         2863    i.TIM_ITConfig      stm32f10x_tim.o
    0x08001c52   0x00000002   PAD
    0x08001c54   0x00000098   Code   RO         2867    i.TIM_OC1Init       stm32f10x_tim.o
    0x08001cec   0x00000012   Code   RO         2870    i.TIM_OC1PreloadConfig  stm32f10x_tim.o
    0x08001cfe   0x00000002   PAD
    0x08001d00   0x000000a4   Code   RO         2872    i.TIM_OC2Init       stm32f10x_tim.o
    0x08001da4   0x0000001a   Code   RO         2875    i.TIM_OC2PreloadConfig  stm32f10x_tim.o
    0x08001dbe   0x00000004   Code   RO         2899    i.TIM_SetCompare1   stm32f10x_tim.o
    0x08001dc2   0x00000004   Code   RO         2900    i.TIM_SetCompare2   stm32f10x_tim.o
    0x08001dc6   0x00000002   PAD
    0x08001dc8   0x000000a4   Code   RO         2909    i.TIM_TimeBaseInit  stm32f10x_tim.o
    0x08001e6c   0x00000020   Code   RO          358    i.USART1TxChar      usart.o
    0x08001e8c   0x00000016   Code   RO          361    i.USART1TxStr       usart.o
    0x08001ea2   0x00000002   PAD
    0x08001ea4   0x00000078   Code   RO          362    i.USART1_IRQHandler  usart.o
    0x08001f1c   0x00000020   Code   RO          363    i.USART2TxChar      usart.o
    0x08001f3c   0x00000016   Code   RO          366    i.USART2TxStr       usart.o
    0x08001f52   0x00000002   PAD
    0x08001f54   0x00000048   Code   RO          367    i.USART2_Configuration  usart.o
    0x08001f9c   0x0000003c   Code   RO          368    i.USART2_GPIO_Configuration  usart.o
    0x08001fd8   0x00000064   Code   RO          369    i.USART2_IRQHandler  usart.o
    0x0800203c   0x00000028   Code   RO          370    i.USART2_NVIC_Configuration  usart.o
    0x08002064   0x0000001c   Code   RO          371    i.USART2_RCC_Configuration  usart.o
    0x08002080   0x00000020   Code   RO          372    i.USART3TxChar      usart.o
    0x080020a0   0x0000001a   Code   RO          374    i.USART3TxData_hex  usart.o
    0x080020ba   0x00000002   PAD
    0x080020bc   0x00000044   Code   RO          376    i.USART3_Configuration  usart.o
    0x08002100   0x00000078   Code   RO          377    i.USART3_GPIO_Configuration  usart.o
    0x08002178   0x0000005c   Code   RO          378    i.USART3_IRQHandler  usart.o
    0x080021d4   0x00000026   Code   RO          379    i.USART3_NVIC_Configuration  usart.o
    0x080021fa   0x00000018   Code   RO         3374    i.USART_Cmd         stm32f10x_usart.o
    0x08002212   0x0000001a   Code   RO         3377    i.USART_GetFlagStatus  stm32f10x_usart.o
    0x0800222c   0x00000054   Code   RO         3378    i.USART_GetITStatus  stm32f10x_usart.o
    0x08002280   0x0000004a   Code   RO         3380    i.USART_ITConfig    stm32f10x_usart.o
    0x080022ca   0x00000002   PAD
    0x080022cc   0x000000d8   Code   RO         3381    i.USART_Init        stm32f10x_usart.o
    0x080023a4   0x0000000a   Code   RO         3388    i.USART_ReceiveData  stm32f10x_usart.o
    0x080023ae   0x00000008   Code   RO         3391    i.USART_SendData    stm32f10x_usart.o
    0x080023b6   0x00000004   Code   RO          202    i.UsageFault_Handler  stm32f10x_it.o
    0x080023ba   0x00000002   PAD
    0x080023bc   0x000000d4   Code   RO          380    i.Usart1_Init       usart.o
    0x08002490   0x00000018   Code   RO          382    i.Usart2_Init       usart.o
    0x080024a8   0x00000038   Code   RO          384    i.Usart3_Remap_Init  usart.o
    0x080024e0   0x00000006   Code   RO          385    i._sys_exit         usart.o
    0x080024e6   0x00000016   Code   RO            2    i.copy_str          main.o
    0x080024fc   0x00000044   Code   RO          291    i.delay_init        delay.o
    0x08002540   0x0000004c   Code   RO          292    i.delay_ms          delay.o
    0x0800258c   0x00000610   Code   RO            4    i.main              main.o
    0x08002b9c   0x0000011c   Code   RO            5    i.nowifi_Light      main.o
    0x08002cb8   0x00000190   Code   RO            6    i.senddata          main.o
    0x08002e48   0x0000035c   Code   RO            7    i.stm32flash_stroage  main.o
    0x080031a4   0x00000038   Code   RO         3842    i.wait_OK           wifi.o
    0x080031dc   0x00000038   Code   RO         3843    i.wait_OK_WIFI      wifi.o
    0x08003214   0x00000ed6   Data   RO         3632    .constdata          lcd.o
    0x080040ea   0x00000002   PAD
    0x080040ec   0x00000020   Data   RO         4036    Region$$Table       anon$$obj.o


    Execution Region ER_RW (Base: 0x20000000, Size: 0x0000011c, Max: 0xffffffff, ABSOLUTE)

    Base Addr    Size         Type   Attr      Idx    E Section Name        Object

    0x20000000   0x000000ab   Data   RW           10    .data               main.o
    0x200000ab   0x00000001   PAD
    0x200000ac   0x00000014   Data   RW          261    .data               system_stm32f10x.o
    0x200000c0   0x00000004   Data   RW          294    .data               delay.o
    0x200000c4   0x00000016   Data   RW          388    .data               usart.o
    0x200000da   0x00000007   Data   RW          584    .data               timer.o
    0x200000e1   0x00000014   Data   RW         2234    .data               stm32f10x_rcc.o
    0x200000f5   0x00000003   PAD
    0x200000f8   0x0000001c   Data   RW         3633    .data               lcd.o
    0x20000114   0x00000001   Data   RW         3772    .data               exti.o
    0x20000115   0x00000004   Data   RW         3844    .data               wifi.o


    Execution Region ER_ZI (Base: 0x2000011c, Size: 0x00001504, Max: 0xffffffff, ABSOLUTE)

    Base Addr    Size         Type   Attr      Idx    E Section Name        Object

    0x2000011c   0x00000096   Zero   RW            9    .bss                main.o
    0x200001b2   0x0000060e   Zero   RW          387    .bss                usart.o
    0x200007c0   0x00000800   Zero   RW         3733    .bss                stmflash.o
    0x20000fc0   0x00000060   Zero   RW         3915    .bss                c_w.l(libspace.o)
    0x20001020   0x00000200   Zero   RW          631    HEAP                startup_stm32f10x_hd.o
    0x20001220   0x00000400   Zero   RW          630    STACK               startup_stm32f10x_hd.o


==============================================================================

Image component sizes


      Code (inc. data)   RO Data    RW Data    ZI Data      Debug   Object Name

         0          0          0          0          0         32   core_cm3.o
       144         22          0          4          0     208356   delay.o
       532         46          0          1          0       3059   exti.o
       160         10          0          0          0        601   gpio.o
      1664         46       3798         28          0      11282   lcd.o
      3136        508          0        171        150      68526   main.o
       172         22          0          0          0       2201   misc.o
        16          0          0          0          0        540   motor.o
       220         14          0          0          0       1305   spi.o
        64         26        304          0       1536        820   startup_stm32f10x_hd.o
       160         12          0          0          0       1609   stm32f10x_exti.o
       274         30          0          0          0       3602   stm32f10x_flash.o
       528         10          0          0          0       5890   stm32f10x_gpio.o
        26          0          0          0          0       4026   stm32f10x_it.o
       276         32          0         20          0       4610   stm32f10x_rcc.o
       112          0          0          0          0       4022   stm32f10x_spi.o
       614         72          0          0          0       7652   stm32f10x_tim.o
       442          6          0          0          0       6397   stm32f10x_usart.o
       310         10          0          0       2048       3497   stmflash.o
        12          0          0          0          0        489   sys.o
       328         28          0         20          0       2265   system_stm32f10x.o
       452         50          0          7          0       2571   timer.o
      1310        150          0         22       1550      15684   usart.o
      1142        468          0          4          0       3099   wifi.o

    ----------------------------------------------------------------------
     12124       1562       4136        284       5284     362135   Object Totals
         0          0         32          0          0          0   (incl. Generated)
        30          0          2          7          0          0   (incl. Padding)

    ----------------------------------------------------------------------

      Code (inc. data)   RO Data    RW Data    ZI Data      Debug   Library Member Name

         8          0          0          0          0         68   __main.o
         0          0          0          0          0          0   __rtentry.o
        12          0          0          0          0          0   __rtentry2.o
         6          0          0          0          0          0   __rtentry4.o
        52          8          0          0          0          0   __scatter.o
        26          0          0          0          0          0   __scatter_copy.o
        28          0          0          0          0          0   __scatter_zi.o
        12          0          0          0          0         72   exit.o
         6          0          0          0          0        152   heapauxi.o
         2          0          0          0          0          0   libinit.o
         2          0          0          0          0          0   libinit2.o
         2          0          0          0          0          0   libshutdown.o
         2          0          0          0          0          0   libshutdown2.o
         8          4          0          0         96         68   libspace.o
         2          0          0          0          0          0   rtexit.o
        10          0          0          0          0          0   rtexit2.o
       128          0          0          0          0         68   strcmpv7m.o
        74          0          0          0          0         80   sys_stackheap_outer.o
         2          0          0          0          0         68   use_no_semi.o
         2          0          0          0          0         68   use_no_semi_2.o

    ----------------------------------------------------------------------
       392         12          0          0         96        644   Library Totals
         8          0          0          0          0          0   (incl. Padding)

    ----------------------------------------------------------------------

      Code (inc. data)   RO Data    RW Data    ZI Data      Debug   Library Name

       384         12          0          0         96        644   c_w.l

    ----------------------------------------------------------------------
       392         12          0          0         96        644   Library Totals

    ----------------------------------------------------------------------

==============================================================================


      Code (inc. data)   RO Data    RW Data    ZI Data      Debug   

     12516       1574       4136        284       5380     356379   Grand Totals
     12516       1574       4136        284       5380     356379   ELF Image Totals
     12516       1574       4136        284          0          0   ROM Totals

==============================================================================

    Total RO  Size (Code + RO Data)                16652 (  16.26kB)
    Total RW  Size (RW Data + ZI Data)              5664 (   5.53kB)
    Total ROM Size (Code + RO Data + RW Data)      16936 (  16.54kB)

==============================================================================

