Component: ARM Compiler 5.06 update 6 (build 750) Tool: armlink [4d35ed]

==============================================================================

Section Cross References

    main.o(i.esp8266_init) refers to lcd.o(i.LCD_ShowString) for LCD_ShowString
    main.o(i.esp8266_init) refers to usart.o(i.USART2TxStr) for USART2TxStr
    main.o(i.esp8266_init) refers to usart.o(i.USART1TxStr) for USART1TxStr
    main.o(i.esp8266_init) refers to delay.o(i.delay_ms) for delay_ms
    main.o(i.esp8266_init) refers to usart.o(i.CLR_Buf1) for CLR_Buf1
    main.o(i.esp8266_init) refers to wifi.o(i.wait_OK) for wait_OK
    main.o(i.esp8266_init) refers to usart.o(.data) for Flag_usart1_receive_OK
    main.o(i.main) refers to gpio.o(i.GPIO_Configuration) for GPIO_Configuration
    main.o(i.main) refers to delay.o(i.delay_init) for delay_init
    main.o(i.main) refers to lcd.o(i.Lcd_Init) for Lcd_Init
    main.o(i.main) refers to exti.o(i.EXTIX_Init) for EXTIX_Init
    main.o(i.main) refers to usart.o(i.Usart1_Init) for Usart1_Init
    main.o(i.main) refers to usart.o(i.Usart2_Init) for Usart2_Init
    main.o(i.main) refers to usart.o(i.Usart3_Remap_Init) for Usart3_Remap_Init
    main.o(i.main) refers to sys.o(i.NVIC_Configuration) for NVIC_Configuration
    main.o(i.main) refers to timer.o(i.TIM3_Int_Init) for TIM3_Int_Init
    main.o(i.main) refers to timer.o(i.TIM2_PWM_Init) for TIM2_PWM_Init
    main.o(i.main) refers to lcd.o(i.LCD_Show_Chinese16x16) for LCD_Show_Chinese16x16
    main.o(i.main) refers to lcd.o(i.LCD_DrawRectangle) for LCD_DrawRectangle
    main.o(i.main) refers to main.o(i.copy_str) for copy_str
    main.o(i.main) refers to stmflash.o(i.STMFLASH_Read) for STMFLASH_Read
    main.o(i.main) refers to lcd.o(i.LCD_ShowString) for LCD_ShowString
    main.o(i.main) refers to lcd.o(i.LCD_Show_One_Chinese16x16) for LCD_Show_One_Chinese16x16
    main.o(i.main) refers to wifi.o(i.Connect_wifi) for Connect_wifi
    main.o(i.main) refers to stm32f10x_gpio.o(i.GPIO_ResetBits) for GPIO_ResetBits
    main.o(i.main) refers to lcd.o(i.LCD_Fill) for LCD_Fill
    main.o(i.main) refers to stm32f10x_gpio.o(i.GPIO_SetBits) for GPIO_SetBits
    main.o(i.main) refers to usart.o(i.USART3TxData_hex) for USART3TxData_hex
    main.o(i.main) refers to main.o(i.stm32flash_stroage) for stm32flash_stroage
    main.o(i.main) refers to wifi.o(i.Query) for Query
    main.o(i.main) refers to usart.o(i.USART2TxStr) for USART2TxStr
    main.o(i.main) refers to stmflash.o(i.STMFLASH_Write) for STMFLASH_Write
    main.o(i.main) refers to usart.o(i.CLR_Buf3) for CLR_Buf3
    main.o(i.main) refers to lcd.o(.data) for BACK_COLOR
    main.o(i.main) refers to main.o(.bss) for Data_Buf
    main.o(i.main) refers to main.o(.data) for Light_storage_data
    main.o(i.main) refers to timer.o(.data) for Flag_timer_2S
    main.o(i.main) refers to usart.o(.bss) for USART1_RX_BUF
    main.o(i.main) refers to usart.o(.data) for Flag_Usart3_Receive
    main.o(i.main) refers to dflt_clz.o(x$fpl$dflt) for __aeabi_i2d
    main.o(i.main) refers to dmul.o(x$fpl$dmul) for __aeabi_dmul
    main.o(i.main) refers to daddsub_clz.o(x$fpl$dadd) for __aeabi_dadd
    main.o(i.main) refers to d2f.o(x$fpl$d2f) for __aeabi_d2f
    main.o(i.main) refers to main.o(i.nowifi_Fan) for nowifi_Fan
    main.o(i.main) refers to main.o(i.senddata) for senddata
    main.o(i.main) refers to wifi.o(.data) for flag_time_serv
    main.o(i.nowifi_Fan) refers to wifi.o(i.Query) for Query
    main.o(i.nowifi_Fan) refers to usart.o(i.USART2TxStr) for USART2TxStr
    main.o(i.nowifi_Fan) refers to fflt_clz.o(x$fpl$ffltu) for __aeabi_ui2f
    main.o(i.nowifi_Fan) refers to fleqf.o(x$fpl$fleqf) for __aeabi_cfcmple
    main.o(i.nowifi_Fan) refers to main.o(i.copy_str) for copy_str
    main.o(i.nowifi_Fan) refers to frleqf.o(x$fpl$frleqf) for __aeabi_cfrcmple
    main.o(i.nowifi_Fan) refers to wifi.o(.data) for flag_time_wifi
    main.o(i.nowifi_Fan) refers to main.o(.data) for nowifi
    main.o(i.nowifi_Fan) refers to usart.o(.bss) for USART1_RX_BUF
    main.o(i.senddata) refers to main.o(i.copy_str) for copy_str
    main.o(i.senddata) refers to main.o(i.Get_data_len) for Get_data_len
    main.o(i.senddata) refers to usart.o(i.USART2TxStr) for USART2TxStr
    main.o(i.senddata) refers to usart.o(i.USART1TxStr) for USART1TxStr
    main.o(i.senddata) refers to wifi.o(i.wait_OK) for wait_OK
    main.o(i.senddata) refers to usart.o(i.CLR_Buf1) for CLR_Buf1
    main.o(i.senddata) refers to usart.o(i.CLR_Buf2) for CLR_Buf2
    main.o(i.senddata) refers to main.o(.bss) for AT_send_buf
    main.o(i.senddata) refers to main.o(.data) for x
    main.o(i.senddata) refers to usart.o(.data) for Count_Timer3_value_USART3_receive_timeout2
    main.o(i.senddata) refers to lcd.o(.data) for POINT_COLOR
    main.o(i.senddata) refers to usart.o(.bss) for USART1_RX_BUF
    main.o(i.senddata) refers to wifi.o(.data) for flag_time_serv
[...]
    ..\CORE\core_cm3.c                       0x00000000   Number         0  core_cm3.o ABSOLUTE
    ..\CORE\startup_stm32f10x_hd.s           0x00000000   Number         0  startup_stm32f10x_hd.o ABSOLUTE
    ..\HARDWARE\Motor.c                      0x00000000   Number         0  motor.o ABSOLUTE
    ..\HARDWARE\exti.c                       0x00000000   Number         0  exti.o ABSOLUTE
    ..\HARDWARE\gpio.c                       0x00000000   Number         0  gpio.o ABSOLUTE
    ..\HARDWARE\lcd.c                        0x00000000   Number         0  lcd.o ABSOLUTE
    ..\HARDWARE\stmflash.c                   0x00000000   Number         0  stmflash.o ABSOLUTE
    ..\HARDWARE\wifi.c                       0x00000000   Number         0  wifi.o ABSOLUTE
    ..\STM32F10x_FWLib\src\misc.c            0x00000000   Number         0  misc.o ABSOLUTE
    ..\STM32F10x_FWLib\src\stm32f10x_adc.c   0x00000000   Number         0  stm32f10x_adc.o ABSOLUTE
    ..\STM32F10x_FWLib\src\stm32f10x_bkp.c   0x00000000   Number         0  stm32f10x_bkp.o ABSOLUTE
    ..\STM32F10x_FWLib\src\stm32f10x_can.c   0x00000000   Number         0  stm32f10x_can.o ABSOLUTE
    ..\STM32F10x_FWLib\src\stm32f10x_cec.c   0x00000000   Number         0  stm32f10x_cec.o ABSOLUTE
    ..\STM32F10x_FWLib\src\stm32f10x_crc.c   0x00000000   Number         0  stm32f10x_crc.o ABSOLUTE
    ..\STM32F10x_FWLib\src\stm32f10x_dac.c   0x00000000   Number         0  stm32f10x_dac.o ABSOLUTE
    ..\STM32F10x_FWLib\src\stm32f10x_dbgmcu.c 0x00000000   Number         0  stm32f10x_dbgmcu.o ABSOLUTE
    ..\STM32F10x_FWLib\src\stm32f10x_dma.c   0x00000000   Number         0  stm32f10x_dma.o ABSOLUTE
    ..\STM32F10x_FWLib\src\stm32f10x_exti.c  0x00000000   Number         0  stm32f10x_exti.o ABSOLUTE
    ..\STM32F10x_FWLib\src\stm32f10x_flash.c 0x00000000   Number         0  stm32f10x_flash.o ABSOLUTE
    ..\STM32F10x_FWLib\src\stm32f10x_fsmc.c  0x00000000   Number         0  stm32f10x_fsmc.o ABSOLUTE
    ..\STM32F10x_FWLib\src\stm32f10x_gpio.c  0x00000000   Number         0  stm32f10x_gpio.o ABSOLUTE
    ..\STM32F10x_FWLib\src\stm32f10x_i2c.c   0x00000000   Number         0  stm32f10x_i2c.o ABSOLUTE
    ..\STM32F10x_FWLib\src\stm32f10x_iwdg.c  0x00000000   Number         0  stm32f10x_iwdg.o ABSOLUTE
    ..\STM32F10x_FWLib\src\stm32f10x_pwr.c   0x00000000   Number         0  stm32f10x_pwr.o ABSOLUTE
    ..\STM32F10x_FWLib\src\stm32f10x_rcc.c   0x00000000   Number         0  stm32f10x_rcc.o ABSOLUTE
    ..\STM32F10x_FWLib\src\stm32f10x_rtc.c   0x00000000   Number         0  stm32f10x_rtc.o ABSOLUTE
    ..\STM32F10x_FWLib\src\stm32f10x_sdio.c  0x00000000   Number         0  stm32f10x_sdio.o ABSOLUTE
    ..\STM32F10x_FWLib\src\stm32f10x_spi.c   0x00000000   Number         0  stm32f10x_spi.o ABSOLUTE
    ..\STM32F10x_FWLib\src\stm32f10x_tim.c   0x00000000   Number         0  stm32f10x_tim.o ABSOLUTE
    ..\STM32F10x_FWLib\src\stm32f10x_usart.c 0x00000000   Number         0  stm32f10x_usart.o ABSOLUTE
    ..\STM32F10x_FWLib\src\stm32f10x_wwdg.c  0x00000000   Number         0  stm32f10x_wwdg.o ABSOLUTE
    ..\SYSTEM\delay\delay.c                  0x00000000   Number         0  delay.o ABSOLUTE
    ..\SYSTEM\spi\spi.c                      0x00000000   Number         0  spi.o ABSOLUTE
    ..\SYSTEM\sys\sys.c                      0x00000000   Number         0  sys.o ABSOLUTE
    ..\SYSTEM\timer\timer.c                  0x00000000   Number         0  timer.o ABSOLUTE
    ..\SYSTEM\usart\usart.c                  0x00000000   Number         0  usart.o ABSOLUTE
    ..\\CORE\\core_cm3.c                     0x00000000   Number         0  core_cm3.o ABSOLUTE
    dc.s                                     0x00000000   Number         0  dc.o ABSOLUTE
    main.c                                   0x00000000   Number         0  main.o ABSOLUTE
    stm32f10x_it.c                           0x00000000   Number         0  stm32f10x_it.o ABSOLUTE
    system_stm32f10x.c                       0x00000000   Number         0  system_stm32f10x.o ABSOLUTE
    RESET                                    0x08000000   Section      304  startup_stm32f10x_hd.o(RESET)
    !!!main                                  0x08000130   Section        8  __main.o(!!!main)
    !!!scatter                               0x08000138   Section       52  __scatter.o(!!!scatter)
    !!handler_copy                           0x0800016c   Section       26  __scatter_copy.o(!!handler_copy)
    !!handler_zi                             0x08000188   Section       28  __scatter_zi.o(!!handler_zi)
    .ARM.Collect$$libinit$$00000000          0x080001a4   Section        2  libinit.o(.ARM.Collect$$libinit$$00000000)
    .ARM.Collect$$libinit$$00000002          0x080001a6   Section        0  libinit2.o(.ARM.Collect$$libinit$$00000002)
    .ARM.Collect$$libinit$$00000004          0x080001a6   Section        0  libinit2.o(.ARM.Collect$$libinit$$00000004)
    .ARM.Collect$$libinit$$0000000A          0x080001a6   Section        0  libinit2.o(.ARM.Collect$$libinit$$0000000A)
    .ARM.Collect$$libinit$$0000000C          0x080001a6   Section        0  libinit2.o(.ARM.Collect$$libinit$$0000000C)
    .ARM.Collect$$libinit$$0000000E          0x080001a6   Section        0  libinit2.o(.ARM.Collect$$libinit$$0000000E)
    .ARM.Collect$$libinit$$00000011          0x080001a6   Section        0  libinit2.o(.ARM.Collect$$libinit$$00000011)
    .ARM.Collect$$libinit$$00000013          0x080001a6   Section        0  libinit2.o(.ARM.Collect$$libinit$$00000013)
    .ARM.Collect$$libinit$$00000015          0x080001a6   Section        0  libinit2.o(.ARM.Collect$$libinit$$00000015)
    .ARM.Collect$$libinit$$00000017          0x080001a6   Section        0  libinit2.o(.ARM.Collect$$libinit$$00000017)
    .ARM.Collect$$libinit$$00000019          0x080001a6   Section        0  libinit2.o(.ARM.Collect$$libinit$$00000019)
    .ARM.Collect$$libinit$$0000001B          0x080001a6   Section        0  libinit2.o(.ARM.Collect$$libinit$$0000001B)
    .ARM.Collect$$libinit$$0000001D          0x080001a6   Section        0  libinit2.o(.ARM.Collect$$libinit$$0000001D)
    .ARM.Collect$$libinit$$0000001F          0x080001a6   Section        0  libinit2.o(.ARM.Collect$$libinit$$0000001F)
    .ARM.Collect$$libinit$$00000021          0x080001a6   Section        0  libinit2.o(.ARM.Collect$$libinit$$00000021)
    .ARM.Collect$$libinit$$00000023          0x080001a6   Section        0  libinit2.o(.ARM.Collect$$libinit$$00000023)
    .ARM.Collect$$libinit$$00000025          0x080001a6   Section        0  libinit2.o(.ARM.Collect$$libinit$$00000025)
    .ARM.Collect$$libinit$$0000002C          0x080001a6   Section        0  libinit2.o(.ARM.Collect$$libinit$$0000002C)
    .ARM.Collect$$libinit$$0000002E          0x080001a6   Section        0  libinit2.o(.ARM.Collect$$libinit$$0000002E)
    .ARM.Collect$$libinit$$00000030          0x080001a6   Section        0  libinit2.o(.ARM.Collect$$libinit$$00000030)
    .ARM.Collect$$libinit$$00000032          0x080001a6   Section        0  libinit2.o(.ARM.Collect$$libinit$$00000032)
    .ARM.Collect$$libinit$$00000033          0x080001a6   Section        2  libinit2.o(.ARM.Collect$$libinit$$00000033)
    .ARM.Collect$$libshutdown$$00000000      0x080001a8   Section        2  libshutdown.o(.ARM.Collect$$libshutdown$$00000000)
    .ARM.Collect$$libshutdown$$00000002      0x080001aa   Section        0  libshutdown2.o(.ARM.Collect$$libshutdown$$00000002)
    .ARM.Collect$$libshutdown$$00000004      0x080001aa   Section        0  libshutdown2.o(.ARM.Collect$$libshutdown$$00000004)
    .ARM.Collect$$libshutdown$$00000007      0x080001aa   Section        0  libshutdown2.o(.ARM.Collect$$libshutdown$$00000007)
    .ARM.Collect$$libshutdown$$0000000A      0x080001aa   Section        0  libshutdown2.o(.ARM.Collect$$libshutdown$$0000000A)
    .ARM.Collect$$libshutdown$$0000000C      0x080001aa   Section        0  libshutdown2.o(.ARM.Collect$$libshutdown$$0000000C)
    .ARM.Collect$$libshutdown$$0000000F      0x080001aa   Section        0  libshutdown2.o(.ARM.Collect$$libshutdown$$0000000F)
    .ARM.Collect$$libshutdown$$00000010      0x080001aa   Section        2  libshutdown2.o(.ARM.Collect$$libshutdown$$00000010)
    .ARM.Collect$$rtentry$$00000000          0x080001ac   Section        0  __rtentry.o(.ARM.Collect$$rtentry$$00000000)
    .ARM.Collect$$rtentry$$00000002          0x080001ac   Section        0  __rtentry2.o(.ARM.Collect$$rtentry$$00000002)
    .ARM.Collect$$rtentry$$00000004          0x080001ac   Section        6  __rtentry4.o(.ARM.Collect$$rtentry$$00000004)
    .ARM.Collect$$rtentry$$00000009          0x080001b2   Section        0  __rtentry2.o(.ARM.Collect$$rtentry$$00000009)
    .ARM.Collect$$rtentry$$0000000A          0x080001b2   Section        4  __rtentry2.o(.ARM.Collect$$rtentry$$0000000A)
    .ARM.Collect$$rtentry$$0000000C          0x080001b6   Section        0  __rtentry2.o(.ARM.Collect$$rtentry$$0000000C)
    .ARM.Collect$$rtentry$$0000000D          0x080001b6   Section        8  __rtentry2.o(.ARM.Collect$$rtentry$$0000000D)
    .ARM.Collect$$rtexit$$00000000           0x080001be   Section        2  rtexit.o(.ARM.Collect$$rtexit$$00000000)
    .ARM.Collect$$rtexit$$00000002           0x080001c0   Section        0  rtexit2.o(.ARM.Collect$$rtexit$$00000002)
    .ARM.Collect$$rtexit$$00000003           0x080001c0   Section        4  rtexit2.o(.ARM.Collect$$rtexit$$00000003)
    .ARM.Collect$$rtexit$$00000004           0x080001c4   Section        6  rtexit2.o(.ARM.Collect$$rtexit$$00000004)
    .text                                    0x080001cc   Section       64  startup_stm32f10x_hd.o(.text)
    .text                                    0x0800020c   Section        2  use_no_semi_2.o(.text)
    .text                                    0x0800020e   Section        0  heapauxi.o(.text)
    .text                                    0x08000214   Section        2  use_no_semi.o(.text)
    .text                                    0x08000216   Section       74  sys_stackheap_outer.o(.text)
    .text                                    0x08000260   Section        0  exit.o(.text)
    .text                                    0x08000274   Section        8  libspace.o(.text)
    i.Address_set                            0x0800027c   Section        0  lcd.o(i.Address_set)
    i.BusFault_Handler                       0x080002d6   Section        0  stm32f10x_it.o(i.BusFault_Handler)
    i.CLR_Buf1                               0x080002dc   Section        0  usart.o(i.CLR_Buf1)
    i.CLR_Buf2                               0x08000300   Section        0  usart.o(i.CLR_Buf2)
    i.CLR_Buf3                               0x08000324   Section        0  usart.o(i.CLR_Buf3)
    i.Connect_wifi                           0x08000348   Section        0  wifi.o(i.Connect_wifi)
    i.DebugMon_Handler                       0x080006ec   Section        0  stm32f10x_it.o(i.DebugMon_Handler)
    i.EXTI1_IRQHandler                       0x080006f0   Section        0  exti.o(i.EXTI1_IRQHandler)
    i.EXTI4_IRQHandler                       0x08000738   Section        0  exti.o(i.EXTI4_IRQHandler)
    i.EXTI9_5_IRQHandler                     0x08000780   Section        0  exti.o(i.EXTI9_5_IRQHandler)
    i.EXTIX_Init                             0x08000808   Section        0  exti.o(i.EXTIX_Init)
    i.EXTI_ClearITPendingBit                 0x080008e0   Section        0  stm32f10x_exti.o(i.EXTI_ClearITPendingBit)
    i.EXTI_Init                              0x080008ec   Section        0  stm32f10x_exti.o(i.EXTI_Init)
    i.FLASH_ErasePage                        0x08000980   Section        0  stm32f10x_flash.o(i.FLASH_ErasePage)
    i.FLASH_GetBank1Status                   0x080009cc   Section        0  stm32f10x_flash.o(i.FLASH_GetBank1Status)
    i.FLASH_Lock                             0x08000a00   Section        0  stm32f10x_flash.o(i.FLASH_Lock)
    i.FLASH_ProgramHalfWord                  0x08000a14   Section        0  stm32f10x_flash.o(i.FLASH_ProgramHalfWord)
    i.FLASH_Unlock                           0x08000a54   Section        0  stm32f10x_flash.o(i.FLASH_Unlock)
    i.FLASH_WaitForLastOperation             0x08000a6c   Section        0  stm32f10x_flash.o(i.FLASH_WaitForLastOperation)
    i.GPIO_Configuration                     0x08000a94   Section        0  gpio.o(i.GPIO_Configuration)
    i.GPIO_EXTILineConfig                    0x08000b34   Section        0  stm32f10x_gpio.o(i.GPIO_EXTILineConfig)
    i.GPIO_Init                              0x08000b74   Section        0  stm32f10x_gpio.o(i.GPIO_Init)
    i.GPIO_PinRemapConfig                    0x08000c8c   Section        0  stm32f10x_gpio.o(i.GPIO_PinRemapConfig)
    i.GPIO_ReadInputDataBit                  0x08000d1c   Section        0  stm32f10x_gpio.o(i.GPIO_ReadInputDataBit)
    i.GPIO_ResetBits                         0x08000d2e   Section        0  stm32f10x_gpio.o(i.GPIO_ResetBits)
    i.GPIO_SetBits                           0x08000d32   Section        0  stm32f10x_gpio.o(i.GPIO_SetBits)
    i.GPIO_StructInit                        0x08000d36   Section        0  stm32f10x_gpio.o(i.GPIO_StructInit)
    i.Get_data_len                           0x08000d46   Section        0  main.o(i.Get_data_len)
    i.HardFault_Handler                      0x08000d58   Section        0  stm32f10x_it.o(i.HardFault_Handler)
    i.KEY_Init                               0x08000d5c   Section        0  exti.o(i.KEY_Init)
    i.LCD_Clear                              0x08000d80   Section        0  lcd.o(i.LCD_Clear)
    i.LCD_DrawLine                           0x08000db0   Section        0  lcd.o(i.LCD_DrawLine)
    i.LCD_DrawPoint                          0x08000e58   Section        0  lcd.o(i.LCD_DrawPoint)
    i.LCD_DrawRectangle                      0x08000e78   Section        0  lcd.o(i.LCD_DrawRectangle)
    i.LCD_Fill                               0x08000eb8   Section        0  lcd.o(i.LCD_Fill)
    i.LCD_ShowChar                           0x08000ef8   Section        0  lcd.o(i.LCD_ShowChar)
    i.LCD_ShowString                         0x08000fdc   Section        0  lcd.o(i.LCD_ShowString)
    i.LCD_Show_Chinese16x16                  0x0800101a   Section        0  lcd.o(i.LCD_Show_Chinese16x16)
    i.LCD_Show_One_Chinese16x16              0x08001044   Section        0  lcd.o(i.LCD_Show_One_Chinese16x16)
    i.LCD_WR_DATA                            0x080010f8   Section        0  lcd.o(i.LCD_WR_DATA)
    i.LCD_WR_DATA8                           0x08001118   Section        0  lcd.o(i.LCD_WR_DATA8)
    i.LCD_WR_REG                             0x08001130   Section        0  lcd.o(i.LCD_WR_REG)
    i.LCD_Writ_Bus                           0x08001148   Section        0  lcd.o(i.LCD_Writ_Bus)
    i.Lcd_Init                               0x08001154   Section        0  lcd.o(i.Lcd_Init)
    i.MemManage_Handler                      0x080013a8   Section        0  stm32f10x_it.o(i.MemManage_Handler)
    i.NMI_Handler                            0x080013ac   Section        0  stm32f10x_it.o(i.NMI_Handler)
    i.NVIC_Configuration                     0x080013ae   Section        0  sys.o(i.NVIC_Configuration)
    i.NVIC_Init                              0x080013bc   Section        0  misc.o(i.NVIC_Init)
    i.NVIC_PriorityGroupConfig               0x0800142c   Section        0  misc.o(i.NVIC_PriorityGroupConfig)
    i.PendSV_Handler                         0x08001440   Section        0  stm32f10x_it.o(i.PendSV_Handler)
    i.Query                                  0x08001442   Section        0  wifi.o(i.Query)
    i.RCC_APB1PeriphClockCmd                 0x080014a4   Section        0  stm32f10x_rcc.o(i.RCC_APB1PeriphClockCmd)
    i.RCC_APB2PeriphClockCmd                 0x080014c4   Section        0  stm32f10x_rcc.o(i.RCC_APB2PeriphClockCmd)
    i.RCC_GetClocksFreq                      0x080014e4   Section        0  stm32f10x_rcc.o(i.RCC_GetClocksFreq)
    i.SPI2_Init                              0x080015b8   Section        0  spi.o(i.SPI2_Init)
    i.SPI2_ReadWriteByte                     0x08001640   Section        0  spi.o(i.SPI2_ReadWriteByte)
    i.SPI_Cmd                                0x08001694   Section        0  stm32f10x_spi.o(i.SPI_Cmd)
    i.SPI_I2S_GetFlagStatus                  0x080016ac   Section        0  stm32f10x_spi.o(i.SPI_I2S_GetFlagStatus)
    i.SPI_I2S_ReceiveData                    0x080016be   Section        0  stm32f10x_spi.o(i.SPI_I2S_ReceiveData)
    i.SPI_I2S_SendData                       0x080016c4   Section        0  stm32f10x_spi.o(i.SPI_I2S_SendData)
    i.SPI_Init                               0x080016c8   Section        0  stm32f10x_spi.o(i.SPI_Init)
    i.STMFLASH_Read                          0x08001704   Section        0  stmflash.o(i.STMFLASH_Read)
    i.STMFLASH_ReadHalfWord                  0x08001726   Section        0  stmflash.o(i.STMFLASH_ReadHalfWord)
    i.STMFLASH_Write                         0x0800172c   Section        0  stmflash.o(i.STMFLASH_Write)
    i.STMFLASH_Write_NoCheck                 0x08001814   Section        0  stmflash.o(i.STMFLASH_Write_NoCheck)
    i.SVC_Handler                            0x0800183a   Section        0  stm32f10x_it.o(i.SVC_Handler)
    i.SetSysClock                            0x0800183c   Section        0  system_stm32f10x.o(i.SetSysClock)
    SetSysClock                              0x0800183d   Thumb Code     8  system_stm32f10x.o(i.SetSysClock)
    i.SetSysClockTo72                        0x08001844   Section        0  system_stm32f10x.o(i.SetSysClockTo72)
    SetSysClockTo72                          0x08001845   Thumb Code   214  system_stm32f10x.o(i.SetSysClockTo72)
    i.SysTick_CLKSourceConfig                0x08001924   Section        0  misc.o(i.SysTick_CLKSourceConfig)
    i.SysTick_Handler                        0x0800194c   Section        0  stm32f10x_it.o(i.SysTick_Handler)
    i.SystemInit                             0x08001950   Section        0  system_stm32f10x.o(i.SystemInit)
    i.TIM2_PWM_Init                          0x080019b0   Section        0  timer.o(i.TIM2_PWM_Init)
    i.TIM3_IRQHandler                        0x08001a44   Section        0  timer.o(i.TIM3_IRQHandler)
    i.TIM3_Int_Init                          0x08001b14   Section        0  timer.o(i.TIM3_Int_Init)
    i.TIM_ClearITPendingBit                  0x08001b74   Section        0  stm32f10x_tim.o(i.TIM_ClearITPendingBit)
    i.TIM_Cmd                                0x08001b7a   Section        0  stm32f10x_tim.o(i.TIM_Cmd)
    i.TIM_GetITStatus                        0x08001b92   Section        0  stm32f10x_tim.o(i.TIM_GetITStatus)
    i.TIM_ITConfig                           0x08001bb4   Section        0  stm32f10x_tim.o(i.TIM_ITConfig)
    i.TIM_OC1Init                            0x08001bc8   Section        0  stm32f10x_tim.o(i.TIM_OC1Init)
    i.TIM_OC1PreloadConfig                   0x08001c60   Section        0  stm32f10x_tim.o(i.TIM_OC1PreloadConfig)
    i.TIM_OC2Init                            0x08001c74   Section        0  stm32f10x_tim.o(i.TIM_OC2Init)
    i.TIM_OC2PreloadConfig                   0x08001d18   Section        0  stm32f10x_tim.o(i.TIM_OC2PreloadConfig)
    i.TIM_TimeBaseInit                       0x08001d34   Section        0  stm32f10x_tim.o(i.TIM_TimeBaseInit)
    i.USART1TxChar                           0x08001dd8   Section        0  usart.o(i.USART1TxChar)
    i.USART1TxStr                            0x08001df8   Section        0  usart.o(i.USART1TxStr)
    i.USART1_IRQHandler                      0x08001e10   Section        0  usart.o(i.USART1_IRQHandler)
    i.USART2TxChar                           0x08001e88   Section        0  usart.o(i.USART2TxChar)
    i.USART2TxStr                            0x08001ea8   Section        0  usart.o(i.USART2TxStr)
    i.USART2_Configuration                   0x08001ec0   Section        0  usart.o(i.USART2_Configuration)
    USART2_Configuration                     0x08001ec1   Thumb Code    68  usart.o(i.USART2_Configuration)
    i.USART2_GPIO_Configuration              0x08001f08   Section        0  usart.o(i.USART2_GPIO_Configuration)
    USART2_GPIO_Configuration                0x08001f09   Thumb Code    56  usart.o(i.USART2_GPIO_Configuration)
    i.USART2_IRQHandler                      0x08001f44   Section        0  usart.o(i.USART2_IRQHandler)
    i.USART2_NVIC_Configuration              0x08001fa8   Section        0  usart.o(i.USART2_NVIC_Configuration)
    USART2_NVIC_Configuration                0x08001fa9   Thumb Code    40  usart.o(i.USART2_NVIC_Configuration)
    i.USART2_RCC_Configuration               0x08001fd0   Section        0  usart.o(i.USART2_RCC_Configuration)
    USART2_RCC_Configuration                 0x08001fd1   Thumb Code    22  usart.o(i.USART2_RCC_Configuration)
    i.USART3TxChar                           0x08001fec   Section        0  usart.o(i.USART3TxChar)
    i.USART3TxData_hex                       0x0800200c   Section        0  usart.o(i.USART3TxData_hex)
    i.USART3_Configuration                   0x08002028   Section        0  usart.o(i.USART3_Configuration)
    USART3_Configuration                     0x08002029   Thumb Code    64  usart.o(i.USART3_Configuration)
    i.USART3_GPIO_Configuration              0x0800206c   Section        0  usart.o(i.USART3_GPIO_Configuration)
    USART3_GPIO_Configuration                0x0800206d   Thumb Code   110  usart.o(i.USART3_GPIO_Configuration)
    i.USART3_IRQHandler                      0x080020e4   Section        0  usart.o(i.USART3_IRQHandler)
    i.USART3_NVIC_Configuration              0x08002140   Section        0  usart.o(i.USART3_NVIC_Configuration)
    USART3_NVIC_Configuration                0x08002141   Thumb Code    38  usart.o(i.USART3_NVIC_Configuration)
    i.USART_Cmd                              0x08002166   Section        0  stm32f10x_usart.o(i.USART_Cmd)
    i.USART_GetFlagStatus                    0x0800217e   Section        0  stm32f10x_usart.o(i.USART_GetFlagStatus)
    i.USART_GetITStatus                      0x08002198   Section        0  stm32f10x_usart.o(i.USART_GetITStatus)
    i.USART_ITConfig                         0x080021ec   Section        0  stm32f10x_usart.o(i.USART_ITConfig)
    i.USART_Init                             0x08002238   Section        0  stm32f10x_usart.o(i.USART_Init)
    i.USART_ReceiveData                      0x08002310   Section        0  stm32f10x_usart.o(i.USART_ReceiveData)
    i.USART_SendData                         0x0800231a   Section        0  stm32f10x_usart.o(i.USART_SendData)
    i.UsageFault_Handler                     0x08002322   Section        0  stm32f10x_it.o(i.UsageFault_Handler)
    i.Usart1_Init                            0x08002328   Section        0  usart.o(i.Usart1_Init)
    i.Usart2_Init                            0x080023fc   Section        0  usart.o(i.Usart2_Init)
    i.Usart3_Remap_Init                      0x08002414   Section        0  usart.o(i.Usart3_Remap_Init)
    i._sys_exit                              0x0800244c   Section        0  usart.o(i._sys_exit)
    i.copy_str                               0x08002452   Section        0  main.o(i.copy_str)
    i.delay_init                             0x08002468   Section        0  delay.o(i.delay_init)
    i.delay_ms                               0x080024ac   Section        0  delay.o(i.delay_ms)
    i.main                                   0x080024f8   Section        0  main.o(i.main)
    i.nowifi_Fan                             0x08002bdc   Section        0  main.o(i.nowifi_Fan)
    i.senddata                               0x08002d30   Section        0  main.o(i.senddata)
    i.stm32flash_stroage                     0x08002eb4   Section        0  main.o(i.stm32flash_stroage)
    i.wait_OK                                0x08003500   Section        0  wifi.o(i.wait_OK)
    i.wait_OK_WIFI                           0x08003538   Section        0  wifi.o(i.wait_OK_WIFI)
    x$fpl$d2f                                0x08003570   Section       98  d2f.o(x$fpl$d2f)
    x$fpl$dadd                               0x080035d4   Section      336  daddsub_clz.o(x$fpl$dadd)
    _dadd1                                   0x080035e5   Thumb Code     0  daddsub_clz.o(x$fpl$dadd)
    x$fpl$dflt                               0x08003724   Section       46  dflt_clz.o(x$fpl$dflt)
    x$fpl$dmul                               0x08003754   Section      340  dmul.o(x$fpl$dmul)
    x$fpl$dnaninf                            0x080038a8   Section      156  dnaninf.o(x$fpl$dnaninf)
    x$fpl$dretinf                            0x08003944   Section       12  dretinf.o(x$fpl$dretinf)
    x$fpl$dsub                               0x08003950   Section      468  daddsub_clz.o(x$fpl$dsub)
    _dsub1                                   0x08003961   Thumb Code     0  daddsub_clz.o(x$fpl$dsub)
    x$fpl$fcmpinf                            0x08003b24   Section       24  fcmpi.o(x$fpl$fcmpinf)
    x$fpl$ffltu                              0x08003b3c   Section       38  fflt_clz.o(x$fpl$ffltu)
    x$fpl$fleqf                              0x08003b64   Section      104  fleqf.o(x$fpl$fleqf)
    x$fpl$fnaninf                            0x08003bcc   Section      140  fnaninf.o(x$fpl$fnaninf)
    x$fpl$fretinf                            0x08003c58   Section       10  fretinf.o(x$fpl$fretinf)
    x$fpl$frleqf                             0x08003c62   Section       98  frleqf.o(x$fpl$frleqf)
    .constdata                               0x08003cc4   Section     3798  lcd.o(.constdata)
    x$fpl$usenofp                            0x08003cc4   Section        0  usenofp.o(x$fpl$usenofp)
    .data                                    0x20000000   Section      154  main.o(.data)
    .data                                    0x2000009c   Section       20  system_stm32f10x.o(.data)
    .data                                    0x200000b0   Section        4  delay.o(.data)
    fac_us                                   0x200000b0   Data           1  delay.o(.data)
    fac_ms                                   0x200000b2   Data           2  delay.o(.data)
    .data                                    0x200000b4   Section       22  usart.o(.data)
    .data                                    0x200000ca   Section        7  timer.o(.data)
    .data                                    0x200000d1   Section       20  stm32f10x_rcc.o(.data)
    APBAHBPrescTable                         0x200000d1   Data          16  stm32f10x_rcc.o(.data)
    ADCPrescTable                            0x200000e1   Data           4  stm32f10x_rcc.o(.data)
    .data                                    0x200000e8   Section       28  lcd.o(.data)
    .data                                    0x20000104   Section        1  exti.o(.data)
    .data                                    0x20000105   Section        4  wifi.o(.data)
    .bss                                     0x2000010c   Section      150  main.o(.bss)
    .bss                                     0x200001a2   Section     1550  usart.o(.bss)
    .bss                                     0x200007b0   Section     2048  stmflash.o(.bss)
    .bss                                     0x20000fb0   Section       96  libspace.o(.bss)
    HEAP                                     0x20001010   Section      512  startup_stm32f10x_hd.o(HEAP)
    Heap_Mem                                 0x20001010   Data         512  startup_stm32f10x_hd.o(HEAP)
    STACK                                    0x20001210   Section     1024  startup_stm32f10x_hd.o(STACK)
    Stack_Mem                                0x20001210   Data        1024  startup_stm32f10x_hd.o(STACK)
    __initial_sp                             0x20001610   Data           0  startup_stm32f10x_hd.o(STACK)

    Global Symbols

    Symbol Name                              Value     Ov Type        Size  Object(Section)

    BuildAttributes$$THM_ISAv4$P$D$K$B$S$PE$A:L22UL41UL21$X:L11$S22US41US21$IEEE1$IW$USESV6$~STKCKD$USESV7$~SHL$OSPACE$ROPI$EBA8$UX$STANDARDLIB$REQ8$PRES8$EABIv2 0x00000000   Number         0  anon$$obj.o ABSOLUTE
    __ARM_use_no_argv                        0x00000000   Number         0  main.o ABSOLUTE
    __ARM_exceptions_init                     - Undefined Weak Reference
    __alloca_initialize                       - Undefined Weak Reference
    __arm_preinit_                            - Undefined Weak Reference
    __cpp_initialize__aeabi_                  - Undefined Weak Reference
    __cxa_finalize                            - Undefined Weak Reference
    __rt_locale                               - Undefined Weak Reference
    __sigvec_lookup                           - Undefined Weak Reference
    _atexit_init                              - Undefined Weak Reference
    _call_atexit_fns                          - Undefined Weak Reference
    _clock_init                               - Undefined Weak Reference
    _fp_trap_init                             - Undefined Weak Reference
    _fp_trap_shutdown                         - Undefined Weak Reference
    _get_lc_collate                           - Undefined Weak Reference
    _get_lc_ctype                             - Undefined Weak Reference
    _get_lc_monetary                          - Undefined Weak Reference
    _get_lc_numeric                           - Undefined Weak Reference
    _get_lc_time                              - Undefined Weak Reference
    _getenv_init                              - Undefined Weak Reference
    _handle_redirection                       - Undefined Weak Reference
    _init_alloc                               - Undefined Weak Reference
    _init_user_alloc                          - Undefined Weak Reference
    _initio                                   - Undefined Weak Reference
    _rand_init                                - Undefined Weak Reference
    _signal_finish                            - Undefined Weak Reference
    _signal_init                              - Undefined Weak Reference
    _terminate_alloc                          - Undefined Weak Reference
    _terminate_user_alloc                     - Undefined Weak Reference
    _terminateio                              - Undefined Weak Reference
    __Vectors_Size                           0x00000130   Number         0  startup_stm32f10x_hd.o ABSOLUTE
    __Vectors                                0x08000000   Data           4  startup_stm32f10x_hd.o(RESET)
    __Vectors_End                            0x08000130   Data           0  startup_stm32f10x_hd.o(RESET)
    __main                                   0x08000131   Thumb Code     8  __main.o(!!!main)
    __scatterload                            0x08000139   Thumb Code     0  __scatter.o(!!!scatter)
    __scatterload_rt2                        0x08000139   Thumb Code    44  __scatter.o(!!!scatter)
    __scatterload_rt2_thumb_only             0x08000139   Thumb Code     0  __scatter.o(!!!scatter)
    __scatterload_null                       0x08000147   Thumb Code     0  __scatter.o(!!!scatter)
    __scatterload_copy                       0x0800016d   Thumb Code    26  __scatter_copy.o(!!handler_copy)
    __scatterload_zeroinit                   0x08000189   Thumb Code    28  __scatter_zi.o(!!handler_zi)
    __rt_lib_init                            0x080001a5   Thumb Code     0  libinit.o(.ARM.Collect$$libinit$$00000000)
    __rt_lib_init_alloca_1                   0x080001a7   Thumb Code     0  libinit2.o(.ARM.Collect$$libinit$$0000002E)
    __rt_lib_init_argv_1                     0x080001a7   Thumb Code     0  libinit2.o(.ARM.Collect$$libinit$$0000002C)
    __rt_lib_init_atexit_1                   0x080001a7   Thumb Code     0  libinit2.o(.ARM.Collect$$libinit$$0000001B)
    __rt_lib_init_clock_1                    0x080001a7   Thumb Code     0  libinit2.o(.ARM.Collect$$libinit$$00000021)
    __rt_lib_init_cpp_1                      0x080001a7   Thumb Code     0  libinit2.o(.ARM.Collect$$libinit$$00000032)
    __rt_lib_init_exceptions_1               0x080001a7   Thumb Code     0  libinit2.o(.ARM.Collect$$libinit$$00000030)
    __rt_lib_init_fp_1                       0x080001a7   Thumb Code     0  libinit2.o(.ARM.Collect$$libinit$$00000002)
    __rt_lib_init_fp_trap_1                  0x080001a7   Thumb Code     0  libinit2.o(.ARM.Collect$$libinit$$0000001F)
    __rt_lib_init_getenv_1                   0x080001a7   Thumb Code     0  libinit2.o(.ARM.Collect$$libinit$$00000023)
    __rt_lib_init_heap_1                     0x080001a7   Thumb Code     0  libinit2.o(.ARM.Collect$$libinit$$0000000A)
    __rt_lib_init_lc_collate_1               0x080001a7   Thumb Code     0  libinit2.o(.ARM.Collect$$libinit$$00000011)
    __rt_lib_init_lc_ctype_1                 0x080001a7   Thumb Code     0  libinit2.o(.ARM.Collect$$libinit$$00000013)
    __rt_lib_init_lc_monetary_1              0x080001a7   Thumb Code     0  libinit2.o(.ARM.Collect$$libinit$$00000015)
    __rt_lib_init_lc_numeric_1               0x080001a7   Thumb Code     0  libinit2.o(.ARM.Collect$$libinit$$00000017)
    __rt_lib_init_lc_time_1                  0x080001a7   Thumb Code     0  libinit2.o(.ARM.Collect$$libinit$$00000019)
    __rt_lib_init_preinit_1                  0x080001a7   Thumb Code     0  libinit2.o(.ARM.Collect$$libinit$$00000004)
    __rt_lib_init_rand_1                     0x080001a7   Thumb Code     0  libinit2.o(.ARM.Collect$$libinit$$0000000E)
    __rt_lib_init_return                     0x080001a7   Thumb Code     0  libinit2.o(.ARM.Collect$$libinit$$00000033)
    __rt_lib_init_signal_1                   0x080001a7   Thumb Code     0  libinit2.o(.ARM.Collect$$libinit$$0000001D)
    __rt_lib_init_stdio_1                    0x080001a7   Thumb Code     0  libinit2.o(.ARM.Collect$$libinit$$00000025)
    __rt_lib_init_user_alloc_1               0x080001a7   Thumb Code     0  libinit2.o(.ARM.Collect$$libinit$$0000000C)
    __rt_lib_shutdown                        0x080001a9   Thumb Code     0  libshutdown.o(.ARM.Collect$$libshutdown$$00000000)
    __rt_lib_shutdown_cpp_1                  0x080001ab   Thumb Code     0  libshutdown2.o(.ARM.Collect$$libshutdown$$00000002)
    __rt_lib_shutdown_fp_trap_1              0x080001ab   Thumb Code     0  libshutdown2.o(.ARM.Collect$$libshutdown$$00000007)
    __rt_lib_shutdown_heap_1                 0x080001ab   Thumb Code     0  libshutdown2.o(.ARM.Collect$$libshutdown$$0000000F)
    __rt_lib_shutdown_return                 0x080001ab   Thumb Code     0  libshutdown2.o(.ARM.Collect$$libshutdown$$00000010)
    __rt_lib_shutdown_signal_1               0x080001ab   Thumb Code     0  libshutdown2.o(.ARM.Collect$$libshutdown$$0000000A)
    __rt_lib_shutdown_stdio_1                0x080001ab   Thumb Code     0  libshutdown2.o(.ARM.Collect$$libshutdown$$00000004)
    __rt_lib_shutdown_user_alloc_1           0x080001ab   Thumb Code     0  libshutdown2.o(.ARM.Collect$$libshutdown$$0000000C)
    __rt_entry                               0x080001ad   Thumb Code     0  __rtentry.o(.ARM.Collect$$rtentry$$00000000)
    __rt_entry_presh_1                       0x080001ad   Thumb Code     0  __rtentry2.o(.ARM.Collect$$rtentry$$00000002)
    __rt_entry_sh                            0x080001ad   Thumb Code     0  __rtentry4.o(.ARM.Collect$$rtentry$$00000004)
    __rt_entry_li                            0x080001b3   Thumb Code     0  __rtentry2.o(.ARM.Collect$$rtentry$$0000000A)
    __rt_entry_postsh_1                      0x080001b3   Thumb Code     0  __rtentry2.o(.ARM.Collect$$rtentry$$00000009)
    __rt_entry_main                          0x080001b7   Thumb Code     0  __rtentry2.o(.ARM.Collect$$rtentry$$0000000D)
    __rt_entry_postli_1                      0x080001b7   Thumb Code     0  __rtentry2.o(.ARM.Collect$$rtentry$$0000000C)
    __rt_exit                                0x080001bf   Thumb Code     0  rtexit.o(.ARM.Collect$$rtexit$$00000000)
    __rt_exit_ls                             0x080001c1   Thumb Code     0  rtexit2.o(.ARM.Collect$$rtexit$$00000003)
    __rt_exit_prels_1                        0x080001c1   Thumb Code     0  rtexit2.o(.ARM.Collect$$rtexit$$00000002)
    __rt_exit_exit                           0x080001c5   Thumb Code     0  rtexit2.o(.ARM.Collect$$rtexit$$00000004)
    Reset_Handler                            0x080001cd   Thumb Code     8  startup_stm32f10x_hd.o(.text)
    ADC1_2_IRQHandler                        0x080001e7   Thumb Code     0  startup_stm32f10x_hd.o(.text)
    ADC3_IRQHandler                          0x080001e7   Thumb Code     0  startup_stm32f10x_hd.o(.text)
    CAN1_RX1_IRQHandler                      0x080001e7   Thumb Code     0  startup_stm32f10x_hd.o(.text)
    CAN1_SCE_IRQHandler                      0x080001e7   Thumb Code     0  startup_stm32f10x_hd.o(.text)
    DMA1_Channel1_IRQHandler                 0x080001e7   Thumb Code     0  startup_stm32f10x_hd.o(.text)
    DMA1_Channel2_IRQHandler                 0x080001e7   Thumb Code     0  startup_stm32f10x_hd.o(.text)
    DMA1_Channel3_IRQHandler                 0x080001e7   Thumb Code     0  startup_stm32f10x_hd.o(.text)
    DMA1_Channel4_IRQHandler                 0x080001e7   Thumb Code     0  startup_stm32f10x_hd.o(.text)
    DMA1_Channel5_IRQHandler                 0x080001e7   Thumb Code     0  startup_stm32f10x_hd.o(.text)
    DMA1_Channel6_IRQHandler                 0x080001e7   Thumb Code     0  startup_stm32f10x_hd.o(.text)
    DMA1_Channel7_IRQHandler                 0x080001e7   Thumb Code     0  startup_stm32f10x_hd.o(.text)
    DMA2_Channel1_IRQHandler                 0x080001e7   Thumb Code     0  startup_stm32f10x_hd.o(.text)
    DMA2_Channel2_IRQHandler                 0x080001e7   Thumb Code     0  startup_stm32f10x_hd.o(.text)
    DMA2_Channel3_IRQHandler                 0x080001e7   Thumb Code     0  startup_stm32f10x_hd.o(.text)
    DMA2_Channel4_5_IRQHandler               0x080001e7   Thumb Code     0  startup_stm32f10x_hd.o(.text)
    EXTI0_IRQHandler                         0x080001e7   Thumb Code     0  startup_stm32f10x_hd.o(.text)
    EXTI15_10_IRQHandler                     0x080001e7   Thumb Code     0  startup_stm32f10x_hd.o(.text)
    EXTI2_IRQHandler                         0x080001e7   Thumb Code     0  startup_stm32f10x_hd.o(.text)
    EXTI3_IRQHandler                         0x080001e7   Thumb Code     0  startup_stm32f10x_hd.o(.text)
    FLASH_IRQHandler                         0x080001e7   Thumb Code     0  startup_stm32f10x_hd.o(.text)
    FSMC_IRQHandler                          0x080001e7   Thumb Code     0  startup_stm32f10x_hd.o(.text)
    I2C1_ER_IRQHandler                       0x080001e7   Thumb Code     0  startup_stm32f10x_hd.o(.text)
    I2C1_EV_IRQHandler                       0x080001e7   Thumb Code     0  startup_stm32f10x_hd.o(.text)
    I2C2_ER_IRQHandler                       0x080001e7   Thumb Code     0  startup_stm32f10x_hd.o(.text)
    I2C2_EV_IRQHandler                       0x080001e7   Thumb Code     0  startup_stm32f10x_hd.o(.text)
    PVD_IRQHandler                           0x080001e7   Thumb Code     0  startup_stm32f10x_hd.o(.text)
    RCC_IRQHandler                           0x080001e7   Thumb Code     0  startup_stm32f10x_hd.o(.text)
    RTCAlarm_IRQHandler                      0x080001e7   Thumb Code     0  startup_stm32f10x_hd.o(.text)
    RTC_IRQHandler                           0x080001e7   Thumb Code     0  startup_stm32f10x_hd.o(.text)
    SDIO_IRQHandler                          0x080001e7   Thumb Code     0  startup_stm32f10x_hd.o(.text)
    SPI1_IRQHandler                          0x080001e7   Thumb Code     0  startup_stm32f10x_hd.o(.text)
    SPI2_IRQHandler                          0x080001e7   Thumb Code     0  startup_stm32f10x_hd.o(.text)
    SPI3_IRQHandler                          0x080001e7   Thumb Code     0  startup_stm32f10x_hd.o(.text)
    TAMPER_IRQHandler                        0x080001e7   Thumb Code     0  startup_stm32f10x_hd.o(.text)
    TIM1_BRK_IRQHandler                      0x080001e7   Thumb Code     0  startup_stm32f10x_hd.o(.text)
    TIM1_CC_IRQHandler                       0x080001e7   Thumb Code     0  startup_stm32f10x_hd.o(.text)
    TIM1_TRG_COM_IRQHandler                  0x080001e7   Thumb Code     0  startup_stm32f10x_hd.o(.text)
    TIM1_UP_IRQHandler                       0x080001e7   Thumb Code     0  startup_stm32f10x_hd.o(.text)
    TIM2_IRQHandler                          0x080001e7   Thumb Code     0  startup_stm32f10x_hd.o(.text)
    TIM4_IRQHandler                          0x080001e7   Thumb Code     0  startup_stm32f10x_hd.o(.text)
    TIM5_IRQHandler                          0x080001e7   Thumb Code     0  startup_stm32f10x_hd.o(.text)
    TIM6_IRQHandler                          0x080001e7   Thumb Code     0  startup_stm32f10x_hd.o(.text)
    TIM7_IRQHandler                          0x080001e7   Thumb Code     0  startup_stm32f10x_hd.o(.text)
    TIM8_BRK_IRQHandler                      0x080001e7   Thumb Code     0  startup_stm32f10x_hd.o(.text)
    TIM8_CC_IRQHandler                       0x080001e7   Thumb Code     0  startup_stm32f10x_hd.o(.text)
    TIM8_TRG_COM_IRQHandler                  0x080001e7   Thumb Code     0  startup_stm32f10x_hd.o(.text)
    TIM8_UP_IRQHandler                       0x080001e7   Thumb Code     0  startup_stm32f10x_hd.o(.text)
    UART4_IRQHandler                         0x080001e7   Thumb Code     0  startup_stm32f10x_hd.o(.text)
    UART5_IRQHandler                         0x080001e7   Thumb Code     0  startup_stm32f10x_hd.o(.text)
    USBWakeUp_IRQHandler                     0x080001e7   Thumb Code     0  startup_stm32f10x_hd.o(.text)
    USB_HP_CAN1_TX_IRQHandler                0x080001e7   Thumb Code     0  startup_stm32f10x_hd.o(.text)
    USB_LP_CAN1_RX0_IRQHandler               0x080001e7   Thumb Code     0  startup_stm32f10x_hd.o(.text)
    WWDG_IRQHandler                          0x080001e7   Thumb Code     0  startup_stm32f10x_hd.o(.text)
    __user_initial_stackheap                 0x080001e9   Thumb Code     0  startup_stm32f10x_hd.o(.text)
    __use_no_semihosting                     0x0800020d   Thumb Code     2  use_no_semi_2.o(.text)
    __use_two_region_memory                  0x0800020f   Thumb Code     2  heapauxi.o(.text)
    __rt_heap_escrow$2region                 0x08000211   Thumb Code     2  heapauxi.o(.text)
    __rt_heap_expand$2region                 0x08000213   Thumb Code     2  heapauxi.o(.text)
    __I$use$semihosting                      0x08000215   Thumb Code     0  use_no_semi.o(.text)
    __use_no_semihosting_swi                 0x08000215   Thumb Code     2  use_no_semi.o(.text)
    __user_setup_stackheap                   0x08000217   Thumb Code    74  sys_stackheap_outer.o(.text)
    exit                                     0x08000261   Thumb Code    18  exit.o(.text)
    __user_libspace                          0x08000275   Thumb Code     8  libspace.o(.text)
    __user_perproc_libspace                  0x08000275   Thumb Code     0  libspace.o(.text)
    __user_perthread_libspace                0x08000275   Thumb Code     0  libspace.o(.text)
    Address_set                              0x0800027d   Thumb Code    90  lcd.o(i.Address_set)
    BusFault_Handler                         0x080002d7   Thumb Code     4  stm32f10x_it.o(i.BusFault_Handler)
    CLR_Buf1                                 0x080002dd   Thumb Code    28  usart.o(i.CLR_Buf1)
    CLR_Buf2                                 0x08000301   Thumb Code    26  usart.o(i.CLR_Buf2)
    CLR_Buf3                                 0x08000325   Thumb Code    26  usart.o(i.CLR_Buf3)
    Connect_wifi                             0x08000349   Thumb Code   480  wifi.o(i.Connect_wifi)
    DebugMon_Handler                         0x080006ed   Thumb Code     2  stm32f10x_it.o(i.DebugMon_Handler)
    EXTI1_IRQHandler                         0x080006f1   Thumb Code    58  exti.o(i.EXTI1_IRQHandler)
    EXTI4_IRQHandler                         0x08000739   Thumb Code    58  exti.o(i.EXTI4_IRQHandler)
    EXTI9_5_IRQHandler                       0x08000781   Thumb Code   122  exti.o(i.EXTI9_5_IRQHandler)
    EXTIX_Init                               0x08000809   Thumb Code   216  exti.o(i.EXTIX_Init)
    EXTI_ClearITPendingBit                   0x080008e1   Thumb Code     6  stm32f10x_exti.o(i.EXTI_ClearITPendingBit)
    EXTI_Init                                0x080008ed   Thumb Code   142  stm32f10x_exti.o(i.EXTI_Init)
    FLASH_ErasePage                          0x08000981   Thumb Code    72  stm32f10x_flash.o(i.FLASH_ErasePage)
    FLASH_GetBank1Status                     0x080009cd   Thumb Code    48  stm32f10x_flash.o(i.FLASH_GetBank1Status)
    FLASH_Lock                               0x08000a01   Thumb Code    14  stm32f10x_flash.o(i.FLASH_Lock)
    FLASH_ProgramHalfWord                    0x08000a15   Thumb Code    60  stm32f10x_flash.o(i.FLASH_ProgramHalfWord)
    FLASH_Unlock                             0x08000a55   Thumb Code    12  stm32f10x_flash.o(i.FLASH_Unlock)
    FLASH_WaitForLastOperation               0x08000a6d   Thumb Code    38  stm32f10x_flash.o(i.FLASH_WaitForLastOperation)
    GPIO_Configuration                       0x08000a95   Thumb Code   150  gpio.o(i.GPIO_Configuration)
    GPIO_EXTILineConfig                      0x08000b35   Thumb Code    60  stm32f10x_gpio.o(i.GPIO_EXTILineConfig)
    GPIO_Init                                0x08000b75   Thumb Code   278  stm32f10x_gpio.o(i.GPIO_Init)
    GPIO_PinRemapConfig                      0x08000c8d   Thumb Code   138  stm32f10x_gpio.o(i.GPIO_PinRemapConfig)
    GPIO_ReadInputDataBit                    0x08000d1d   Thumb Code    18  stm32f10x_gpio.o(i.GPIO_ReadInputDataBit)
    GPIO_ResetBits                           0x08000d2f   Thumb Code     4  stm32f10x_gpio.o(i.GPIO_ResetBits)
    GPIO_SetBits                             0x08000d33   Thumb Code     4  stm32f10x_gpio.o(i.GPIO_SetBits)
    GPIO_StructInit                          0x08000d37   Thumb Code    16  stm32f10x_gpio.o(i.GPIO_StructInit)
    Get_data_len                             0x08000d47   Thumb Code    18  main.o(i.Get_data_len)
    HardFault_Handler                        0x08000d59   Thumb Code     4  stm32f10x_it.o(i.HardFault_Handler)
    KEY_Init                                 0x08000d5d   Thumb Code    32  exti.o(i.KEY_Init)
    LCD_Clear                                0x08000d81   Thumb Code    48  lcd.o(i.LCD_Clear)
    LCD_DrawLine                             0x08000db1   Thumb Code   168  lcd.o(i.LCD_DrawLine)
    LCD_DrawPoint                            0x08000e59   Thumb Code    28  lcd.o(i.LCD_DrawPoint)
    LCD_DrawRectangle                        0x08000e79   Thumb Code    64  lcd.o(i.LCD_DrawRectangle)
    LCD_Fill                                 0x08000eb9   Thumb Code    62  lcd.o(i.LCD_Fill)
    LCD_ShowChar                             0x08000ef9   Thumb Code   216  lcd.o(i.LCD_ShowChar)
    LCD_ShowString                           0x08000fdd   Thumb Code    62  lcd.o(i.LCD_ShowString)
    LCD_Show_Chinese16x16                    0x0800101b   Thumb Code    42  lcd.o(i.LCD_Show_Chinese16x16)
    LCD_Show_One_Chinese16x16                0x08001045   Thumb Code   168  lcd.o(i.LCD_Show_One_Chinese16x16)
    LCD_WR_DATA                              0x080010f9   Thumb Code    28  lcd.o(i.LCD_WR_DATA)
    LCD_WR_DATA8                             0x08001119   Thumb Code    20  lcd.o(i.LCD_WR_DATA8)
    LCD_WR_REG                               0x08001131   Thumb Code    20  lcd.o(i.LCD_WR_REG)
    LCD_Writ_Bus                             0x08001149   Thumb Code    12  lcd.o(i.LCD_Writ_Bus)
    Lcd_Init                                 0x08001155   Thumb Code   590  lcd.o(i.Lcd_Init)
    MemManage_Handler                        0x080013a9   Thumb Code     4  stm32f10x_it.o(i.MemManage_Handler)
    NMI_Handler                              0x080013ad   Thumb Code     2  stm32f10x_it.o(i.NMI_Handler)
    NVIC_Configuration                       0x080013af   Thumb Code    12  sys.o(i.NVIC_Configuration)
    NVIC_Init                                0x080013bd   Thumb Code   100  misc.o(i.NVIC_Init)
    NVIC_PriorityGroupConfig                 0x0800142d   Thumb Code    10  misc.o(i.NVIC_PriorityGroupConfig)
    PendSV_Handler                           0x08001441   Thumb Code     2  stm32f10x_it.o(i.PendSV_Handler)
    Query                                    0x08001443   Thumb Code    98  wifi.o(i.Query)
    RCC_APB1PeriphClockCmd                   0x080014a5   Thumb Code    26  stm32f10x_rcc.o(i.RCC_APB1PeriphClockCmd)
    RCC_APB2PeriphClockCmd                   0x080014c5   Thumb Code    26  stm32f10x_rcc.o(i.RCC_APB2PeriphClockCmd)
    RCC_GetClocksFreq                        0x080014e5   Thumb Code   192  stm32f10x_rcc.o(i.RCC_GetClocksFreq)
    SPI2_Init                                0x080015b9   Thumb Code   128  spi.o(i.SPI2_Init)
    SPI2_ReadWriteByte                       0x08001641   Thumb Code    78  spi.o(i.SPI2_ReadWriteByte)
    SPI_Cmd                                  0x08001695   Thumb Code    24  stm32f10x_spi.o(i.SPI_Cmd)
    SPI_I2S_GetFlagStatus                    0x080016ad   Thumb Code    18  stm32f10x_spi.o(i.SPI_I2S_GetFlagStatus)
    SPI_I2S_ReceiveData                      0x080016bf   Thumb Code     6  stm32f10x_spi.o(i.SPI_I2S_ReceiveData)
    SPI_I2S_SendData                         0x080016c5   Thumb Code     4  stm32f10x_spi.o(i.SPI_I2S_SendData)
    SPI_Init                                 0x080016c9   Thumb Code    60  stm32f10x_spi.o(i.SPI_Init)
    STMFLASH_Read                            0x08001705   Thumb Code    34  stmflash.o(i.STMFLASH_Read)
    STMFLASH_ReadHalfWord                    0x08001727   Thumb Code     6  stmflash.o(i.STMFLASH_ReadHalfWord)
    STMFLASH_Write                           0x0800172d   Thumb Code   222  stmflash.o(i.STMFLASH_Write)
    STMFLASH_Write_NoCheck                   0x08001815   Thumb Code    38  stmflash.o(i.STMFLASH_Write_NoCheck)
    SVC_Handler                              0x0800183b   Thumb Code     2  stm32f10x_it.o(i.SVC_Handler)
    SysTick_CLKSourceConfig                  0x08001925   Thumb Code    40  misc.o(i.SysTick_CLKSourceConfig)
    SysTick_Handler                          0x0800194d   Thumb Code     2  stm32f10x_it.o(i.SysTick_Handler)
    SystemInit                               0x08001951   Thumb Code    78  system_stm32f10x.o(i.SystemInit)
    TIM2_PWM_Init                            0x080019b1   Thumb Code   144  timer.o(i.TIM2_PWM_Init)
    TIM3_IRQHandler                          0x08001a45   Thumb Code   168  timer.o(i.TIM3_IRQHandler)
    TIM3_Int_Init                            0x08001b15   Thumb Code    90  timer.o(i.TIM3_Int_Init)
    TIM_ClearITPendingBit                    0x08001b75   Thumb Code     6  stm32f10x_tim.o(i.TIM_ClearITPendingBit)
    TIM_Cmd                                  0x08001b7b   Thumb Code    24  stm32f10x_tim.o(i.TIM_Cmd)
    TIM_GetITStatus                          0x08001b93   Thumb Code    34  stm32f10x_tim.o(i.TIM_GetITStatus)
    TIM_ITConfig                             0x08001bb5   Thumb Code    18  stm32f10x_tim.o(i.TIM_ITConfig)
    TIM_OC1Init                              0x08001bc9   Thumb Code   132  stm32f10x_tim.o(i.TIM_OC1Init)
    TIM_OC1PreloadConfig                     0x08001c61   Thumb Code    18  stm32f10x_tim.o(i.TIM_OC1PreloadConfig)
    TIM_OC2Init                              0x08001c75   Thumb Code   154  stm32f10x_tim.o(i.TIM_OC2Init)
    TIM_OC2PreloadConfig                     0x08001d19   Thumb Code    26  stm32f10x_tim.o(i.TIM_OC2PreloadConfig)
    TIM_TimeBaseInit                         0x08001d35   Thumb Code   122  stm32f10x_tim.o(i.TIM_TimeBaseInit)
    USART1TxChar                             0x08001dd9   Thumb Code    28  usart.o(i.USART1TxChar)
    USART1TxStr                              0x08001df9   Thumb Code    22  usart.o(i.USART1TxStr)
    USART1_IRQHandler                        0x08001e11   Thumb Code   100  usart.o(i.USART1_IRQHandler)
    USART2TxChar                             0x08001e89   Thumb Code    28  usart.o(i.USART2TxChar)
    USART2TxStr                              0x08001ea9   Thumb Code    22  usart.o(i.USART2TxStr)
    USART2_IRQHandler                        0x08001f45   Thumb Code    84  usart.o(i.USART2_IRQHandler)
    USART3TxChar                             0x08001fed   Thumb Code    28  usart.o(i.USART3TxChar)
    USART3TxData_hex                         0x0800200d   Thumb Code    26  usart.o(i.USART3TxData_hex)
    USART3_IRQHandler                        0x080020e5   Thumb Code    70  usart.o(i.USART3_IRQHandler)
    USART_Cmd                                0x08002167   Thumb Code    24  stm32f10x_usart.o(i.USART_Cmd)
    USART_GetFlagStatus                      0x0800217f   Thumb Code    26  stm32f10x_usart.o(i.USART_GetFlagStatus)
    USART_GetITStatus                        0x08002199   Thumb Code    84  stm32f10x_usart.o(i.USART_GetITStatus)
    USART_ITConfig                           0x080021ed   Thumb Code    74  stm32f10x_usart.o(i.USART_ITConfig)
    USART_Init                               0x08002239   Thumb Code   210  stm32f10x_usart.o(i.USART_Init)
    USART_ReceiveData                        0x08002311   Thumb Code    10  stm32f10x_usart.o(i.USART_ReceiveData)
    USART_SendData                           0x0800231b   Thumb Code     8  stm32f10x_usart.o(i.USART_SendData)
    UsageFault_Handler                       0x08002323   Thumb Code     4  stm32f10x_it.o(i.UsageFault_Handler)
    Usart1_Init                              0x08002329   Thumb Code   198  usart.o(i.Usart1_Init)
    Usart2_Init                              0x080023fd   Thumb Code    24  usart.o(i.Usart2_Init)
    Usart3_Remap_Init                        0x08002415   Thumb Code    46  usart.o(i.Usart3_Remap_Init)
    _sys_exit                                0x0800244d   Thumb Code     6  usart.o(i._sys_exit)
    copy_str                                 0x08002453   Thumb Code    22  main.o(i.copy_str)
    delay_init                               0x08002469   Thumb Code    50  delay.o(i.delay_init)
    delay_ms                                 0x080024ad   Thumb Code    72  delay.o(i.delay_ms)
    main                                     0x080024f9   Thumb Code  1654  main.o(i.main)
    nowifi_Fan                               0x08002bdd   Thumb Code   248  main.o(i.nowifi_Fan)
    senddata                                 0x08002d31   Thumb Code   334  main.o(i.senddata)
    stm32flash_stroage                       0x08002eb5   Thumb Code  1566  main.o(i.stm32flash_stroage)
    wait_OK                                  0x08003501   Thumb Code    48  wifi.o(i.wait_OK)
    wait_OK_WIFI                             0x08003539   Thumb Code    48  wifi.o(i.wait_OK_WIFI)
    __aeabi_d2f                              0x08003571   Thumb Code     0  d2f.o(x$fpl$d2f)
    _d2f                                     0x08003571   Thumb Code    98  d2f.o(x$fpl$d2f)
    __aeabi_dadd                             0x080035d5   Thumb Code     0  daddsub_clz.o(x$fpl$dadd)
    _dadd                                    0x080035d5   Thumb Code   332  daddsub_clz.o(x$fpl$dadd)
    __aeabi_i2d                              0x08003725   Thumb Code     0  dflt_clz.o(x$fpl$dflt)
    _dflt                                    0x08003725   Thumb Code    46  dflt_clz.o(x$fpl$dflt)
    __aeabi_dmul                             0x08003755   Thumb Code     0  dmul.o(x$fpl$dmul)
    _dmul                                    0x08003755   Thumb Code   332  dmul.o(x$fpl$dmul)
    __fpl_dnaninf                            0x080038a9   Thumb Code   156  dnaninf.o(x$fpl$dnaninf)
    __fpl_dretinf                            0x08003945   Thumb Code    12  dretinf.o(x$fpl$dretinf)
    __aeabi_dsub                             0x08003951   Thumb Code     0  daddsub_clz.o(x$fpl$dsub)
    _dsub                                    0x08003951   Thumb Code   464  daddsub_clz.o(x$fpl$dsub)
    __fpl_fcmp_Inf                           0x08003b25   Thumb Code    24  fcmpi.o(x$fpl$fcmpinf)
    __aeabi_ui2f                             0x08003b3d   Thumb Code     0  fflt_clz.o(x$fpl$ffltu)
    _ffltu                                   0x08003b3d   Thumb Code    38  fflt_clz.o(x$fpl$ffltu)
    __aeabi_cfcmple                          0x08003b65   Thumb Code     0  fleqf.o(x$fpl$fleqf)
    _fcmple                                  0x08003b65   Thumb Code   104  fleqf.o(x$fpl$fleqf)
    __fpl_fcmple_InfNaN                      0x08003bb7   Thumb Code     0  fleqf.o(x$fpl$fleqf)
    __fpl_fnaninf                            0x08003bcd   Thumb Code   140  fnaninf.o(x$fpl$fnaninf)
    __fpl_fretinf                            0x08003c59   Thumb Code    10  fretinf.o(x$fpl$fretinf)
    __aeabi_cfrcmple                         0x08003c63   Thumb Code     0  frleqf.o(x$fpl$frleqf)
    _frcmple                                 0x08003c63   Thumb Code    98  frleqf.o(x$fpl$frleqf)
    __I$use$fp                               0x08003cc4   Number         0  usenofp.o(x$fpl$usenofp)
    asc2_1608                                0x08003cc4   Data        1520  lcd.o(.constdata)
    codeGB_16x16                             0x080042b4   Data        2278  lcd.o(.constdata)
    Region$$Table$$Base                      0x08004b9c   Number         0  anon$$obj.o(Region$$Table)
    Region$$Table$$Limit                     0x08004bbc   Number         0  anon$$obj.o(Region$$Table)
    Read_Humiture_CMD                        0x20000000   Data           8  main.o(.data)
    Flag_LED3_ONOFF                          0x20000008   Data           1  main.o(.data)
    Tem_value                                0x2000000c   Data           4  main.o(.data)
    Hum_value                                0x20000010   Data           4  main.o(.data)
    Light_value                              0x20000014   Data           4  main.o(.data)
    temp_u32                                 0x20000018   Data           4  main.o(.data)
    Gas_value                                0x2000001c   Data           4  main.o(.data)
    Bar_Pre_value                            0x20000020   Data           4  main.o(.data)
    O2_value                                 0x20000024   Data           4  main.o(.data)
    Motor_Flag                               0x20000028   Data           4  main.o(.data)
    Left_Flag                                0x2000002c   Data           4  main.o(.data)
    Temp_Temporarily_value                   0x20000030   Data           4  main.o(.data)
    Temp1_Temporarily_value                  0x20000034   Data           4  main.o(.data)
    Temp_currentTemp                         0x20000038   Data           4  main.o(.data)
    cur_mode                                 0x2000003c   Data           4  main.o(.data)
    flag                                     0x20000040   Data           4  main.o(.data)
    flag_connectwifi                         0x20000044   Data           4  main.o(.data)
    Mode_Flag                                0x20000048   Data           4  main.o(.data)
    value                                    0x2000004c   Data           1  main.o(.data)
    value1                                   0x2000004d   Data           1  main.o(.data)
    count                                    0x2000004e   Data           1  main.o(.data)
    count1                                   0x2000004f   Data           1  main.o(.data)
    nowifi                                   0x20000050   Data           4  main.o(.data)
    x                                        0x20000054   Data           1  main.o(.data)
    i                                        0x20000058   Data           4  main.o(.data)
    Temp_value_str                           0x2000005c   Data           7  main.o(.data)
    Hum_value_str                            0x20000063   Data           6  main.o(.data)
    Light_value_str                          0x20000069   Data           7  main.o(.data)
    Light_value_test                         0x20000070   Data           7  main.o(.data)
    Light1_value_test                        0x20000077   Data           7  main.o(.data)
    FAN1_status                              0x2000007e   Data           7  main.o(.data)
    FAN2_status                              0x20000085   Data           7  main.o(.data)
    Light_storage_data                       0x2000008c   Data           7  main.o(.data)
    Light1_storage_data                      0x20000093   Data           7  main.o(.data)
    SystemCoreClock                          0x2000009c   Data           4  system_stm32f10x.o(.data)
    AHBPrescTable                            0x200000a0   Data          16  system_stm32f10x.o(.data)
    USART1_RX_STA                            0x200000b4   Data           2  usart.o(.data)
    USART2_RX_STA                            0x200000b6   Data           2  usart.o(.data)
    USART3_RX_STA                            0x200000b8   Data           2  usart.o(.data)
    Count_Timer3_value_USART3_receive_timeout 0x200000ba   Data           1  usart.o(.data)
    Count_Timer3_value_USART3_receive_timeout2 0x200000bb   Data           1  usart.o(.data)
    Flag_Usart1_Receive                      0x200000bc   Data           1  usart.o(.data)
    Flag_Usart1_Remap_Receive                0x200000bd   Data           1  usart.o(.data)
    Flag_Usart2_Receive                      0x200000be   Data           1  usart.o(.data)
    Flag_Usart3_Receive                      0x200000bf   Data           1  usart.o(.data)
    Flag_Usart1_Remap                        0x200000c0   Data           1  usart.o(.data)
    Flag_Usart3_Remap                        0x200000c1   Data           1  usart.o(.data)
    Flag_Usart3_Receive_Complete             0x200000c2   Data           1  usart.o(.data)
    Flag_usart1_receive_OK                   0x200000c3   Data           1  usart.o(.data)
    __stdout                                 0x200000c4   Data           4  usart.o(.data)
    USART_RX_STA                             0x200000c8   Data           2  usart.o(.data)
    Count_timer                              0x200000ca   Data           1  timer.o(.data)
    Flag_timer_2S                            0x200000cb   Data           1  timer.o(.data)
    count_time_motor                         0x200000cc   Data           1  timer.o(.data)
    Flag_timer_15S                           0x200000cd   Data           1  timer.o(.data)
    count_15S                                0x200000ce   Data           1  timer.o(.data)
    Flag_timer_7S                            0x200000cf   Data           1  timer.o(.data)
    count_7S                                 0x200000d0   Data           1  timer.o(.data)
    ref                                      0x200000e8   Data           1  lcd.o(.data)
    vx                                       0x200000ec   Data           4  lcd.o(.data)
    vy                                       0x200000f0   Data           4  lcd.o(.data)
    chx                                      0x200000f4   Data           4  lcd.o(.data)
    chy                                      0x200000f8   Data           4  lcd.o(.data)
    BACK_COLOR                               0x200000fc   Data           4  lcd.o(.data)
    POINT_COLOR                              0x20000100   Data           4  lcd.o(.data)
    KEY_value                                0x20000104   Data           1  exti.o(.data)
    flag_time_reset                          0x20000105   Data           1  wifi.o(.data)
    flag_time_wifi                           0x20000106   Data           1  wifi.o(.data)
    flag_time_serv                           0x20000107   Data           1  wifi.o(.data)
    number                                   0x20000108   Data           1  wifi.o(.data)
    AT_send_buf                              0x2000010c   Data         100  main.o(.bss)
    Data_Buf                                 0x20000170   Data          50  main.o(.bss)
    USART1_RX_BUF                            0x200001a2   Data         800  usart.o(.bss)
    USART2_RX_BUF                            0x200004c2   Data         250  usart.o(.bss)
    USART3_RX_BUF                            0x200005bc   Data         250  usart.o(.bss)
    USART_RX_BUF                             0x200006b6   Data         250  usart.o(.bss)
    STMFLASH_BUF                             0x200007b0   Data        2048  stmflash.o(.bss)
    __libspace_start                         0x20000fb0   Data          96  libspace.o(.bss)
    __temporary_stack_top$libspace           0x20001010   Data           0  libspace.o(.bss)



==============================================================================

Memory Map of the image

  Image Entry point : 0x080001cd

  Load Region LR_1 (Base: 0x08000000, Size: 0x00004cc8, Max: 0xffffffff, ABSOLUTE)

    Execution Region ER_RO (Exec base: 0x08000000, Load base: 0x08000000, Size: 0x00004bbc, Max: 0xffffffff, ABSOLUTE)

    Exec Addr    Load Addr    Size         Type   Attr      Idx    E Section Name        Object

    0x08000000   0x08000000   0x00000130   Data   RO          830    RESET               startup_stm32f10x_hd.o
    0x08000130   0x08000130   0x00000008   Code   RO         4100  * !!!main             c_w.l(__main.o)
    0x08000138   0x08000138   0x00000034   Code   RO         4292    !!!scatter          c_w.l(__scatter.o)
    0x0800016c   0x0800016c   0x0000001a   Code   RO         4294    !!handler_copy      c_w.l(__scatter_copy.o)
    0x08000186   0x08000186   0x00000002   PAD
    0x08000188   0x08000188   0x0000001c   Code   RO         4296    !!handler_zi        c_w.l(__scatter_zi.o)
    0x080001a4   0x080001a4   0x00000002   Code   RO         4166    .ARM.Collect$$libinit$$00000000  c_w.l(libinit.o)
    0x080001a6   0x080001a6   0x00000000   Code   RO         4173    .ARM.Collect$$libinit$$00000002  c_w.l(libinit2.o)
    0x080001a6   0x080001a6   0x00000000   Code   RO         4175    .ARM.Collect$$libinit$$00000004  c_w.l(libinit2.o)
    0x080001a6   0x080001a6   0x00000000   Code   RO         4178    .ARM.Collect$$libinit$$0000000A  c_w.l(libinit2.o)
    0x080001a6   0x080001a6   0x00000000   Code   RO         4180    .ARM.Collect$$libinit$$0000000C  c_w.l(libinit2.o)
    0x080001a6   0x080001a6   0x00000000   Code   RO         4182    .ARM.Collect$$libinit$$0000000E  c_w.l(libinit2.o)
    0x080001a6   0x080001a6   0x00000000   Code   RO         4185    .ARM.Collect$$libinit$$00000011  c_w.l(libinit2.o)
    0x080001a6   0x080001a6   0x00000000   Code   RO         4187    .ARM.Collect$$libinit$$00000013  c_w.l(libinit2.o)
    0x080001a6   0x080001a6   0x00000000   Code   RO         4189    .ARM.Collect$$libinit$$00000015  c_w.l(libinit2.o)
    0x080001a6   0x080001a6   0x00000000   Code   RO         4191    .ARM.Collect$$libinit$$00000017  c_w.l(libinit2.o)
    0x080001a6   0x080001a6   0x00000000   Code   RO         4193    .ARM.Collect$$libinit$$00000019  c_w.l(libinit2.o)
    0x080001a6   0x080001a6   0x00000000   Code   RO         4195    .ARM.Collect$$libinit$$0000001B  c_w.l(libinit2.o)
    0x080001a6   0x080001a6   0x00000000   Code   RO         4197    .ARM.Collect$$libinit$$0000001D  c_w.l(libinit2.o)
    0x080001a6   0x080001a6   0x00000000   Code   RO         4199    .ARM.Collect$$libinit$$0000001F  c_w.l(libinit2.o)
    0x080001a6   0x080001a6   0x00000000   Code   RO         4201    .ARM.Collect$$libinit$$00000021  c_w.l(libinit2.o)
    0x080001a6   0x080001a6   0x00000000   Code   RO         4203    .ARM.Collect$$libinit$$00000023  c_w.l(libinit2.o)
    0x080001a6   0x080001a6   0x00000000   Code   RO         4205    .ARM.Collect$$libinit$$00000025  c_w.l(libinit2.o)
    0x080001a6   0x080001a6   0x00000000   Code   RO         4209    .ARM.Collect$$libinit$$0000002C  c_w.l(libinit2.o)
    0x080001a6   0x080001a6   0x00000000   Code   RO         4211    .ARM.Collect$$libinit$$0000002E  c_w.l(libinit2.o)
    0x080001a6   0x080001a6   0x00000000   Code   RO         4213    .ARM.Collect$$libinit$$00000030  c_w.l(libinit2.o)
    0x080001a6   0x080001a6   0x00000000   Code   RO         4215    .ARM.Collect$$libinit$$00000032  c_w.l(libinit2.o)
    0x080001a6   0x080001a6   0x00000002   Code   RO         4216    .ARM.Collect$$libinit$$00000033  c_w.l(libinit2.o)
    0x080001a8   0x080001a8   0x00000002   Code   RO         4234    .ARM.Collect$$libshutdown$$00000000  c_w.l(libshutdown.o)
    0x080001aa   0x080001aa   0x00000000   Code   RO         4244    .ARM.Collect$$libshutdown$$00000002  c_w.l(libshutdown2.o)
    0x080001aa   0x080001aa   0x00000000   Code   RO         4246    .ARM.Collect$$libshutdown$$00000004  c_w.l(libshutdown2.o)
    0x080001aa   0x080001aa   0x00000000   Code   RO         4249    .ARM.Collect$$libshutdown$$00000007  c_w.l(libshutdown2.o)
    0x080001aa   0x080001aa   0x00000000   Code   RO         4252    .ARM.Collect$$libshutdown$$0000000A  c_w.l(libshutdown2.o)
    0x080001aa   0x080001aa   0x00000000   Code   RO         4254    .ARM.Collect$$libshutdown$$0000000C  c_w.l(libshutdown2.o)
    0x080001aa   0x080001aa   0x00000000   Code   RO         4257    .ARM.Collect$$libshutdown$$0000000F  c_w.l(libshutdown2.o)
    0x080001aa   0x080001aa   0x00000002   Code   RO         4258    .ARM.Collect$$libshutdown$$00000010  c_w.l(libshutdown2.o)
    0x080001ac   0x080001ac   0x00000000   Code   RO         4130    .ARM.Collect$$rtentry$$00000000  c_w.l(__rtentry.o)
    0x080001ac   0x080001ac   0x00000000   Code   RO         4143    .ARM.Collect$$rtentry$$00000002  c_w.l(__rtentry2.o)
    0x080001ac   0x080001ac   0x00000006   Code   RO         4155    .ARM.Collect$$rtentry$$00000004  c_w.l(__rtentry4.o)
    0x080001b2   0x080001b2   0x00000000   Code   RO         4145    .ARM.Collect$$rtentry$$00000009  c_w.l(__rtentry2.o)
    0x080001b2   0x080001b2   0x00000004   Code   RO         4146    .ARM.Collect$$rtentry$$0000000A  c_w.l(__rtentry2.o)
    0x080001b6   0x080001b6   0x00000000   Code   RO         4148    .ARM.Collect$$rtentry$$0000000C  c_w.l(__rtentry2.o)
    0x080001b6   0x080001b6   0x00000008   Code   RO         4149    .ARM.Collect$$rtentry$$0000000D  c_w.l(__rtentry2.o)
    0x080001be   0x080001be   0x00000002   Code   RO         4170    .ARM.Collect$$rtexit$$00000000  c_w.l(rtexit.o)
    0x080001c0   0x080001c0   0x00000000   Code   RO         4218    .ARM.Collect$$rtexit$$00000002  c_w.l(rtexit2.o)
    0x080001c0   0x080001c0   0x00000004   Code   RO         4219    .ARM.Collect$$rtexit$$00000003  c_w.l(rtexit2.o)
    0x080001c4   0x080001c4   0x00000006   Code   RO         4220    .ARM.Collect$$rtexit$$00000004  c_w.l(rtexit2.o)
    0x080001ca   0x080001ca   0x00000002   PAD
    0x080001cc   0x080001cc   0x00000040   Code   RO          831  * .text               startup_stm32f10x_hd.o
    0x0800020c   0x0800020c   0x00000002   Code   RO         4096    .text               c_w.l(use_no_semi_2.o)
    0x0800020e   0x0800020e   0x00000006   Code   RO         4098    .text               c_w.l(heapauxi.o)
    0x08000214   0x08000214   0x00000002   Code   RO         4128    .text               c_w.l(use_no_semi.o)
    0x08000216   0x08000216   0x0000004a   Code   RO         4157    .text               c_w.l(sys_stackheap_outer.o)
    0x08000260   0x08000260   0x00000012   Code   RO         4159    .text               c_w.l(exit.o)
    0x08000272   0x08000272   0x00000002   PAD
    0x08000274   0x08000274   0x00000008   Code   RO         4167    .text               c_w.l(libspace.o)
    0x0800027c   0x0800027c   0x0000005a   Code   RO         3820    i.Address_set       lcd.o
    0x080002d6   0x080002d6   0x00000004   Code   RO          188    i.BusFault_Handler  stm32f10x_it.o
    0x080002da   0x080002da   0x00000002   PAD
    0x080002dc   0x080002dc   0x00000024   Code   RO          438    i.CLR_Buf1          usart.o
    0x08000300   0x08000300   0x00000024   Code   RO          439    i.CLR_Buf2          usart.o
    0x08000324   0x08000324   0x00000024   Code   RO          440    i.CLR_Buf3          usart.o
    0x08000348   0x08000348   0x000003a4   Code   RO         4054    i.Connect_wifi      wifi.o
    0x080006ec   0x080006ec   0x00000002   Code   RO          189    i.DebugMon_Handler  stm32f10x_it.o
    0x080006ee   0x080006ee   0x00000002   PAD
    0x080006f0   0x080006f0   0x00000048   Code   RO         3977    i.EXTI1_IRQHandler  exti.o
    0x08000738   0x08000738   0x00000048   Code   RO         3978    i.EXTI4_IRQHandler  exti.o
    0x08000780   0x08000780   0x00000088   Code   RO         3979    i.EXTI9_5_IRQHandler  exti.o
    0x08000808   0x08000808   0x000000d8   Code   RO         3980    i.EXTIX_Init        exti.o
    0x080008e0   0x080008e0   0x0000000c   Code   RO         1633    i.EXTI_ClearITPendingBit  stm32f10x_exti.o
    0x080008ec   0x080008ec   0x00000094   Code   RO         1638    i.EXTI_Init         stm32f10x_exti.o
    0x08000980   0x08000980   0x0000004c   Code   RO         1691    i.FLASH_ErasePage   stm32f10x_flash.o
    0x080009cc   0x080009cc   0x00000034   Code   RO         1692    i.FLASH_GetBank1Status  stm32f10x_flash.o
    0x08000a00   0x08000a00   0x00000014   Code   RO         1701    i.FLASH_Lock        stm32f10x_flash.o
    0x08000a14   0x08000a14   0x00000040   Code   RO         1704    i.FLASH_ProgramHalfWord  stm32f10x_flash.o
    0x08000a54   0x08000a54   0x00000018   Code   RO         1709    i.FLASH_Unlock      stm32f10x_flash.o
    0x08000a6c   0x08000a6c   0x00000026   Code   RO         1713    i.FLASH_WaitForLastOperation  stm32f10x_flash.o
    0x08000a92   0x08000a92   0x00000002   PAD
    0x08000a94   0x08000a94   0x000000a0   Code   RO         3802    i.GPIO_Configuration  gpio.o
    0x08000b34   0x08000b34   0x00000040   Code   RO         1983    i.GPIO_EXTILineConfig  stm32f10x_gpio.o
    0x08000b74   0x08000b74   0x00000116   Code   RO         1986    i.GPIO_Init         stm32f10x_gpio.o
    0x08000c8a   0x08000c8a   0x00000002   PAD
    0x08000c8c   0x08000c8c   0x00000090   Code   RO         1988    i.GPIO_PinRemapConfig  stm32f10x_gpio.o
    0x08000d1c   0x08000d1c   0x00000012   Code   RO         1990    i.GPIO_ReadInputDataBit  stm32f10x_gpio.o
    0x08000d2e   0x08000d2e   0x00000004   Code   RO         1993    i.GPIO_ResetBits    stm32f10x_gpio.o
    0x08000d32   0x08000d32   0x00000004   Code   RO         1994    i.GPIO_SetBits      stm32f10x_gpio.o
    0x08000d36   0x08000d36   0x00000010   Code   RO         1995    i.GPIO_StructInit   stm32f10x_gpio.o
    0x08000d46   0x08000d46   0x00000012   Code   RO            1    i.Get_data_len      main.o
    0x08000d58   0x08000d58   0x00000004   Code   RO          190    i.HardFault_Handler  stm32f10x_it.o
    0x08000d5c   0x08000d5c   0x00000024   Code   RO         3981    i.KEY_Init          exti.o
    0x08000d80   0x08000d80   0x00000030   Code   RO         3821    i.LCD_Clear         lcd.o
    0x08000db0   0x08000db0   0x000000a8   Code   RO         3822    i.LCD_DrawLine      lcd.o
    0x08000e58   0x08000e58   0x00000020   Code   RO         3823    i.LCD_DrawPoint     lcd.o
    0x08000e78   0x08000e78   0x00000040   Code   RO         3824    i.LCD_DrawRectangle  lcd.o
    0x08000eb8   0x08000eb8   0x0000003e   Code   RO         3825    i.LCD_Fill          lcd.o
    0x08000ef6   0x08000ef6   0x00000002   PAD
    0x08000ef8   0x08000ef8   0x000000e4   Code   RO         3826    i.LCD_ShowChar      lcd.o
    0x08000fdc   0x08000fdc   0x0000003e   Code   RO         3827    i.LCD_ShowString    lcd.o
    0x0800101a   0x0800101a   0x0000002a   Code   RO         3828    i.LCD_Show_Chinese16x16  lcd.o
    0x08001044   0x08001044   0x000000b4   Code   RO         3829    i.LCD_Show_One_Chinese16x16  lcd.o
    0x080010f8   0x080010f8   0x00000020   Code   RO         3830    i.LCD_WR_DATA       lcd.o
    0x08001118   0x08001118   0x00000018   Code   RO         3831    i.LCD_WR_DATA8      lcd.o
    0x08001130   0x08001130   0x00000018   Code   RO         3832    i.LCD_WR_REG        lcd.o
    0x08001148   0x08001148   0x0000000c   Code   RO         3834    i.LCD_Writ_Bus      lcd.o
    0x08001154   0x08001154   0x00000254   Code   RO         3835    i.Lcd_Init          lcd.o
    0x080013a8   0x080013a8   0x00000004   Code   RO          191    i.MemManage_Handler  stm32f10x_it.o
    0x080013ac   0x080013ac   0x00000002   Code   RO          192    i.NMI_Handler       stm32f10x_it.o
    0x080013ae   0x080013ae   0x0000000c   Code   RO          426    i.NVIC_Configuration  sys.o
    0x080013ba   0x080013ba   0x00000002   PAD
    0x080013bc   0x080013bc   0x00000070   Code   RO          835    i.NVIC_Init         misc.o
    0x0800142c   0x0800142c   0x00000014   Code   RO          836    i.NVIC_PriorityGroupConfig  misc.o
    0x08001440   0x08001440   0x00000002   Code   RO          193    i.PendSV_Handler    stm32f10x_it.o
    0x08001442   0x08001442   0x00000062   Code   RO         4055    i.Query             wifi.o
    0x080014a4   0x080014a4   0x00000020   Code   RO         2402    i.RCC_APB1PeriphClockCmd  stm32f10x_rcc.o
    0x080014c4   0x080014c4   0x00000020   Code   RO         2404    i.RCC_APB2PeriphClockCmd  stm32f10x_rcc.o
    0x080014e4   0x080014e4   0x000000d4   Code   RO         2412    i.RCC_GetClocksFreq  stm32f10x_rcc.o
    0x080015b8   0x080015b8   0x00000088   Code   RO          666    i.SPI2_Init         spi.o
    0x08001640   0x08001640   0x00000054   Code   RO          667    i.SPI2_ReadWriteByte  spi.o
    0x08001694   0x08001694   0x00000018   Code   RO         2881    i.SPI_Cmd           stm32f10x_spi.o
    0x080016ac   0x080016ac   0x00000012   Code   RO         2889    i.SPI_I2S_GetFlagStatus  stm32f10x_spi.o
    0x080016be   0x080016be   0x00000006   Code   RO         2892    i.SPI_I2S_ReceiveData  stm32f10x_spi.o
    0x080016c4   0x080016c4   0x00000004   Code   RO         2893    i.SPI_I2S_SendData  stm32f10x_spi.o
    0x080016c8   0x080016c8   0x0000003c   Code   RO         2894    i.SPI_Init          stm32f10x_spi.o
    0x08001704   0x08001704   0x00000022   Code   RO         3935    i.STMFLASH_Read     stmflash.o
    0x08001726   0x08001726   0x00000006   Code   RO         3936    i.STMFLASH_ReadHalfWord  stmflash.o
    0x0800172c   0x0800172c   0x000000e8   Code   RO         3937    i.STMFLASH_Write    stmflash.o
    0x08001814   0x08001814   0x00000026   Code   RO         3938    i.STMFLASH_Write_NoCheck  stmflash.o
    0x0800183a   0x0800183a   0x00000002   Code   RO          194    i.SVC_Handler       stm32f10x_it.o
    0x0800183c   0x0800183c   0x00000008   Code   RO          334    i.SetSysClock       system_stm32f10x.o
    0x08001844   0x08001844   0x000000e0   Code   RO          335    i.SetSysClockTo72   system_stm32f10x.o
    0x08001924   0x08001924   0x00000028   Code   RO          839    i.SysTick_CLKSourceConfig  misc.o
    0x0800194c   0x0800194c   0x00000002   Code   RO          195    i.SysTick_Handler   stm32f10x_it.o
    0x0800194e   0x0800194e   0x00000002   PAD
    0x08001950   0x08001950   0x00000060   Code   RO          337    i.SystemInit        system_stm32f10x.o
    0x080019b0   0x080019b0   0x00000094   Code   RO          693    i.TIM2_PWM_Init     timer.o
    0x08001a44   0x08001a44   0x000000d0   Code   RO          694    i.TIM3_IRQHandler   timer.o
    0x08001b14   0x08001b14   0x00000060   Code   RO          695    i.TIM3_Int_Init     timer.o
    0x08001b74   0x08001b74   0x00000006   Code   RO         3031    i.TIM_ClearITPendingBit  stm32f10x_tim.o
    0x08001b7a   0x08001b7a   0x00000018   Code   RO         3036    i.TIM_Cmd           stm32f10x_tim.o
    0x08001b92   0x08001b92   0x00000022   Code   RO         3057    i.TIM_GetITStatus   stm32f10x_tim.o
    0x08001bb4   0x08001bb4   0x00000012   Code   RO         3061    i.TIM_ITConfig      stm32f10x_tim.o
    0x08001bc6   0x08001bc6   0x00000002   PAD
    0x08001bc8   0x08001bc8   0x00000098   Code   RO         3065    i.TIM_OC1Init       stm32f10x_tim.o
    0x08001c60   0x08001c60   0x00000012   Code   RO         3068    i.TIM_OC1PreloadConfig  stm32f10x_tim.o
    0x08001c72   0x08001c72   0x00000002   PAD
    0x08001c74   0x08001c74   0x000000a4   Code   RO         3070    i.TIM_OC2Init       stm32f10x_tim.o
    0x08001d18   0x08001d18   0x0000001a   Code   RO         3073    i.TIM_OC2PreloadConfig  stm32f10x_tim.o
    0x08001d32   0x08001d32   0x00000002   PAD
    0x08001d34   0x08001d34   0x000000a4   Code   RO         3107    i.TIM_TimeBaseInit  stm32f10x_tim.o
    0x08001dd8   0x08001dd8   0x00000020   Code   RO          441    i.USART1TxChar      usart.o
    0x08001df8   0x08001df8   0x00000016   Code   RO          444    i.USART1TxStr       usart.o
    0x08001e0e   0x08001e0e   0x00000002   PAD
    0x08001e10   0x08001e10   0x00000078   Code   RO          445    i.USART1_IRQHandler  usart.o
    0x08001e88   0x08001e88   0x00000020   Code   RO          446    i.USART2TxChar      usart.o
    0x08001ea8   0x08001ea8   0x00000016   Code   RO          449    i.USART2TxStr       usart.o
    0x08001ebe   0x08001ebe   0x00000002   PAD
    0x08001ec0   0x08001ec0   0x00000048   Code   RO          450    i.USART2_Configuration  usart.o
    0x08001f08   0x08001f08   0x0000003c   Code   RO          451    i.USART2_GPIO_Configuration  usart.o
    0x08001f44   0x08001f44   0x00000064   Code   RO          452    i.USART2_IRQHandler  usart.o
    0x08001fa8   0x08001fa8   0x00000028   Code   RO          453    i.USART2_NVIC_Configuration  usart.o
    0x08001fd0   0x08001fd0   0x0000001c   Code   RO          454    i.USART2_RCC_Configuration  usart.o
    0x08001fec   0x08001fec   0x00000020   Code   RO          455    i.USART3TxChar      usart.o
    0x0800200c   0x0800200c   0x0000001a   Code   RO          457    i.USART3TxData_hex  usart.o
    0x08002026   0x08002026   0x00000002   PAD
    0x08002028   0x08002028   0x00000044   Code   RO          459    i.USART3_Configuration  usart.o
    0x0800206c   0x0800206c   0x00000078   Code   RO          460    i.USART3_GPIO_Configuration  usart.o
    0x080020e4   0x080020e4   0x0000005c   Code   RO          461    i.USART3_IRQHandler  usart.o
    0x08002140   0x08002140   0x00000026   Code   RO          462    i.USART3_NVIC_Configuration  usart.o
    0x08002166   0x08002166   0x00000018   Code   RO         3572    i.USART_Cmd         stm32f10x_usart.o
    0x0800217e   0x0800217e   0x0000001a   Code   RO         3575    i.USART_GetFlagStatus  stm32f10x_usart.o
    0x08002198   0x08002198   0x00000054   Code   RO         3576    i.USART_GetITStatus  stm32f10x_usart.o
    0x080021ec   0x080021ec   0x0000004a   Code   RO         3578    i.USART_ITConfig    stm32f10x_usart.o
    0x08002236   0x08002236   0x00000002   PAD
    0x08002238   0x08002238   0x000000d8   Code   RO         3579    i.USART_Init        stm32f10x_usart.o
    0x08002310   0x08002310   0x0000000a   Code   RO         3586    i.USART_ReceiveData  stm32f10x_usart.o
    0x0800231a   0x0800231a   0x00000008   Code   RO         3589    i.USART_SendData    stm32f10x_usart.o
    0x08002322   0x08002322   0x00000004   Code   RO          196    i.UsageFault_Handler  stm32f10x_it.o
    0x08002326   0x08002326   0x00000002   PAD
    0x08002328   0x08002328   0x000000d4   Code   RO          463    i.Usart1_Init       usart.o
    0x080023fc   0x080023fc   0x00000018   Code   RO          465    i.Usart2_Init       usart.o
    0x08002414   0x08002414   0x00000038   Code   RO          467    i.Usart3_Remap_Init  usart.o
    0x0800244c   0x0800244c   0x00000006   Code   RO          468    i._sys_exit         usart.o
    0x08002452   0x08002452   0x00000016   Code   RO            2    i.copy_str          main.o
    0x08002468   0x08002468   0x00000044   Code   RO          368    i.delay_init        delay.o
    0x080024ac   0x080024ac   0x0000004c   Code   RO          369    i.delay_ms          delay.o
    0x080024f8   0x080024f8   0x000006e4   Code   RO            4    i.main              main.o
    0x08002bdc   0x08002bdc   0x00000154   Code   RO            5    i.nowifi_Fan        main.o
    0x08002d30   0x08002d30   0x00000184   Code   RO            6    i.senddata          main.o
    0x08002eb4   0x08002eb4   0x0000064c   Code   RO            7    i.stm32flash_stroage  main.o
    0x08003500   0x08003500   0x00000038   Code   RO         4056    i.wait_OK           wifi.o
    0x08003538   0x08003538   0x00000038   Code   RO         4057    i.wait_OK_WIFI      wifi.o
    0x08003570   0x08003570   0x00000062   Code   RO         4102    x$fpl$d2f           fz_ws.l(d2f.o)
    0x080035d2   0x080035d2   0x00000002   PAD
    0x080035d4   0x080035d4   0x00000150   Code   RO         4104    x$fpl$dadd          fz_ws.l(daddsub_clz.o)
    0x08003724   0x08003724   0x0000002e   Code   RO         4111    x$fpl$dflt          fz_ws.l(dflt_clz.o)
    0x08003752   0x08003752   0x00000002   PAD
    0x08003754   0x08003754   0x00000154   Code   RO         4116    x$fpl$dmul          fz_ws.l(dmul.o)
    0x080038a8   0x080038a8   0x0000009c   Code   RO         4131    x$fpl$dnaninf       fz_ws.l(dnaninf.o)
    0x08003944   0x08003944   0x0000000c   Code   RO         4133    x$fpl$dretinf       fz_ws.l(dretinf.o)
    0x08003950   0x08003950   0x000001d4   Code   RO         4106    x$fpl$dsub          fz_ws.l(daddsub_clz.o)
    0x08003b24   0x08003b24   0x00000018   Code   RO         4135    x$fpl$fcmpinf       fz_ws.l(fcmpi.o)
    0x08003b3c   0x08003b3c   0x00000026   Code   RO         4118    x$fpl$ffltu         fz_ws.l(fflt_clz.o)
    0x08003b62   0x08003b62   0x00000002   PAD
    0x08003b64   0x08003b64   0x00000068   Code   RO         4124    x$fpl$fleqf         fz_ws.l(fleqf.o)
    0x08003bcc   0x08003bcc   0x0000008c   Code   RO         4137    x$fpl$fnaninf       fz_ws.l(fnaninf.o)
    0x08003c58   0x08003c58   0x0000000a   Code   RO         4139    x$fpl$fretinf       fz_ws.l(fretinf.o)
    0x08003c62   0x08003c62   0x00000062   Code   RO         4126    x$fpl$frleqf        fz_ws.l(frleqf.o)
    0x08003cc4   0x08003cc4   0x00000000   Code   RO         4141    x$fpl$usenofp       fz_ws.l(usenofp.o)
    0x08003cc4   0x08003cc4   0x00000ed6   Data   RO         3836    .constdata          lcd.o
    0x08004b9a   0x08004b9a   0x00000002   PAD
    0x08004b9c   0x08004b9c   0x00000020   Data   RO         4290    Region$$Table       anon$$obj.o


    Execution Region ER_RW (Exec base: 0x20000000, Load base: 0x08004bbc, Size: 0x0000010c, Max: 0xffffffff, ABSOLUTE)

    Exec Addr    Load Addr    Size         Type   Attr      Idx    E Section Name        Object

    0x20000000   0x08004bbc   0x0000009a   Data   RW            9    .data               main.o
    0x2000009a   0x08004c56   0x00000002   PAD
    0x2000009c   0x08004c58   0x00000014   Data   RW          338    .data               system_stm32f10x.o
    0x200000b0   0x08004c6c   0x00000004   Data   RW          371    .data               delay.o
    0x200000b4   0x08004c70   0x00000016   Data   RW          471    .data               usart.o
    0x200000ca   0x08004c86   0x00000007   Data   RW          696    .data               timer.o
    0x200000d1   0x08004c8d   0x00000014   Data   RW         2432    .data               stm32f10x_rcc.o
    0x200000e5   0x08004ca1   0x00000003   PAD
    0x200000e8   0x08004ca4   0x0000001c   Data   RW         3837    .data               lcd.o
    0x20000104   0x08004cc0   0x00000001   Data   RW         3982    .data               exti.o
    0x20000105   0x08004cc1   0x00000004   Data   RW         4058    .data               wifi.o


    Execution Region ER_ZI (Exec base: 0x2000010c, Load base: 0x08004cc8, Size: 0x00001504, Max: 0xffffffff, ABSOLUTE)

    Exec Addr    Load Addr    Size         Type   Attr      Idx    E Section Name        Object

    0x2000010c        -       0x00000096   Zero   RW            8    .bss                main.o
    0x200001a2        -       0x0000060e   Zero   RW          470    .bss                usart.o
    0x200007b0        -       0x00000800   Zero   RW         3940    .bss                stmflash.o
    0x20000fb0        -       0x00000060   Zero   RW         4168    .bss                c_w.l(libspace.o)
    0x20001010        -       0x00000200   Zero   RW          829    HEAP                startup_stm32f10x_hd.o
    0x20001210        -       0x00000400   Zero   RW          828    STACK               startup_stm32f10x_hd.o


==============================================================================

Image component sizes


      Code (inc. data)   RO Data    RW Data    ZI Data      Debug   Object Name

         0          0          0          0          0         32   core_cm3.o
       144         22          0          4          0     208020   delay.o
       532         46          0          1          0       2963   exti.o
       160         10          0          0          0        585   gpio.o
      1664         46       3798         28          0      11406   lcd.o
      4144        656          0        154        150      26503   main.o
       172         22          0          0          0       1965   misc.o
       220         14          0          0          0       1193   spi.o
        64         26        304          0       1536        772   startup_stm32f10x_hd.o
       160         12          0          0          0       1429   stm32f10x_exti.o
       274         30          0          0          0       3294   stm32f10x_flash.o
       528         10          0          0          0       5454   stm32f10x_gpio.o
        26          0          0          0          0      60154   stm32f10x_it.o
       276         32          0         20          0       4326   stm32f10x_rcc.o
       112          0          0          0          0       3698   stm32f10x_spi.o
       606         72          0          0          0       5944   stm32f10x_tim.o
       442          6          0          0          0       5989   stm32f10x_usart.o
       310         10          0          0       2048       3249   stmflash.o
        12          0          0          0          0        433   sys.o
       328         28          0         20          0       1977   system_stm32f10x.o
       452         50          0          7          0     238331   timer.o
      1310        150          0         22       1550     221188   usart.o
      1142        468          0          4          0       3215   wifi.o

    ----------------------------------------------------------------------
     13108       1710       4136        268       5284     812120   Object Totals
         0          0         32          0          0          0   (incl. Generated)
        30          0          2          8          0          0   (incl. Padding)

    ----------------------------------------------------------------------

      Code (inc. data)   RO Data    RW Data    ZI Data      Debug   Library Member Name

         8          0          0          0          0         68   __main.o
         0          0          0          0          0          0   __rtentry.o
        12          0          0          0          0          0   __rtentry2.o
         6          0          0          0          0          0   __rtentry4.o
        52          8          0          0          0          0   __scatter.o
        26          0          0          0          0          0   __scatter_copy.o
        28          0          0          0          0          0   __scatter_zi.o
        18          0          0          0          0         80   exit.o
         6          0          0          0          0        152   heapauxi.o
         2          0          0          0          0          0   libinit.o
         2          0          0          0          0          0   libinit2.o
         2          0          0          0          0          0   libshutdown.o
         2          0          0          0          0          0   libshutdown2.o
         8          4          0          0         96         68   libspace.o
         2          0          0          0          0          0   rtexit.o
        10          0          0          0          0          0   rtexit2.o
        74          0          0          0          0         80   sys_stackheap_outer.o
         2          0          0          0          0         68   use_no_semi.o
         2          0          0          0          0         68   use_no_semi_2.o
        98          4          0          0          0         92   d2f.o
       804         16          0          0          0        272   daddsub_clz.o
        46          0          0          0          0         68   dflt_clz.o
       340         12          0          0          0        104   dmul.o
       156          4          0          0          0         92   dnaninf.o
        12          0          0          0          0         68   dretinf.o
        24          0          0          0          0         68   fcmpi.o
        38          0          0          0          0         68   fflt_clz.o
       104          4          0          0          0         84   fleqf.o
       140          4          0          0          0         84   fnaninf.o
        10          0          0          0          0         68   fretinf.o
        98          0          0          0          0         68   frleqf.o
         0          0          0          0          0          0   usenofp.o

    ----------------------------------------------------------------------
      2144         56          0          0         96       1720   Library Totals
        12          0          0          0          0          0   (incl. Padding)

    ----------------------------------------------------------------------

      Code (inc. data)   RO Data    RW Data    ZI Data      Debug   Library Name

       262         12          0          0         96        584   c_w.l
      1870         44          0          0          0       1136   fz_ws.l

    ----------------------------------------------------------------------
      2144         56          0          0         96       1720   Library Totals

    ----------------------------------------------------------------------

==============================================================================


      Code (inc. data)   RO Data    RW Data    ZI Data      Debug   

     15252       1766       4136        268       5380     806972   Grand Totals
     15252       1766       4136        268       5380     806972   ELF Image Totals
     15252       1766       4136        268          0          0   ROM Totals

==============================================================================

    Total RO  Size (Code + RO Data)                19388 (  18.93kB)
    Total RW  Size (RW Data + ZI Data)              5648 (   5.52kB)
    Total ROM Size (Code + RO Data + RW Data)      19656 (  19.20kB)

==============================================================================

