Component: ARM Compiler 5.05 update 1 (build 106) Tool: armlink [4d0efa]

==============================================================================

Section Cross References

    main.o(i.esp8266_init) refers to lcd.o(i.LCD_ShowString) for LCD_ShowString
    main.o(i.esp8266_init) refers to usart.o(i.USART2TxStr) for USART2TxStr
    main.o(i.esp8266_init) refers to usart.o(i.USART1TxStr) for USART1TxStr
    main.o(i.esp8266_init) refers to delay.o(i.delay_ms) for delay_ms
    main.o(i.esp8266_init) refers to usart.o(i.CLR_Buf1) for CLR_Buf1
    main.o(i.esp8266_init) refers to wifi.o(i.wait_OK) for wait_OK
    main.o(i.esp8266_init) refers to usart.o(.data) for Flag_usart1_receive_OK
    main.o(i.main) refers to gpio.o(i.GPIO_Configuration) for GPIO_Configuration
    main.o(i.main) refers to delay.o(i.delay_init) for delay_init
    main.o(i.main) refers to lcd.o(i.Lcd_Init) for Lcd_Init
    main.o(i.main) refers to exti.o(i.EXTIX_Init) for EXTIX_Init
    main.o(i.main) refers to usart.o(i.Usart1_Init) for Usart1_Init
    main.o(i.main) refers to usart.o(i.Usart2_Init) for Usart2_Init
    main.o(i.main) refers to usart.o(i.Usart3_Remap_Init) for Usart3_Remap_Init
    main.o(i.main) refers to sys.o(i.NVIC_Configuration) for NVIC_Configuration
    main.o(i.main) refers to timer.o(i.TIM3_Int_Init) for TIM3_Int_Init
    main.o(i.main) refers to timer.o(i.TIM2_PWM_Init) for TIM2_PWM_Init
    main.o(i.main) refers to lcd.o(i.LCD_Show_Chinese16x16) for LCD_Show_Chinese16x16
    main.o(i.main) refers to lcd.o(i.LCD_DrawRectangle) for LCD_DrawRectangle
    main.o(i.main) refers to main.o(i.copy_str) for copy_str
    main.o(i.main) refers to stmflash.o(i.STMFLASH_Read) for STMFLASH_Read
    main.o(i.main) refers to lcd.o(i.LCD_ShowString) for LCD_ShowString
    main.o(i.main) refers to lcd.o(i.LCD_Show_One_Chinese16x16) for LCD_Show_One_Chinese16x16
    main.o(i.main) refers to wifi.o(i.Connect_wifi) for Connect_wifi
    main.o(i.main) refers to stm32f10x_gpio.o(i.GPIO_ResetBits) for GPIO_ResetBits
    main.o(i.main) refers to lcd.o(i.LCD_Fill) for LCD_Fill
    main.o(i.main) refers to stm32f10x_gpio.o(i.GPIO_SetBits) for GPIO_SetBits
    main.o(i.main) refers to usart.o(i.USART3TxData_hex) for USART3TxData_hex
    main.o(i.main) refers to main.o(i.stm32flash_stroage) for stm32flash_stroage
    main.o(i.main) refers to wifi.o(i.Query) for Query
    main.o(i.main) refers to usart.o(i.USART2TxStr) for USART2TxStr
    main.o(i.main) refers to stmflash.o(i.STMFLASH_Write) for STMFLASH_Write
    main.o(i.main) refers to usart.o(i.CLR_Buf3) for CLR_Buf3
    main.o(i.main) refers to lcd.o(.data) for BACK_COLOR
    main.o(i.main) refers to main.o(.bss) for Data_Buf
    main.o(i.main) refers to main.o(.data) for Light_storage_data
    main.o(i.main) refers to timer.o(.data) for Flag_timer_2S
    main.o(i.main) refers to usart.o(.bss) for USART1_RX_BUF
    main.o(i.main) refers to usart.o(.data) for Flag_Usart3_Receive
    main.o(i.main) refers to dflt_clz.o(x$fpl$dflt) for __aeabi_i2d
    main.o(i.main) refers to dmul.o(x$fpl$dmul) for __aeabi_dmul
    main.o(i.main) refers to daddsub_clz.o(x$fpl$dadd) for __aeabi_dadd
    main.o(i.main) refers to d2f.o(x$fpl$d2f) for __aeabi_d2f
    main.o(i.main) refers to main.o(i.nowifi_Fan) for nowifi_Fan
    main.o(i.main) refers to main.o(i.senddata) for senddata
    main.o(i.main) refers to wifi.o(.data) for flag_time_serv
    main.o(i.nowifi_Fan) refers to wifi.o(i.Query) for Query
    main.o(i.nowifi_Fan) refers to usart.o(i.USART2TxStr) for USART2TxStr
    main.o(i.nowifi_Fan) refers to fflt_clz.o(x$fpl$ffltu) for __aeabi_ui2f
    main.o(i.nowifi_Fan) refers to fleqf.o(x$fpl$fleqf) for __aeabi_cfcmple
    main.o(i.nowifi_Fan) refers to main.o(i.copy_str) for copy_str
    main.o(i.nowifi_Fan) refers to frleqf.o(x$fpl$frleqf) for __aeabi_cfrcmple
    main.o(i.nowifi_Fan) refers to wifi.o(.data) for flag_time_wifi
    main.o(i.nowifi_Fan) refers to main.o(.data) for nowifi
    main.o(i.nowifi_Fan) refers to usart.o(.bss) for USART1_RX_BUF
    main.o(i.senddata) refers to main.o(i.copy_str) for copy_str
    main.o(i.senddata) refers to main.o(i.Get_data_len) for Get_data_len
    main.o(i.senddata) refers to usart.o(i.USART2TxStr) for USART2TxStr
    main.o(i.senddata) refers to usart.o(i.USART1TxStr) for USART1TxStr
    main.o(i.senddata) refers to wifi.o(i.wait_OK) for wait_OK
    main.o(i.senddata) refers to usart.o(i.CLR_Buf1) for CLR_Buf1
    main.o(i.senddata) refers to usart.o(i.CLR_Buf2) for CLR_Buf2
    main.o(i.senddata) refers to main.o(.bss) for AT_send_buf
    main.o(i.senddata) refers to main.o(.data) for x
    main.o(i.senddata) refers to usart.o(.data) for Count_Timer3_value_USART3_receive_timeout2
    main.o(i.senddata) refers to lcd.o(.data) for POINT_COLOR
    main.o(i.senddata) refers to usart.o(.bss) for USART1_RX_BUF
    main.o(i.senddata) refers to wifi.o(.data) for flag_time_serv
[...]
    ../clib/heapaux.c                        0x00000000   Number         0  heapauxi.o ABSOLUTE
    ../clib/libinit.s                        0x00000000   Number         0  libshutdown2.o ABSOLUTE
    ../clib/libinit.s                        0x00000000   Number         0  libshutdown.o ABSOLUTE
    ../clib/libinit.s                        0x00000000   Number         0  libinit2.o ABSOLUTE
    ../clib/libinit.s                        0x00000000   Number         0  libinit.o ABSOLUTE
    ../clib/signal.c                         0x00000000   Number         0  defsig_other.o ABSOLUTE
    ../clib/signal.c                         0x00000000   Number         0  defsig_rtmem_outer.o ABSOLUTE
    ../clib/signal.c                         0x00000000   Number         0  defsig_exit.o ABSOLUTE
    ../clib/signal.c                         0x00000000   Number         0  defsig_rtmem_inner.o ABSOLUTE
    ../clib/signal.c                         0x00000000   Number         0  __raise.o ABSOLUTE
    ../clib/signal.c                         0x00000000   Number         0  defsig_general.o ABSOLUTE
    ../clib/signal.c                         0x00000000   Number         0  defsig_abrt_inner.o ABSOLUTE
    ../clib/signal.c                         0x00000000   Number         0  defsig_fpe_inner.o ABSOLUTE
    ../clib/signal.c                         0x00000000   Number         0  defsig_pvfn_inner.o ABSOLUTE
    ../clib/signal.c                         0x00000000   Number         0  defsig_rtred_inner.o ABSOLUTE
    ../clib/signal.c                         0x00000000   Number         0  defsig_stak_inner.o ABSOLUTE
    ../clib/signal.c                         0x00000000   Number         0  defsig_cppl_inner.o ABSOLUTE
    ../clib/signal.c                         0x00000000   Number         0  defsig_segv_inner.o ABSOLUTE
    ../clib/signal.c                         0x00000000   Number         0  defsig_rtmem_formal.o ABSOLUTE
    ../clib/signal.s                         0x00000000   Number         0  defsig.o ABSOLUTE
    ../clib/stdlib.c                         0x00000000   Number         0  exit.o ABSOLUTE
    ../fplib/d2f.s                           0x00000000   Number         0  d2f.o ABSOLUTE
    ../fplib/daddsub.s                       0x00000000   Number         0  daddsub_clz.o ABSOLUTE
    ../fplib/dflt.s                          0x00000000   Number         0  dflt_clz.o ABSOLUTE
    ../fplib/dmul.s                          0x00000000   Number         0  dmul.o ABSOLUTE
    ../fplib/dnaninf.s                       0x00000000   Number         0  dnaninf.o ABSOLUTE
    ../fplib/dretinf.s                       0x00000000   Number         0  dretinf.o ABSOLUTE
    ../fplib/fcmpi.s                         0x00000000   Number         0  fcmpi.o ABSOLUTE
    ../fplib/fflt.s                          0x00000000   Number         0  fflt_clz.o ABSOLUTE
    ../fplib/fleqf.s                         0x00000000   Number         0  fleqf.o ABSOLUTE
    ../fplib/fnaninf.s                       0x00000000   Number         0  fnaninf.o ABSOLUTE
    ../fplib/fpinit.s                        0x00000000   Number         0  fpinit.o ABSOLUTE
    ../fplib/fretinf.s                       0x00000000   Number         0  fretinf.o ABSOLUTE
    ../fplib/frleqf.s                        0x00000000   Number         0  frleqf.o ABSOLUTE
    ../fplib/usenofp.s                       0x00000000   Number         0  usenofp.o ABSOLUTE
    ..\CORE\core_cm3.c                       0x00000000   Number         0  core_cm3.o ABSOLUTE
    ..\CORE\startup_stm32f10x_hd.s           0x00000000   Number         0  startup_stm32f10x_hd.o ABSOLUTE
    ..\HARDWARE\Motor.c                      0x00000000   Number         0  motor.o ABSOLUTE
    ..\HARDWARE\exti.c                       0x00000000   Number         0  exti.o ABSOLUTE
    ..\HARDWARE\gpio.c                       0x00000000   Number         0  gpio.o ABSOLUTE
    ..\HARDWARE\lcd.c                        0x00000000   Number         0  lcd.o ABSOLUTE
    ..\HARDWARE\stmflash.c                   0x00000000   Number         0  stmflash.o ABSOLUTE
    ..\HARDWARE\wifi.c                       0x00000000   Number         0  wifi.o ABSOLUTE
    ..\STM32F10x_FWLib\src\misc.c            0x00000000   Number         0  misc.o ABSOLUTE
    ..\STM32F10x_FWLib\src\stm32f10x_adc.c   0x00000000   Number         0  stm32f10x_adc.o ABSOLUTE
    ..\STM32F10x_FWLib\src\stm32f10x_bkp.c   0x00000000   Number         0  stm32f10x_bkp.o ABSOLUTE
    ..\STM32F10x_FWLib\src\stm32f10x_can.c   0x00000000   Number         0  stm32f10x_can.o ABSOLUTE
    ..\STM32F10x_FWLib\src\stm32f10x_cec.c   0x00000000   Number         0  stm32f10x_cec.o ABSOLUTE
    ..\STM32F10x_FWLib\src\stm32f10x_crc.c   0x00000000   Number         0  stm32f10x_crc.o ABSOLUTE
    ..\STM32F10x_FWLib\src\stm32f10x_dac.c   0x00000000   Number         0  stm32f10x_dac.o ABSOLUTE
    ..\STM32F10x_FWLib\src\stm32f10x_dbgmcu.c 0x00000000   Number         0  stm32f10x_dbgmcu.o ABSOLUTE
    ..\STM32F10x_FWLib\src\stm32f10x_dma.c   0x00000000   Number         0  stm32f10x_dma.o ABSOLUTE
    ..\STM32F10x_FWLib\src\stm32f10x_exti.c  0x00000000   Number         0  stm32f10x_exti.o ABSOLUTE
    ..\STM32F10x_FWLib\src\stm32f10x_flash.c 0x00000000   Number         0  stm32f10x_flash.o ABSOLUTE
    ..\STM32F10x_FWLib\src\stm32f10x_fsmc.c  0x00000000   Number         0  stm32f10x_fsmc.o ABSOLUTE
    ..\STM32F10x_FWLib\src\stm32f10x_gpio.c  0x00000000   Number         0  stm32f10x_gpio.o ABSOLUTE
    ..\STM32F10x_FWLib\src\stm32f10x_i2c.c   0x00000000   Number         0  stm32f10x_i2c.o ABSOLUTE
    ..\STM32F10x_FWLib\src\stm32f10x_iwdg.c  0x00000000   Number         0  stm32f10x_iwdg.o ABSOLUTE
    ..\STM32F10x_FWLib\src\stm32f10x_pwr.c   0x00000000   Number         0  stm32f10x_pwr.o ABSOLUTE
    ..\STM32F10x_FWLib\src\stm32f10x_rcc.c   0x00000000   Number         0  stm32f10x_rcc.o ABSOLUTE
    ..\STM32F10x_FWLib\src\stm32f10x_rtc.c   0x00000000   Number         0  stm32f10x_rtc.o ABSOLUTE
    ..\STM32F10x_FWLib\src\stm32f10x_sdio.c  0x00000000   Number         0  stm32f10x_sdio.o ABSOLUTE
    ..\STM32F10x_FWLib\src\stm32f10x_spi.c   0x00000000   Number         0  stm32f10x_spi.o ABSOLUTE
    ..\STM32F10x_FWLib\src\stm32f10x_tim.c   0x00000000   Number         0  stm32f10x_tim.o ABSOLUTE
    ..\STM32F10x_FWLib\src\stm32f10x_usart.c 0x00000000   Number         0  stm32f10x_usart.o ABSOLUTE
    ..\STM32F10x_FWLib\src\stm32f10x_wwdg.c  0x00000000   Number         0  stm32f10x_wwdg.o ABSOLUTE
    ..\SYSTEM\delay\delay.c                  0x00000000   Number         0  delay.o ABSOLUTE
    ..\SYSTEM\spi\spi.c                      0x00000000   Number         0  spi.o ABSOLUTE
    ..\SYSTEM\sys\sys.c                      0x00000000   Number         0  sys.o ABSOLUTE
    ..\SYSTEM\timer\timer.c                  0x00000000   Number         0  timer.o ABSOLUTE
    ..\SYSTEM\usart\usart.c                  0x00000000   Number         0  usart.o ABSOLUTE
    ..\\CORE\\core_cm3.c                     0x00000000   Number         0  core_cm3.o ABSOLUTE
    dc.s                                     0x00000000   Number         0  dc.o ABSOLUTE
    main.c                                   0x00000000   Number         0  main.o ABSOLUTE
    stm32f10x_it.c                           0x00000000   Number         0  stm32f10x_it.o ABSOLUTE
    system_stm32f10x.c                       0x00000000   Number         0  system_stm32f10x.o ABSOLUTE
    RESET                                    0x08000000   Section      304  startup_stm32f10x_hd.o(RESET)
    !!!main                                  0x08000130   Section        8  __main.o(!!!main)
    !!!scatter                               0x08000138   Section       52  __scatter.o(!!!scatter)
    !!handler_copy                           0x0800016c   Section       26  __scatter_copy.o(!!handler_copy)
    !!handler_zi                             0x08000188   Section       28  __scatter_zi.o(!!handler_zi)
    .ARM.Collect$$libinit$$00000000          0x080001a4   Section        2  libinit.o(.ARM.Collect$$libinit$$00000000)
    .ARM.Collect$$libinit$$00000002          0x080001a6   Section        0  libinit2.o(.ARM.Collect$$libinit$$00000002)
    .ARM.Collect$$libinit$$00000004          0x080001a6   Section        0  libinit2.o(.ARM.Collect$$libinit$$00000004)
    .ARM.Collect$$libinit$$0000000A          0x080001a6   Section        0  libinit2.o(.ARM.Collect$$libinit$$0000000A)
    .ARM.Collect$$libinit$$0000000C          0x080001a6   Section        0  libinit2.o(.ARM.Collect$$libinit$$0000000C)
    .ARM.Collect$$libinit$$0000000E          0x080001a6   Section        0  libinit2.o(.ARM.Collect$$libinit$$0000000E)
    .ARM.Collect$$libinit$$00000011          0x080001a6   Section        0  libinit2.o(.ARM.Collect$$libinit$$00000011)
    .ARM.Collect$$libinit$$00000013          0x080001a6   Section        0  libinit2.o(.ARM.Collect$$libinit$$00000013)
    .ARM.Collect$$libinit$$00000015          0x080001a6   Section        0  libinit2.o(.ARM.Collect$$libinit$$00000015)
    .ARM.Collect$$libinit$$00000017          0x080001a6   Section        0  libinit2.o(.ARM.Collect$$libinit$$00000017)
    .ARM.Collect$$libinit$$00000019          0x080001a6   Section        0  libinit2.o(.ARM.Collect$$libinit$$00000019)
    .ARM.Collect$$libinit$$0000001B          0x080001a6   Section        0  libinit2.o(.ARM.Collect$$libinit$$0000001B)
    .ARM.Collect$$libinit$$0000001D          0x080001a6   Section        0  libinit2.o(.ARM.Collect$$libinit$$0000001D)
    .ARM.Collect$$libinit$$0000001F          0x080001a6   Section        0  libinit2.o(.ARM.Collect$$libinit$$0000001F)
    .ARM.Collect$$libinit$$00000021          0x080001a6   Section        0  libinit2.o(.ARM.Collect$$libinit$$00000021)
    .ARM.Collect$$libinit$$00000023          0x080001a6   Section        0  libinit2.o(.ARM.Collect$$libinit$$00000023)
    .ARM.Collect$$libinit$$00000025          0x080001a6   Section        0  libinit2.o(.ARM.Collect$$libinit$$00000025)
    .ARM.Collect$$libinit$$0000002C          0x080001a6   Section        0  libinit2.o(.ARM.Collect$$libinit$$0000002C)
    .ARM.Collect$$libinit$$0000002E          0x080001a6   Section        0  libinit2.o(.ARM.Collect$$libinit$$0000002E)
    .ARM.Collect$$libinit$$00000030          0x080001a6   Section        0  libinit2.o(.ARM.Collect$$libinit$$00000030)
    .ARM.Collect$$libinit$$00000032          0x080001a6   Section        0  libinit2.o(.ARM.Collect$$libinit$$00000032)
    .ARM.Collect$$libinit$$00000033          0x080001a6   Section        2  libinit2.o(.ARM.Collect$$libinit$$00000033)
    .ARM.Collect$$libshutdown$$00000000      0x080001a8   Section        2  libshutdown.o(.ARM.Collect$$libshutdown$$00000000)
    .ARM.Collect$$libshutdown$$00000003      0x080001aa   Section        0  libshutdown2.o(.ARM.Collect$$libshutdown$$00000003)
    .ARM.Collect$$libshutdown$$00000006      0x080001aa   Section        0  libshutdown2.o(.ARM.Collect$$libshutdown$$00000006)
    .ARM.Collect$$libshutdown$$00000009      0x080001aa   Section        0  libshutdown2.o(.ARM.Collect$$libshutdown$$00000009)
    .ARM.Collect$$libshutdown$$0000000B      0x080001aa   Section        0  libshutdown2.o(.ARM.Collect$$libshutdown$$0000000B)
    .ARM.Collect$$libshutdown$$0000000E      0x080001aa   Section        0  libshutdown2.o(.ARM.Collect$$libshutdown$$0000000E)
    .ARM.Collect$$libshutdown$$0000000F      0x080001aa   Section        2  libshutdown2.o(.ARM.Collect$$libshutdown$$0000000F)
    .ARM.Collect$$rtentry$$00000000          0x080001ac   Section        0  __rtentry.o(.ARM.Collect$$rtentry$$00000000)
    .ARM.Collect$$rtentry$$00000002          0x080001ac   Section        0  __rtentry2.o(.ARM.Collect$$rtentry$$00000002)
    .ARM.Collect$$rtentry$$00000004          0x080001ac   Section        6  __rtentry4.o(.ARM.Collect$$rtentry$$00000004)
    .ARM.Collect$$rtentry$$00000009          0x080001b2   Section        0  __rtentry2.o(.ARM.Collect$$rtentry$$00000009)
    .ARM.Collect$$rtentry$$0000000A          0x080001b2   Section        4  __rtentry2.o(.ARM.Collect$$rtentry$$0000000A)
    .ARM.Collect$$rtentry$$0000000C          0x080001b6   Section        0  __rtentry2.o(.ARM.Collect$$rtentry$$0000000C)
    .ARM.Collect$$rtentry$$0000000D          0x080001b6   Section        8  __rtentry2.o(.ARM.Collect$$rtentry$$0000000D)
    .ARM.Collect$$rtexit$$00000000           0x080001be   Section        2  rtexit.o(.ARM.Collect$$rtexit$$00000000)
    .ARM.Collect$$rtexit$$00000002           0x080001c0   Section        0  rtexit2.o(.ARM.Collect$$rtexit$$00000002)
    .ARM.Collect$$rtexit$$00000003           0x080001c0   Section        4  rtexit2.o(.ARM.Collect$$rtexit$$00000003)
    .ARM.Collect$$rtexit$$00000004           0x080001c4   Section        6  rtexit2.o(.ARM.Collect$$rtexit$$00000004)
    .text                                    0x080001cc   Section       64  startup_stm32f10x_hd.o(.text)
    .text                                    0x0800020c   Section        2  use_no_semi_2.o(.text)
    .text                                    0x0800020e   Section        0  heapauxi.o(.text)
    .text                                    0x08000214   Section        2  use_no_semi.o(.text)
    .text                                    0x08000216   Section       74  sys_stackheap_outer.o(.text)
    .text                                    0x08000260   Section        0  exit.o(.text)
    .text                                    0x0800026c   Section        8  libspace.o(.text)
    i.Address_set                            0x08000274   Section        0  lcd.o(i.Address_set)
    i.BusFault_Handler                       0x080002ce   Section        0  stm32f10x_it.o(i.BusFault_Handler)
    i.CLR_Buf1                               0x080002d4   Section        0  usart.o(i.CLR_Buf1)
    i.CLR_Buf2                               0x080002f8   Section        0  usart.o(i.CLR_Buf2)
    i.CLR_Buf3                               0x0800031c   Section        0  usart.o(i.CLR_Buf3)
    i.Connect_wifi                           0x08000340   Section        0  wifi.o(i.Connect_wifi)
    i.DebugMon_Handler                       0x080006e4   Section        0  stm32f10x_it.o(i.DebugMon_Handler)
    i.EXTI1_IRQHandler                       0x080006e8   Section        0  exti.o(i.EXTI1_IRQHandler)
    i.EXTI4_IRQHandler                       0x08000730   Section        0  exti.o(i.EXTI4_IRQHandler)
    i.EXTI9_5_IRQHandler                     0x08000778   Section        0  exti.o(i.EXTI9_5_IRQHandler)
    i.EXTIX_Init                             0x08000800   Section        0  exti.o(i.EXTIX_Init)
    i.EXTI_ClearITPendingBit                 0x080008d8   Section        0  stm32f10x_exti.o(i.EXTI_ClearITPendingBit)
    i.EXTI_Init                              0x080008e4   Section        0  stm32f10x_exti.o(i.EXTI_Init)
    i.FLASH_ErasePage                        0x08000978   Section        0  stm32f10x_flash.o(i.FLASH_ErasePage)
    i.FLASH_GetBank1Status                   0x080009c4   Section        0  stm32f10x_flash.o(i.FLASH_GetBank1Status)
    i.FLASH_Lock                             0x080009f8   Section        0  stm32f10x_flash.o(i.FLASH_Lock)
    i.FLASH_ProgramHalfWord                  0x08000a0c   Section        0  stm32f10x_flash.o(i.FLASH_ProgramHalfWord)
    i.FLASH_Unlock                           0x08000a4c   Section        0  stm32f10x_flash.o(i.FLASH_Unlock)
    i.FLASH_WaitForLastOperation             0x08000a64   Section        0  stm32f10x_flash.o(i.FLASH_WaitForLastOperation)
    i.GPIO_Configuration                     0x08000a8c   Section        0  gpio.o(i.GPIO_Configuration)
    i.GPIO_EXTILineConfig                    0x08000b2c   Section        0  stm32f10x_gpio.o(i.GPIO_EXTILineConfig)
    i.GPIO_Init                              0x08000b6c   Section        0  stm32f10x_gpio.o(i.GPIO_Init)
    i.GPIO_PinRemapConfig                    0x08000c84   Section        0  stm32f10x_gpio.o(i.GPIO_PinRemapConfig)
    i.GPIO_ReadInputDataBit                  0x08000d14   Section        0  stm32f10x_gpio.o(i.GPIO_ReadInputDataBit)
    i.GPIO_ResetBits                         0x08000d26   Section        0  stm32f10x_gpio.o(i.GPIO_ResetBits)
    i.GPIO_SetBits                           0x08000d2a   Section        0  stm32f10x_gpio.o(i.GPIO_SetBits)
    i.GPIO_StructInit                        0x08000d2e   Section        0  stm32f10x_gpio.o(i.GPIO_StructInit)
    i.Get_data_len                           0x08000d3e   Section        0  main.o(i.Get_data_len)
    i.HardFault_Handler                      0x08000d50   Section        0  stm32f10x_it.o(i.HardFault_Handler)
    i.KEY_Init                               0x08000d54   Section        0  exti.o(i.KEY_Init)
    i.LCD_Clear                              0x08000d78   Section        0  lcd.o(i.LCD_Clear)
    i.LCD_DrawLine                           0x08000da8   Section        0  lcd.o(i.LCD_DrawLine)
    i.LCD_DrawPoint                          0x08000e50   Section        0  lcd.o(i.LCD_DrawPoint)
    i.LCD_DrawRectangle                      0x08000e70   Section        0  lcd.o(i.LCD_DrawRectangle)
    i.LCD_Fill                               0x08000eb0   Section        0  lcd.o(i.LCD_Fill)
    i.LCD_ShowChar                           0x08000ef0   Section        0  lcd.o(i.LCD_ShowChar)
    i.LCD_ShowString                         0x08000fd4   Section        0  lcd.o(i.LCD_ShowString)
    i.LCD_Show_Chinese16x16                  0x08001012   Section        0  lcd.o(i.LCD_Show_Chinese16x16)
    i.LCD_Show_One_Chinese16x16              0x0800103c   Section        0  lcd.o(i.LCD_Show_One_Chinese16x16)
    i.LCD_WR_DATA                            0x080010f0   Section        0  lcd.o(i.LCD_WR_DATA)
    i.LCD_WR_DATA8                           0x08001110   Section        0  lcd.o(i.LCD_WR_DATA8)
    i.LCD_WR_REG                             0x08001128   Section        0  lcd.o(i.LCD_WR_REG)
    i.LCD_Writ_Bus                           0x08001140   Section        0  lcd.o(i.LCD_Writ_Bus)
    i.Lcd_Init                               0x0800114c   Section        0  lcd.o(i.Lcd_Init)
    i.MemManage_Handler                      0x080013a0   Section        0  stm32f10x_it.o(i.MemManage_Handler)
    i.NMI_Handler                            0x080013a4   Section        0  stm32f10x_it.o(i.NMI_Handler)
    i.NVIC_Configuration                     0x080013a6   Section        0  sys.o(i.NVIC_Configuration)
    i.NVIC_Init                              0x080013b4   Section        0  misc.o(i.NVIC_Init)
    i.NVIC_PriorityGroupConfig               0x08001424   Section        0  misc.o(i.NVIC_PriorityGroupConfig)
    i.PendSV_Handler                         0x08001438   Section        0  stm32f10x_it.o(i.PendSV_Handler)
    i.Query                                  0x0800143a   Section        0  wifi.o(i.Query)
    i.RCC_APB1PeriphClockCmd                 0x0800149c   Section        0  stm32f10x_rcc.o(i.RCC_APB1PeriphClockCmd)
    i.RCC_APB2PeriphClockCmd                 0x080014bc   Section        0  stm32f10x_rcc.o(i.RCC_APB2PeriphClockCmd)
    i.RCC_GetClocksFreq                      0x080014dc   Section        0  stm32f10x_rcc.o(i.RCC_GetClocksFreq)
    i.SPI2_Init                              0x080015b0   Section        0  spi.o(i.SPI2_Init)
    i.SPI2_ReadWriteByte                     0x08001638   Section        0  spi.o(i.SPI2_ReadWriteByte)
    i.SPI_Cmd                                0x0800168c   Section        0  stm32f10x_spi.o(i.SPI_Cmd)
    i.SPI_I2S_GetFlagStatus                  0x080016a4   Section        0  stm32f10x_spi.o(i.SPI_I2S_GetFlagStatus)
    i.SPI_I2S_ReceiveData                    0x080016b6   Section        0  stm32f10x_spi.o(i.SPI_I2S_ReceiveData)
    i.SPI_I2S_SendData                       0x080016bc   Section        0  stm32f10x_spi.o(i.SPI_I2S_SendData)
    i.SPI_Init                               0x080016c0   Section        0  stm32f10x_spi.o(i.SPI_Init)
    i.STMFLASH_Read                          0x080016fc   Section        0  stmflash.o(i.STMFLASH_Read)
    i.STMFLASH_ReadHalfWord                  0x0800171e   Section        0  stmflash.o(i.STMFLASH_ReadHalfWord)
    i.STMFLASH_Write                         0x08001724   Section        0  stmflash.o(i.STMFLASH_Write)
    i.STMFLASH_Write_NoCheck                 0x0800180c   Section        0  stmflash.o(i.STMFLASH_Write_NoCheck)
    i.SVC_Handler                            0x08001832   Section        0  stm32f10x_it.o(i.SVC_Handler)
    i.SetSysClock                            0x08001834   Section        0  system_stm32f10x.o(i.SetSysClock)
    SetSysClock                              0x08001835   Thumb Code     8  system_stm32f10x.o(i.SetSysClock)
    i.SetSysClockTo72                        0x0800183c   Section        0  system_stm32f10x.o(i.SetSysClockTo72)
    SetSysClockTo72                          0x0800183d   Thumb Code   214  system_stm32f10x.o(i.SetSysClockTo72)
    i.SysTick_CLKSourceConfig                0x0800191c   Section        0  misc.o(i.SysTick_CLKSourceConfig)
    i.SysTick_Handler                        0x08001944   Section        0  stm32f10x_it.o(i.SysTick_Handler)
    i.SystemInit                             0x08001948   Section        0  system_stm32f10x.o(i.SystemInit)
    i.TIM2_PWM_Init                          0x080019a8   Section        0  timer.o(i.TIM2_PWM_Init)
    i.TIM3_IRQHandler                        0x08001a3c   Section        0  timer.o(i.TIM3_IRQHandler)
    i.TIM3_Int_Init                          0x08001b0c   Section        0  timer.o(i.TIM3_Int_Init)
    i.TIM_ClearITPendingBit                  0x08001b6c   Section        0  stm32f10x_tim.o(i.TIM_ClearITPendingBit)
    i.TIM_Cmd                                0x08001b72   Section        0  stm32f10x_tim.o(i.TIM_Cmd)
    i.TIM_GetITStatus                        0x08001b8a   Section        0  stm32f10x_tim.o(i.TIM_GetITStatus)
    i.TIM_ITConfig                           0x08001bac   Section        0  stm32f10x_tim.o(i.TIM_ITConfig)
    i.TIM_OC1Init                            0x08001bc0   Section        0  stm32f10x_tim.o(i.TIM_OC1Init)
    i.TIM_OC1PreloadConfig                   0x08001c58   Section        0  stm32f10x_tim.o(i.TIM_OC1PreloadConfig)
    i.TIM_OC2Init                            0x08001c6c   Section        0  stm32f10x_tim.o(i.TIM_OC2Init)
    i.TIM_OC2PreloadConfig                   0x08001d10   Section        0  stm32f10x_tim.o(i.TIM_OC2PreloadConfig)
    i.TIM_TimeBaseInit                       0x08001d2c   Section        0  stm32f10x_tim.o(i.TIM_TimeBaseInit)
    i.USART1TxChar                           0x08001dd0   Section        0  usart.o(i.USART1TxChar)
    i.USART1TxStr                            0x08001df0   Section        0  usart.o(i.USART1TxStr)
    i.USART1_IRQHandler                      0x08001e08   Section        0  usart.o(i.USART1_IRQHandler)
    i.USART2TxChar                           0x08001e80   Section        0  usart.o(i.USART2TxChar)
    i.USART2TxStr                            0x08001ea0   Section        0  usart.o(i.USART2TxStr)
    i.USART2_Configuration                   0x08001eb8   Section        0  usart.o(i.USART2_Configuration)
    USART2_Configuration                     0x08001eb9   Thumb Code    68  usart.o(i.USART2_Configuration)
    i.USART2_GPIO_Configuration              0x08001f00   Section        0  usart.o(i.USART2_GPIO_Configuration)
    USART2_GPIO_Configuration                0x08001f01   Thumb Code    56  usart.o(i.USART2_GPIO_Configuration)
    i.USART2_IRQHandler                      0x08001f3c   Section        0  usart.o(i.USART2_IRQHandler)
    i.USART2_NVIC_Configuration              0x08001fa0   Section        0  usart.o(i.USART2_NVIC_Configuration)
    USART2_NVIC_Configuration                0x08001fa1   Thumb Code    40  usart.o(i.USART2_NVIC_Configuration)
    i.USART2_RCC_Configuration               0x08001fc8   Section        0  usart.o(i.USART2_RCC_Configuration)
    USART2_RCC_Configuration                 0x08001fc9   Thumb Code    22  usart.o(i.USART2_RCC_Configuration)
    i.USART3TxChar                           0x08001fe4   Section        0  usart.o(i.USART3TxChar)
    i.USART3TxData_hex                       0x08002004   Section        0  usart.o(i.USART3TxData_hex)
    i.USART3_Configuration                   0x08002020   Section        0  usart.o(i.USART3_Configuration)
    USART3_Configuration                     0x08002021   Thumb Code    64  usart.o(i.USART3_Configuration)
    i.USART3_GPIO_Configuration              0x08002064   Section        0  usart.o(i.USART3_GPIO_Configuration)
    USART3_GPIO_Configuration                0x08002065   Thumb Code   110  usart.o(i.USART3_GPIO_Configuration)
    i.USART3_IRQHandler                      0x080020dc   Section        0  usart.o(i.USART3_IRQHandler)
    i.USART3_NVIC_Configuration              0x08002138   Section        0  usart.o(i.USART3_NVIC_Configuration)
    USART3_NVIC_Configuration                0x08002139   Thumb Code    38  usart.o(i.USART3_NVIC_Configuration)
    i.USART_Cmd                              0x0800215e   Section        0  stm32f10x_usart.o(i.USART_Cmd)
    i.USART_GetFlagStatus                    0x08002176   Section        0  stm32f10x_usart.o(i.USART_GetFlagStatus)
    i.USART_GetITStatus                      0x08002190   Section        0  stm32f10x_usart.o(i.USART_GetITStatus)
    i.USART_ITConfig                         0x080021e4   Section        0  stm32f10x_usart.o(i.USART_ITConfig)
    i.USART_Init                             0x08002230   Section        0  stm32f10x_usart.o(i.USART_Init)
    i.USART_ReceiveData                      0x08002308   Section        0  stm32f10x_usart.o(i.USART_ReceiveData)
    i.USART_SendData                         0x08002312   Section        0  stm32f10x_usart.o(i.USART_SendData)
    i.UsageFault_Handler                     0x0800231a   Section        0  stm32f10x_it.o(i.UsageFault_Handler)
    i.Usart1_Init                            0x08002320   Section        0  usart.o(i.Usart1_Init)
    i.Usart2_Init                            0x080023f4   Section        0  usart.o(i.Usart2_Init)
    i.Usart3_Remap_Init                      0x0800240c   Section        0  usart.o(i.Usart3_Remap_Init)
    i._sys_exit                              0x08002444   Section        0  usart.o(i._sys_exit)
    i.copy_str                               0x0800244a   Section        0  main.o(i.copy_str)
    i.delay_init                             0x08002460   Section        0  delay.o(i.delay_init)
    i.delay_ms                               0x080024a4   Section        0  delay.o(i.delay_ms)
    i.main                                   0x080024f0   Section        0  main.o(i.main)
    i.nowifi_Fan                             0x08002bd4   Section        0  main.o(i.nowifi_Fan)
    i.senddata                               0x08002d28   Section        0  main.o(i.senddata)
    i.stm32flash_stroage                     0x08002eac   Section        0  main.o(i.stm32flash_stroage)
    i.wait_OK                                0x080034f8   Section        0  wifi.o(i.wait_OK)
    i.wait_OK_WIFI                           0x08003530   Section        0  wifi.o(i.wait_OK_WIFI)
    x$fpl$d2f                                0x08003568   Section       98  d2f.o(x$fpl$d2f)
    x$fpl$dadd                               0x080035cc   Section      336  daddsub_clz.o(x$fpl$dadd)
    _dadd1                                   0x080035dd   Thumb Code     0  daddsub_clz.o(x$fpl$dadd)
    x$fpl$dflt                               0x0800371c   Section       46  dflt_clz.o(x$fpl$dflt)
    x$fpl$dmul                               0x0800374c   Section      340  dmul.o(x$fpl$dmul)
    x$fpl$dnaninf                            0x080038a0   Section      156  dnaninf.o(x$fpl$dnaninf)
    x$fpl$dretinf                            0x0800393c   Section       12  dretinf.o(x$fpl$dretinf)
    x$fpl$dsub                               0x08003948   Section      468  daddsub_clz.o(x$fpl$dsub)
    _dsub1                                   0x08003959   Thumb Code     0  daddsub_clz.o(x$fpl$dsub)
    x$fpl$fcmpinf                            0x08003b1c   Section       24  fcmpi.o(x$fpl$fcmpinf)
    x$fpl$ffltu                              0x08003b34   Section       38  fflt_clz.o(x$fpl$ffltu)
    x$fpl$fleqf                              0x08003b5c   Section      104  fleqf.o(x$fpl$fleqf)
    x$fpl$fnaninf                            0x08003bc4   Section      140  fnaninf.o(x$fpl$fnaninf)
    x$fpl$fretinf                            0x08003c50   Section       10  fretinf.o(x$fpl$fretinf)
    x$fpl$frleqf                             0x08003c5a   Section       98  frleqf.o(x$fpl$frleqf)
    .constdata                               0x08003cbc   Section     3798  lcd.o(.constdata)
    x$fpl$usenofp                            0x08003cbc   Section        0  usenofp.o(x$fpl$usenofp)
    .data                                    0x20000000   Section      154  main.o(.data)
    .data                                    0x2000009c   Section       20  system_stm32f10x.o(.data)
    .data                                    0x200000b0   Section        4  delay.o(.data)
    fac_us                                   0x200000b0   Data           1  delay.o(.data)
    fac_ms                                   0x200000b2   Data           2  delay.o(.data)
    .data                                    0x200000b4   Section       22  usart.o(.data)
    .data                                    0x200000ca   Section        7  timer.o(.data)
    .data                                    0x200000d1   Section       20  stm32f10x_rcc.o(.data)
    APBAHBPrescTable                         0x200000d1   Data          16  stm32f10x_rcc.o(.data)
    ADCPrescTable                            0x200000e1   Data           4  stm32f10x_rcc.o(.data)
    .data                                    0x200000e8   Section       28  lcd.o(.data)
    .data                                    0x20000104   Section        1  exti.o(.data)
    .data                                    0x20000105   Section        4  wifi.o(.data)
    .bss                                     0x2000010c   Section      150  main.o(.bss)
    .bss                                     0x200001a2   Section     1550  usart.o(.bss)
    .bss                                     0x200007b0   Section     2048  stmflash.o(.bss)
    .bss                                     0x20000fb0   Section       96  libspace.o(.bss)
    HEAP                                     0x20001010   Section      512  startup_stm32f10x_hd.o(HEAP)
    Heap_Mem                                 0x20001010   Data         512  startup_stm32f10x_hd.o(HEAP)
    STACK                                    0x20001210   Section     1024  startup_stm32f10x_hd.o(STACK)
    Stack_Mem                                0x20001210   Data        1024  startup_stm32f10x_hd.o(STACK)
    __initial_sp                             0x20001610   Data           0  startup_stm32f10x_hd.o(STACK)

    Global Symbols

    Symbol Name                              Value     Ov Type        Size  Object(Section)

    BuildAttributes$$THM_ISAv4$P$D$K$B$S$PE$A:L22UL41UL21$X:L11$S22US41US21$IEEE1$IW$USESV6$~STKCKD$USESV7$~SHL$OSPACE$ROPI$EBA8$UX$STANDARDLIB$REQ8$PRES8$EABIv2 0x00000000   Number         0  anon$$obj.o ABSOLUTE
    __ARM_use_no_argv                        0x00000000   Number         0  main.o ABSOLUTE
    __ARM_exceptions_init                     - Undefined Weak Reference
    __alloca_initialize                       - Undefined Weak Reference
    __arm_preinit_                            - Undefined Weak Reference
    __cpp_initialize__aeabi_                  - Undefined Weak Reference
    __cxa_finalize                            - Undefined Weak Reference
    __rt_locale                               - Undefined Weak Reference
    __sigvec_lookup                           - Undefined Weak Reference
    _atexit_init                              - Undefined Weak Reference
    _call_atexit_fns                          - Undefined Weak Reference
    _clock_init                               - Undefined Weak Reference
    _fp_trap_init                             - Undefined Weak Reference
    _fp_trap_shutdown                         - Undefined Weak Reference
    _get_lc_collate                           - Undefined Weak Reference
    _get_lc_ctype                             - Undefined Weak Reference
    _get_lc_monetary                          - Undefined Weak Reference
    _get_lc_numeric                           - Undefined Weak Reference
    _get_lc_time                              - Undefined Weak Reference
    _getenv_init                              - Undefined Weak Reference
    _handle_redirection                       - Undefined Weak Reference
    _init_alloc                               - Undefined Weak Reference
    _init_user_alloc                          - Undefined Weak Reference
    _initio                                   - Undefined Weak Reference
    _rand_init                                - Undefined Weak Reference
    _signal_finish                            - Undefined Weak Reference
    _signal_init                              - Undefined Weak Reference
    _terminate_alloc                          - Undefined Weak Reference
    _terminate_user_alloc                     - Undefined Weak Reference
    _terminateio                              - Undefined Weak Reference
    __Vectors_Size                           0x00000130   Number         0  startup_stm32f10x_hd.o ABSOLUTE
    __Vectors                                0x08000000   Data           4  startup_stm32f10x_hd.o(RESET)
    __Vectors_End                            0x08000130   Data           0  startup_stm32f10x_hd.o(RESET)
    __main                                   0x08000131   Thumb Code     8  __main.o(!!!main)
    __scatterload                            0x08000139   Thumb Code     0  __scatter.o(!!!scatter)
    __scatterload_rt2                        0x08000139   Thumb Code    44  __scatter.o(!!!scatter)
    __scatterload_rt2_thumb_only             0x08000139   Thumb Code     0  __scatter.o(!!!scatter)
    __scatterload_null                       0x08000147   Thumb Code     0  __scatter.o(!!!scatter)
    __scatterload_copy                       0x0800016d   Thumb Code    26  __scatter_copy.o(!!handler_copy)
    __scatterload_zeroinit                   0x08000189   Thumb Code    28  __scatter_zi.o(!!handler_zi)
    __rt_lib_init                            0x080001a5   Thumb Code     0  libinit.o(.ARM.Collect$$libinit$$00000000)
    __rt_lib_init_alloca_1                   0x080001a7   Thumb Code     0  libinit2.o(.ARM.Collect$$libinit$$0000002E)
    __rt_lib_init_argv_1                     0x080001a7   Thumb Code     0  libinit2.o(.ARM.Collect$$libinit$$0000002C)
    __rt_lib_init_atexit_1                   0x080001a7   Thumb Code     0  libinit2.o(.ARM.Collect$$libinit$$0000001B)
    __rt_lib_init_clock_1                    0x080001a7   Thumb Code     0  libinit2.o(.ARM.Collect$$libinit$$00000021)
    __rt_lib_init_cpp_1                      0x080001a7   Thumb Code     0  libinit2.o(.ARM.Collect$$libinit$$00000032)
    __rt_lib_init_exceptions_1               0x080001a7   Thumb Code     0  libinit2.o(.ARM.Collect$$libinit$$00000030)
    __rt_lib_init_fp_1                       0x080001a7   Thumb Code     0  libinit2.o(.ARM.Collect$$libinit$$00000002)
    __rt_lib_init_fp_trap_1                  0x080001a7   Thumb Code     0  libinit2.o(.ARM.Collect$$libinit$$0000001F)
    __rt_lib_init_getenv_1                   0x080001a7   Thumb Code     0  libinit2.o(.ARM.Collect$$libinit$$00000023)
    __rt_lib_init_heap_1                     0x080001a7   Thumb Code     0  libinit2.o(.ARM.Collect$$libinit$$0000000A)
    __rt_lib_init_lc_collate_1               0x080001a7   Thumb Code     0  libinit2.o(.ARM.Collect$$libinit$$00000011)
    __rt_lib_init_lc_ctype_1                 0x080001a7   Thumb Code     0  libinit2.o(.ARM.Collect$$libinit$$00000013)
    __rt_lib_init_lc_monetary_1              0x080001a7   Thumb Code     0  libinit2.o(.ARM.Collect$$libinit$$00000015)
    __rt_lib_init_lc_numeric_1               0x080001a7   Thumb Code     0  libinit2.o(.ARM.Collect$$libinit$$00000017)
    __rt_lib_init_lc_time_1                  0x080001a7   Thumb Code     0  libinit2.o(.ARM.Collect$$libinit$$00000019)
    __rt_lib_init_preinit_1                  0x080001a7   Thumb Code     0  libinit2.o(.ARM.Collect$$libinit$$00000004)
    __rt_lib_init_rand_1                     0x080001a7   Thumb Code     0  libinit2.o(.ARM.Collect$$libinit$$0000000E)
    __rt_lib_init_return                     0x080001a7   Thumb Code     0  libinit2.o(.ARM.Collect$$libinit$$00000033)
    __rt_lib_init_signal_1                   0x080001a7   Thumb Code     0  libinit2.o(.ARM.Collect$$libinit$$0000001D)
    __rt_lib_init_stdio_1                    0x080001a7   Thumb Code     0  libinit2.o(.ARM.Collect$$libinit$$00000025)
    __rt_lib_init_user_alloc_1               0x080001a7   Thumb Code     0  libinit2.o(.ARM.Collect$$libinit$$0000000C)
    __rt_lib_shutdown                        0x080001a9   Thumb Code     0  libshutdown.o(.ARM.Collect$$libshutdown$$00000000)
    __rt_lib_shutdown_fp_trap_1              0x080001ab   Thumb Code     0  libshutdown2.o(.ARM.Collect$$libshutdown$$00000006)
    __rt_lib_shutdown_heap_1                 0x080001ab   Thumb Code     0  libshutdown2.o(.ARM.Collect$$libshutdown$$0000000E)
    __rt_lib_shutdown_return                 0x080001ab   Thumb Code     0  libshutdown2.o(.ARM.Collect$$libshutdown$$0000000F)
    __rt_lib_shutdown_signal_1               0x080001ab   Thumb Code     0  libshutdown2.o(.ARM.Collect$$libshutdown$$00000009)
    __rt_lib_shutdown_stdio_1                0x080001ab   Thumb Code     0  libshutdown2.o(.ARM.Collect$$libshutdown$$00000003)
    __rt_lib_shutdown_user_alloc_1           0x080001ab   Thumb Code     0  libshutdown2.o(.ARM.Collect$$libshutdown$$0000000B)
    __rt_entry                               0x080001ad   Thumb Code     0  __rtentry.o(.ARM.Collect$$rtentry$$00000000)
    __rt_entry_presh_1                       0x080001ad   Thumb Code     0  __rtentry2.o(.ARM.Collect$$rtentry$$00000002)
    __rt_entry_sh                            0x080001ad   Thumb Code     0  __rtentry4.o(.ARM.Collect$$rtentry$$00000004)
    __rt_entry_li                            0x080001b3   Thumb Code     0  __rtentry2.o(.ARM.Collect$$rtentry$$0000000A)
    __rt_entry_postsh_1                      0x080001b3   Thumb Code     0  __rtentry2.o(.ARM.Collect$$rtentry$$00000009)
    __rt_entry_main                          0x080001b7   Thumb Code     0  __rtentry2.o(.ARM.Collect$$rtentry$$0000000D)
    __rt_entry_postli_1                      0x080001b7   Thumb Code     0  __rtentry2.o(.ARM.Collect$$rtentry$$0000000C)
    __rt_exit                                0x080001bf   Thumb Code     0  rtexit.o(.ARM.Collect$$rtexit$$00000000)
    __rt_exit_ls                             0x080001c1   Thumb Code     0  rtexit2.o(.ARM.Collect$$rtexit$$00000003)
    __rt_exit_prels_1                        0x080001c1   Thumb Code     0  rtexit2.o(.ARM.Collect$$rtexit$$00000002)
    __rt_exit_exit                           0x080001c5   Thumb Code     0  rtexit2.o(.ARM.Collect$$rtexit$$00000004)
    Reset_Handler                            0x080001cd   Thumb Code     8  startup_stm32f10x_hd.o(.text)
    ADC1_2_IRQHandler                        0x080001e7   Thumb Code     0  startup_stm32f10x_hd.o(.text)
    ADC3_IRQHandler                          0x080001e7   Thumb Code     0  startup_stm32f10x_hd.o(.text)
    CAN1_RX1_IRQHandler                      0x080001e7   Thumb Code     0  startup_stm32f10x_hd.o(.text)
    CAN1_SCE_IRQHandler                      0x080001e7   Thumb Code     0  startup_stm32f10x_hd.o(.text)
    DMA1_Channel1_IRQHandler                 0x080001e7   Thumb Code     0  startup_stm32f10x_hd.o(.text)
    DMA1_Channel2_IRQHandler                 0x080001e7   Thumb Code     0  startup_stm32f10x_hd.o(.text)
    DMA1_Channel3_IRQHandler                 0x080001e7   Thumb Code     0  startup_stm32f10x_hd.o(.text)
    DMA1_Channel4_IRQHandler                 0x080001e7   Thumb Code     0  startup_stm32f10x_hd.o(.text)
    DMA1_Channel5_IRQHandler                 0x080001e7   Thumb Code     0  startup_stm32f10x_hd.o(.text)
    DMA1_Channel6_IRQHandler                 0x080001e7   Thumb Code     0  startup_stm32f10x_hd.o(.text)
    DMA1_Channel7_IRQHandler                 0x080001e7   Thumb Code     0  startup_stm32f10x_hd.o(.text)
    DMA2_Channel1_IRQHandler                 0x080001e7   Thumb Code     0  startup_stm32f10x_hd.o(.text)
    DMA2_Channel2_IRQHandler                 0x080001e7   Thumb Code     0  startup_stm32f10x_hd.o(.text)
    DMA2_Channel3_IRQHandler                 0x080001e7   Thumb Code     0  startup_stm32f10x_hd.o(.text)
    DMA2_Channel4_5_IRQHandler               0x080001e7   Thumb Code     0  startup_stm32f10x_hd.o(.text)
    EXTI0_IRQHandler                         0x080001e7   Thumb Code     0  startup_stm32f10x_hd.o(.text)
    EXTI15_10_IRQHandler                     0x080001e7   Thumb Code     0  startup_stm32f10x_hd.o(.text)
    EXTI2_IRQHandler                         0x080001e7   Thumb Code     0  startup_stm32f10x_hd.o(.text)
    EXTI3_IRQHandler                         0x080001e7   Thumb Code     0  startup_stm32f10x_hd.o(.text)
    FLASH_IRQHandler                         0x080001e7   Thumb Code     0  startup_stm32f10x_hd.o(.text)
    FSMC_IRQHandler                          0x080001e7   Thumb Code     0  startup_stm32f10x_hd.o(.text)
    I2C1_ER_IRQHandler                       0x080001e7   Thumb Code     0  startup_stm32f10x_hd.o(.text)
    I2C1_EV_IRQHandler                       0x080001e7   Thumb Code     0  startup_stm32f10x_hd.o(.text)
    I2C2_ER_IRQHandler                       0x080001e7   Thumb Code     0  startup_stm32f10x_hd.o(.text)
    I2C2_EV_IRQHandler                       0x080001e7   Thumb Code     0  startup_stm32f10x_hd.o(.text)
    PVD_IRQHandler                           0x080001e7   Thumb Code     0  startup_stm32f10x_hd.o(.text)
    RCC_IRQHandler                           0x080001e7   Thumb Code     0  startup_stm32f10x_hd.o(.text)
    RTCAlarm_IRQHandler                      0x080001e7   Thumb Code     0  startup_stm32f10x_hd.o(.text)
    RTC_IRQHandler                           0x080001e7   Thumb Code     0  startup_stm32f10x_hd.o(.text)
    SDIO_IRQHandler                          0x080001e7   Thumb Code     0  startup_stm32f10x_hd.o(.text)
    SPI1_IRQHandler                          0x080001e7   Thumb Code     0  startup_stm32f10x_hd.o(.text)
    SPI2_IRQHandler                          0x080001e7   Thumb Code     0  startup_stm32f10x_hd.o(.text)
    SPI3_IRQHandler                          0x080001e7   Thumb Code     0  startup_stm32f10x_hd.o(.text)
    TAMPER_IRQHandler                        0x080001e7   Thumb Code     0  startup_stm32f10x_hd.o(.text)
    TIM1_BRK_IRQHandler                      0x080001e7   Thumb Code     0  startup_stm32f10x_hd.o(.text)
    TIM1_CC_IRQHandler                       0x080001e7   Thumb Code     0  startup_stm32f10x_hd.o(.text)
    TIM1_TRG_COM_IRQHandler                  0x080001e7   Thumb Code     0  startup_stm32f10x_hd.o(.text)
    TIM1_UP_IRQHandler                       0x080001e7   Thumb Code     0  startup_stm32f10x_hd.o(.text)
    TIM2_IRQHandler                          0x080001e7   Thumb Code     0  startup_stm32f10x_hd.o(.text)
    TIM4_IRQHandler                          0x080001e7   Thumb Code     0  startup_stm32f10x_hd.o(.text)
    TIM5_IRQHandler                          0x080001e7   Thumb Code     0  startup_stm32f10x_hd.o(.text)
    TIM6_IRQHandler                          0x080001e7   Thumb Code     0  startup_stm32f10x_hd.o(.text)
    TIM7_IRQHandler                          0x080001e7   Thumb Code     0  startup_stm32f10x_hd.o(.text)
    TIM8_BRK_IRQHandler                      0x080001e7   Thumb Code     0  startup_stm32f10x_hd.o(.text)
    TIM8_CC_IRQHandler                       0x080001e7   Thumb Code     0  startup_stm32f10x_hd.o(.text)
    TIM8_TRG_COM_IRQHandler                  0x080001e7   Thumb Code     0  startup_stm32f10x_hd.o(.text)
    TIM8_UP_IRQHandler                       0x080001e7   Thumb Code     0  startup_stm32f10x_hd.o(.text)
    UART4_IRQHandler                         0x080001e7   Thumb Code     0  startup_stm32f10x_hd.o(.text)
    UART5_IRQHandler                         0x080001e7   Thumb Code     0  startup_stm32f10x_hd.o(.text)
    USBWakeUp_IRQHandler                     0x080001e7   Thumb Code     0  startup_stm32f10x_hd.o(.text)
    USB_HP_CAN1_TX_IRQHandler                0x080001e7   Thumb Code     0  startup_stm32f10x_hd.o(.text)
    USB_LP_CAN1_RX0_IRQHandler               0x080001e7   Thumb Code     0  startup_stm32f10x_hd.o(.text)
    WWDG_IRQHandler                          0x080001e7   Thumb Code     0  startup_stm32f10x_hd.o(.text)
    __user_initial_stackheap                 0x080001e9   Thumb Code     0  startup_stm32f10x_hd.o(.text)
    __use_no_semihosting                     0x0800020d   Thumb Code     2  use_no_semi_2.o(.text)
    __use_two_region_memory                  0x0800020f   Thumb Code     2  heapauxi.o(.text)
    __rt_heap_escrow$2region                 0x08000211   Thumb Code     2  heapauxi.o(.text)
    __rt_heap_expand$2region                 0x08000213   Thumb Code     2  heapauxi.o(.text)
    __I$use$semihosting                      0x08000215   Thumb Code     0  use_no_semi.o(.text)
    __use_no_semihosting_swi                 0x08000215   Thumb Code     2  use_no_semi.o(.text)
    __user_setup_stackheap                   0x08000217   Thumb Code    74  sys_stackheap_outer.o(.text)
    exit                                     0x08000261   Thumb Code    12  exit.o(.text)
    __user_libspace                          0x0800026d   Thumb Code     8  libspace.o(.text)
    __user_perproc_libspace                  0x0800026d   Thumb Code     0  libspace.o(.text)
    __user_perthread_libspace                0x0800026d   Thumb Code     0  libspace.o(.text)
    Address_set                              0x08000275   Thumb Code    90  lcd.o(i.Address_set)
    BusFault_Handler                         0x080002cf   Thumb Code     4  stm32f10x_it.o(i.BusFault_Handler)
    CLR_Buf1                                 0x080002d5   Thumb Code    28  usart.o(i.CLR_Buf1)
    CLR_Buf2                                 0x080002f9   Thumb Code    26  usart.o(i.CLR_Buf2)
    CLR_Buf3                                 0x0800031d   Thumb Code    26  usart.o(i.CLR_Buf3)
    Connect_wifi                             0x08000341   Thumb Code   480  wifi.o(i.Connect_wifi)
    DebugMon_Handler                         0x080006e5   Thumb Code     2  stm32f10x_it.o(i.DebugMon_Handler)
    EXTI1_IRQHandler                         0x080006e9   Thumb Code    58  exti.o(i.EXTI1_IRQHandler)
    EXTI4_IRQHandler                         0x08000731   Thumb Code    58  exti.o(i.EXTI4_IRQHandler)
    EXTI9_5_IRQHandler                       0x08000779   Thumb Code   122  exti.o(i.EXTI9_5_IRQHandler)
    EXTIX_Init                               0x08000801   Thumb Code   216  exti.o(i.EXTIX_Init)
    EXTI_ClearITPendingBit                   0x080008d9   Thumb Code     6  stm32f10x_exti.o(i.EXTI_ClearITPendingBit)
    EXTI_Init                                0x080008e5   Thumb Code   142  stm32f10x_exti.o(i.EXTI_Init)
    FLASH_ErasePage                          0x08000979   Thumb Code    72  stm32f10x_flash.o(i.FLASH_ErasePage)
    FLASH_GetBank1Status                     0x080009c5   Thumb Code    48  stm32f10x_flash.o(i.FLASH_GetBank1Status)
    FLASH_Lock                               0x080009f9   Thumb Code    14  stm32f10x_flash.o(i.FLASH_Lock)
    FLASH_ProgramHalfWord                    0x08000a0d   Thumb Code    60  stm32f10x_flash.o(i.FLASH_ProgramHalfWord)
    FLASH_Unlock                             0x08000a4d   Thumb Code    12  stm32f10x_flash.o(i.FLASH_Unlock)
    FLASH_WaitForLastOperation               0x08000a65   Thumb Code    38  stm32f10x_flash.o(i.FLASH_WaitForLastOperation)
    GPIO_Configuration                       0x08000a8d   Thumb Code   150  gpio.o(i.GPIO_Configuration)
    GPIO_EXTILineConfig                      0x08000b2d   Thumb Code    60  stm32f10x_gpio.o(i.GPIO_EXTILineConfig)
    GPIO_Init                                0x08000b6d   Thumb Code   278  stm32f10x_gpio.o(i.GPIO_Init)
    GPIO_PinRemapConfig                      0x08000c85   Thumb Code   138  stm32f10x_gpio.o(i.GPIO_PinRemapConfig)
    GPIO_ReadInputDataBit                    0x08000d15   Thumb Code    18  stm32f10x_gpio.o(i.GPIO_ReadInputDataBit)
    GPIO_ResetBits                           0x08000d27   Thumb Code     4  stm32f10x_gpio.o(i.GPIO_ResetBits)
    GPIO_SetBits                             0x08000d2b   Thumb Code     4  stm32f10x_gpio.o(i.GPIO_SetBits)
    GPIO_StructInit                          0x08000d2f   Thumb Code    16  stm32f10x_gpio.o(i.GPIO_StructInit)
    Get_data_len                             0x08000d3f   Thumb Code    18  main.o(i.Get_data_len)
    HardFault_Handler                        0x08000d51   Thumb Code     4  stm32f10x_it.o(i.HardFault_Handler)
    KEY_Init                                 0x08000d55   Thumb Code    32  exti.o(i.KEY_Init)
    LCD_Clear                                0x08000d79   Thumb Code    48  lcd.o(i.LCD_Clear)
    LCD_DrawLine                             0x08000da9   Thumb Code   168  lcd.o(i.LCD_DrawLine)
    LCD_DrawPoint                            0x08000e51   Thumb Code    28  lcd.o(i.LCD_DrawPoint)
    LCD_DrawRectangle                        0x08000e71   Thumb Code    64  lcd.o(i.LCD_DrawRectangle)
    LCD_Fill                                 0x08000eb1   Thumb Code    62  lcd.o(i.LCD_Fill)
    LCD_ShowChar                             0x08000ef1   Thumb Code   216  lcd.o(i.LCD_ShowChar)
    LCD_ShowString                           0x08000fd5   Thumb Code    62  lcd.o(i.LCD_ShowString)
    LCD_Show_Chinese16x16                    0x08001013   Thumb Code    42  lcd.o(i.LCD_Show_Chinese16x16)
    LCD_Show_One_Chinese16x16                0x0800103d   Thumb Code   168  lcd.o(i.LCD_Show_One_Chinese16x16)
    LCD_WR_DATA                              0x080010f1   Thumb Code    28  lcd.o(i.LCD_WR_DATA)
    LCD_WR_DATA8                             0x08001111   Thumb Code    20  lcd.o(i.LCD_WR_DATA8)
    LCD_WR_REG                               0x08001129   Thumb Code    20  lcd.o(i.LCD_WR_REG)
    LCD_Writ_Bus                             0x08001141   Thumb Code    12  lcd.o(i.LCD_Writ_Bus)
    Lcd_Init                                 0x0800114d   Thumb Code   590  lcd.o(i.Lcd_Init)
    MemManage_Handler                        0x080013a1   Thumb Code     4  stm32f10x_it.o(i.MemManage_Handler)
    NMI_Handler                              0x080013a5   Thumb Code     2  stm32f10x_it.o(i.NMI_Handler)
    NVIC_Configuration                       0x080013a7   Thumb Code    12  sys.o(i.NVIC_Configuration)
    NVIC_Init                                0x080013b5   Thumb Code   100  misc.o(i.NVIC_Init)
    NVIC_PriorityGroupConfig                 0x08001425   Thumb Code    10  misc.o(i.NVIC_PriorityGroupConfig)
    PendSV_Handler                           0x08001439   Thumb Code     2  stm32f10x_it.o(i.PendSV_Handler)
    Query                                    0x0800143b   Thumb Code    98  wifi.o(i.Query)
    RCC_APB1PeriphClockCmd                   0x0800149d   Thumb Code    26  stm32f10x_rcc.o(i.RCC_APB1PeriphClockCmd)
    RCC_APB2PeriphClockCmd                   0x080014bd   Thumb Code    26  stm32f10x_rcc.o(i.RCC_APB2PeriphClockCmd)
    RCC_GetClocksFreq                        0x080014dd   Thumb Code   192  stm32f10x_rcc.o(i.RCC_GetClocksFreq)
    SPI2_Init                                0x080015b1   Thumb Code   128  spi.o(i.SPI2_Init)
    SPI2_ReadWriteByte                       0x08001639   Thumb Code    78  spi.o(i.SPI2_ReadWriteByte)
    SPI_Cmd                                  0x0800168d   Thumb Code    24  stm32f10x_spi.o(i.SPI_Cmd)
    SPI_I2S_GetFlagStatus                    0x080016a5   Thumb Code    18  stm32f10x_spi.o(i.SPI_I2S_GetFlagStatus)
    SPI_I2S_ReceiveData                      0x080016b7   Thumb Code     6  stm32f10x_spi.o(i.SPI_I2S_ReceiveData)
    SPI_I2S_SendData                         0x080016bd   Thumb Code     4  stm32f10x_spi.o(i.SPI_I2S_SendData)
    SPI_Init                                 0x080016c1   Thumb Code    60  stm32f10x_spi.o(i.SPI_Init)
    STMFLASH_Read                            0x080016fd   Thumb Code    34  stmflash.o(i.STMFLASH_Read)
    STMFLASH_ReadHalfWord                    0x0800171f   Thumb Code     6  stmflash.o(i.STMFLASH_ReadHalfWord)
    STMFLASH_Write                           0x08001725   Thumb Code   222  stmflash.o(i.STMFLASH_Write)
    STMFLASH_Write_NoCheck                   0x0800180d   Thumb Code    38  stmflash.o(i.STMFLASH_Write_NoCheck)
    SVC_Handler                              0x08001833   Thumb Code     2  stm32f10x_it.o(i.SVC_Handler)
    SysTick_CLKSourceConfig                  0x0800191d   Thumb Code    40  misc.o(i.SysTick_CLKSourceConfig)
    SysTick_Handler                          0x08001945   Thumb Code     2  stm32f10x_it.o(i.SysTick_Handler)
    SystemInit                               0x08001949   Thumb Code    78  system_stm32f10x.o(i.SystemInit)
    TIM2_PWM_Init                            0x080019a9   Thumb Code   144  timer.o(i.TIM2_PWM_Init)
    TIM3_IRQHandler                          0x08001a3d   Thumb Code   168  timer.o(i.TIM3_IRQHandler)
    TIM3_Int_Init                            0x08001b0d   Thumb Code    90  timer.o(i.TIM3_Int_Init)
    TIM_ClearITPendingBit                    0x08001b6d   Thumb Code     6  stm32f10x_tim.o(i.TIM_ClearITPendingBit)
    TIM_Cmd                                  0x08001b73   Thumb Code    24  stm32f10x_tim.o(i.TIM_Cmd)
    TIM_GetITStatus                          0x08001b8b   Thumb Code    34  stm32f10x_tim.o(i.TIM_GetITStatus)
    TIM_ITConfig                             0x08001bad   Thumb Code    18  stm32f10x_tim.o(i.TIM_ITConfig)
    TIM_OC1Init                              0x08001bc1   Thumb Code   132  stm32f10x_tim.o(i.TIM_OC1Init)
    TIM_OC1PreloadConfig                     0x08001c59   Thumb Code    18  stm32f10x_tim.o(i.TIM_OC1PreloadConfig)
    TIM_OC2Init                              0x08001c6d   Thumb Code   154  stm32f10x_tim.o(i.TIM_OC2Init)
    TIM_OC2PreloadConfig                     0x08001d11   Thumb Code    26  stm32f10x_tim.o(i.TIM_OC2PreloadConfig)
    TIM_TimeBaseInit                         0x08001d2d   Thumb Code   122  stm32f10x_tim.o(i.TIM_TimeBaseInit)
    USART1TxChar                             0x08001dd1   Thumb Code    28  usart.o(i.USART1TxChar)
    USART1TxStr                              0x08001df1   Thumb Code    22  usart.o(i.USART1TxStr)
    USART1_IRQHandler                        0x08001e09   Thumb Code   100  usart.o(i.USART1_IRQHandler)
    USART2TxChar                             0x08001e81   Thumb Code    28  usart.o(i.USART2TxChar)
    USART2TxStr                              0x08001ea1   Thumb Code    22  usart.o(i.USART2TxStr)
    USART2_IRQHandler                        0x08001f3d   Thumb Code    84  usart.o(i.USART2_IRQHandler)
    USART3TxChar                             0x08001fe5   Thumb Code    28  usart.o(i.USART3TxChar)
    USART3TxData_hex                         0x08002005   Thumb Code    26  usart.o(i.USART3TxData_hex)
    USART3_IRQHandler                        0x080020dd   Thumb Code    70  usart.o(i.USART3_IRQHandler)
    USART_Cmd                                0x0800215f   Thumb Code    24  stm32f10x_usart.o(i.USART_Cmd)
    USART_GetFlagStatus                      0x08002177   Thumb Code    26  stm32f10x_usart.o(i.USART_GetFlagStatus)
    USART_GetITStatus                        0x08002191   Thumb Code    84  stm32f10x_usart.o(i.USART_GetITStatus)
    USART_ITConfig                           0x080021e5   Thumb Code    74  stm32f10x_usart.o(i.USART_ITConfig)
    USART_Init                               0x08002231   Thumb Code   210  stm32f10x_usart.o(i.USART_Init)
    USART_ReceiveData                        0x08002309   Thumb Code    10  stm32f10x_usart.o(i.USART_ReceiveData)
    USART_SendData                           0x08002313   Thumb Code     8  stm32f10x_usart.o(i.USART_SendData)
    UsageFault_Handler                       0x0800231b   Thumb Code     4  stm32f10x_it.o(i.UsageFault_Handler)
    Usart1_Init                              0x08002321   Thumb Code   198  usart.o(i.Usart1_Init)
    Usart2_Init                              0x080023f5   Thumb Code    24  usart.o(i.Usart2_Init)
    Usart3_Remap_Init                        0x0800240d   Thumb Code    46  usart.o(i.Usart3_Remap_Init)
    _sys_exit                                0x08002445   Thumb Code     6  usart.o(i._sys_exit)
    copy_str                                 0x0800244b   Thumb Code    22  main.o(i.copy_str)
    delay_init                               0x08002461   Thumb Code    50  delay.o(i.delay_init)
    delay_ms                                 0x080024a5   Thumb Code    72  delay.o(i.delay_ms)
    main                                     0x080024f1   Thumb Code  1654  main.o(i.main)
    nowifi_Fan                               0x08002bd5   Thumb Code   248  main.o(i.nowifi_Fan)
    senddata                                 0x08002d29   Thumb Code   334  main.o(i.senddata)
    stm32flash_stroage                       0x08002ead   Thumb Code  1566  main.o(i.stm32flash_stroage)
    wait_OK                                  0x080034f9   Thumb Code    48  wifi.o(i.wait_OK)
    wait_OK_WIFI                             0x08003531   Thumb Code    48  wifi.o(i.wait_OK_WIFI)
    __aeabi_d2f                              0x08003569   Thumb Code     0  d2f.o(x$fpl$d2f)
    _d2f                                     0x08003569   Thumb Code    98  d2f.o(x$fpl$d2f)
    __aeabi_dadd                             0x080035cd   Thumb Code     0  daddsub_clz.o(x$fpl$dadd)
    _dadd                                    0x080035cd   Thumb Code   332  daddsub_clz.o(x$fpl$dadd)
    __aeabi_i2d                              0x0800371d   Thumb Code     0  dflt_clz.o(x$fpl$dflt)
    _dflt                                    0x0800371d   Thumb Code    46  dflt_clz.o(x$fpl$dflt)
    __aeabi_dmul                             0x0800374d   Thumb Code     0  dmul.o(x$fpl$dmul)
    _dmul                                    0x0800374d   Thumb Code   332  dmul.o(x$fpl$dmul)
    __fpl_dnaninf                            0x080038a1   Thumb Code   156  dnaninf.o(x$fpl$dnaninf)
    __fpl_dretinf                            0x0800393d   Thumb Code    12  dretinf.o(x$fpl$dretinf)
    __aeabi_dsub                             0x08003949   Thumb Code     0  daddsub_clz.o(x$fpl$dsub)
    _dsub                                    0x08003949   Thumb Code   464  daddsub_clz.o(x$fpl$dsub)
    __fpl_fcmp_Inf                           0x08003b1d   Thumb Code    24  fcmpi.o(x$fpl$fcmpinf)
    __aeabi_ui2f                             0x08003b35   Thumb Code     0  fflt_clz.o(x$fpl$ffltu)
    _ffltu                                   0x08003b35   Thumb Code    38  fflt_clz.o(x$fpl$ffltu)
    __aeabi_cfcmple                          0x08003b5d   Thumb Code     0  fleqf.o(x$fpl$fleqf)
    _fcmple                                  0x08003b5d   Thumb Code   104  fleqf.o(x$fpl$fleqf)
    __fpl_fcmple_InfNaN                      0x08003baf   Thumb Code     0  fleqf.o(x$fpl$fleqf)
    __fpl_fnaninf                            0x08003bc5   Thumb Code   140  fnaninf.o(x$fpl$fnaninf)
    __fpl_fretinf                            0x08003c51   Thumb Code    10  fretinf.o(x$fpl$fretinf)
    __aeabi_cfrcmple                         0x08003c5b   Thumb Code     0  frleqf.o(x$fpl$frleqf)
    _frcmple                                 0x08003c5b   Thumb Code    98  frleqf.o(x$fpl$frleqf)
    __I$use$fp                               0x08003cbc   Number         0  usenofp.o(x$fpl$usenofp)
    asc2_1608                                0x08003cbc   Data        1520  lcd.o(.constdata)
    codeGB_16x16                             0x080042ac   Data        2278  lcd.o(.constdata)
    Region$$Table$$Base                      0x08004b94   Number         0  anon$$obj.o(Region$$Table)
    Region$$Table$$Limit                     0x08004bb4   Number         0  anon$$obj.o(Region$$Table)
    Read_Humiture_CMD                        0x20000000   Data           8  main.o(.data)
    Flag_LED3_ONOFF                          0x20000008   Data           1  main.o(.data)
    Tem_value                                0x2000000c   Data           4  main.o(.data)
    Hum_value                                0x20000010   Data           4  main.o(.data)
    Light_value                              0x20000014   Data           4  main.o(.data)
    temp_u32                                 0x20000018   Data           4  main.o(.data)
    Gas_value                                0x2000001c   Data           4  main.o(.data)
    Bar_Pre_value                            0x20000020   Data           4  main.o(.data)
    O2_value                                 0x20000024   Data           4  main.o(.data)
    Motor_Flag                               0x20000028   Data           4  main.o(.data)
    Left_Flag                                0x2000002c   Data           4  main.o(.data)
    Temp_Temporarily_value                   0x20000030   Data           4  main.o(.data)
    Temp1_Temporarily_value                  0x20000034   Data           4  main.o(.data)
    Temp_currentTemp                         0x20000038   Data           4  main.o(.data)
    cur_mode                                 0x2000003c   Data           4  main.o(.data)
    flag                                     0x20000040   Data           4  main.o(.data)
    flag_connectwifi                         0x20000044   Data           4  main.o(.data)
    Mode_Flag                                0x20000048   Data           4  main.o(.data)
    value                                    0x2000004c   Data           1  main.o(.data)
    value1                                   0x2000004d   Data           1  main.o(.data)
    count                                    0x2000004e   Data           1  main.o(.data)
    count1                                   0x2000004f   Data           1  main.o(.data)
    nowifi                                   0x20000050   Data           4  main.o(.data)
    x                                        0x20000054   Data           1  main.o(.data)
    i                                        0x20000058   Data           4  main.o(.data)
    Temp_value_str                           0x2000005c   Data           7  main.o(.data)
    Hum_value_str                            0x20000063   Data           6  main.o(.data)
    Light_value_str                          0x20000069   Data           7  main.o(.data)
    Light_value_test                         0x20000070   Data           7  main.o(.data)
    Light1_value_test                        0x20000077   Data           7  main.o(.data)
    FAN1_status                              0x2000007e   Data           7  main.o(.data)
    FAN2_status                              0x20000085   Data           7  main.o(.data)
    Light_storage_data                       0x2000008c   Data           7  main.o(.data)
    Light1_storage_data                      0x20000093   Data           7  main.o(.data)
    SystemCoreClock                          0x2000009c   Data           4  system_stm32f10x.o(.data)
    AHBPrescTable                            0x200000a0   Data          16  system_stm32f10x.o(.data)
    USART1_RX_STA                            0x200000b4   Data           2  usart.o(.data)
    USART2_RX_STA                            0x200000b6   Data           2  usart.o(.data)
    USART3_RX_STA                            0x200000b8   Data           2  usart.o(.data)
    Count_Timer3_value_USART3_receive_timeout 0x200000ba   Data           1  usart.o(.data)
    Count_Timer3_value_USART3_receive_timeout2 0x200000bb   Data           1  usart.o(.data)
    Flag_Usart1_Receive                      0x200000bc   Data           1  usart.o(.data)
    Flag_Usart1_Remap_Receive                0x200000bd   Data           1  usart.o(.data)
    Flag_Usart2_Receive                      0x200000be   Data           1  usart.o(.data)
    Flag_Usart3_Receive                      0x200000bf   Data           1  usart.o(.data)
    Flag_Usart1_Remap                        0x200000c0   Data           1  usart.o(.data)
    Flag_Usart3_Remap                        0x200000c1   Data           1  usart.o(.data)
    Flag_Usart3_Receive_Complete             0x200000c2   Data           1  usart.o(.data)
    Flag_usart1_receive_OK                   0x200000c3   Data           1  usart.o(.data)
    __stdout                                 0x200000c4   Data           4  usart.o(.data)
    USART_RX_STA                             0x200000c8   Data           2  usart.o(.data)
    Count_timer                              0x200000ca   Data           1  timer.o(.data)
    Flag_timer_2S                            0x200000cb   Data           1  timer.o(.data)
    count_time_motor                         0x200000cc   Data           1  timer.o(.data)
    Flag_timer_15S                           0x200000cd   Data           1  timer.o(.data)
    count_15S                                0x200000ce   Data           1  timer.o(.data)
    Flag_timer_7S                            0x200000cf   Data           1  timer.o(.data)
    count_7S                                 0x200000d0   Data           1  timer.o(.data)
    ref                                      0x200000e8   Data           1  lcd.o(.data)
    vx                                       0x200000ec   Data           4  lcd.o(.data)
    vy                                       0x200000f0   Data           4  lcd.o(.data)
    chx                                      0x200000f4   Data           4  lcd.o(.data)
    chy                                      0x200000f8   Data           4  lcd.o(.data)
    BACK_COLOR                               0x200000fc   Data           4  lcd.o(.data)
    POINT_COLOR                              0x20000100   Data           4  lcd.o(.data)
    KEY_value                                0x20000104   Data           1  exti.o(.data)
    flag_time_reset                          0x20000105   Data           1  wifi.o(.data)
    flag_time_wifi                           0x20000106   Data           1  wifi.o(.data)
    flag_time_serv                           0x20000107   Data           1  wifi.o(.data)
    number                                   0x20000108   Data           1  wifi.o(.data)
    AT_send_buf                              0x2000010c   Data         100  main.o(.bss)
    Data_Buf                                 0x20000170   Data          50  main.o(.bss)
    USART1_RX_BUF                            0x200001a2   Data         800  usart.o(.bss)
    USART2_RX_BUF                            0x200004c2   Data         250  usart.o(.bss)
    USART3_RX_BUF                            0x200005bc   Data         250  usart.o(.bss)
    USART_RX_BUF                             0x200006b6   Data         250  usart.o(.bss)
    STMFLASH_BUF                             0x200007b0   Data        2048  stmflash.o(.bss)
    __libspace_start                         0x20000fb0   Data          96  libspace.o(.bss)
    __temporary_stack_top$libspace           0x20001010   Data           0  libspace.o(.bss)



==============================================================================

Memory Map of the image

  Image Entry point : 0x080001cd

  Load Region LR_1 (Base: 0x08000000, Size: 0x00004cc0, Max: 0xffffffff, ABSOLUTE)

    Execution Region ER_RO (Base: 0x08000000, Size: 0x00004bb4, Max: 0xffffffff, ABSOLUTE)

    Base Addr    Size         Type   Attr      Idx    E Section Name        Object

    0x08000000   0x00000130   Data   RO          626    RESET               startup_stm32f10x_hd.o
    0x08000130   0x00000008   Code   RO         3876  * !!!main             c_w.l(__main.o)
    0x08000138   0x00000034   Code   RO         4067    !!!scatter          c_w.l(__scatter.o)
    0x0800016c   0x0000001a   Code   RO         4069    !!handler_copy      c_w.l(__scatter_copy.o)
    0x08000186   0x00000002   PAD
    0x08000188   0x0000001c   Code   RO         4071    !!handler_zi        c_w.l(__scatter_zi.o)
    0x080001a4   0x00000002   Code   RO         3942    .ARM.Collect$$libinit$$00000000  c_w.l(libinit.o)
    0x080001a6   0x00000000   Code   RO         3949    .ARM.Collect$$libinit$$00000002  c_w.l(libinit2.o)
    0x080001a6   0x00000000   Code   RO         3951    .ARM.Collect$$libinit$$00000004  c_w.l(libinit2.o)
    0x080001a6   0x00000000   Code   RO         3954    .ARM.Collect$$libinit$$0000000A  c_w.l(libinit2.o)
    0x080001a6   0x00000000   Code   RO         3956    .ARM.Collect$$libinit$$0000000C  c_w.l(libinit2.o)
    0x080001a6   0x00000000   Code   RO         3958    .ARM.Collect$$libinit$$0000000E  c_w.l(libinit2.o)
    0x080001a6   0x00000000   Code   RO         3961    .ARM.Collect$$libinit$$00000011  c_w.l(libinit2.o)
    0x080001a6   0x00000000   Code   RO         3963    .ARM.Collect$$libinit$$00000013  c_w.l(libinit2.o)
    0x080001a6   0x00000000   Code   RO         3965    .ARM.Collect$$libinit$$00000015  c_w.l(libinit2.o)
    0x080001a6   0x00000000   Code   RO         3967    .ARM.Collect$$libinit$$00000017  c_w.l(libinit2.o)
    0x080001a6   0x00000000   Code   RO         3969    .ARM.Collect$$libinit$$00000019  c_w.l(libinit2.o)
    0x080001a6   0x00000000   Code   RO         3971    .ARM.Collect$$libinit$$0000001B  c_w.l(libinit2.o)
    0x080001a6   0x00000000   Code   RO         3973    .ARM.Collect$$libinit$$0000001D  c_w.l(libinit2.o)
    0x080001a6   0x00000000   Code   RO         3975    .ARM.Collect$$libinit$$0000001F  c_w.l(libinit2.o)
    0x080001a6   0x00000000   Code   RO         3977    .ARM.Collect$$libinit$$00000021  c_w.l(libinit2.o)
    0x080001a6   0x00000000   Code   RO         3979    .ARM.Collect$$libinit$$00000023  c_w.l(libinit2.o)
    0x080001a6   0x00000000   Code   RO         3981    .ARM.Collect$$libinit$$00000025  c_w.l(libinit2.o)
    0x080001a6   0x00000000   Code   RO         3985    .ARM.Collect$$libinit$$0000002C  c_w.l(libinit2.o)
    0x080001a6   0x00000000   Code   RO         3987    .ARM.Collect$$libinit$$0000002E  c_w.l(libinit2.o)
    0x080001a6   0x00000000   Code   RO         3989    .ARM.Collect$$libinit$$00000030  c_w.l(libinit2.o)
    0x080001a6   0x00000000   Code   RO         3991    .ARM.Collect$$libinit$$00000032  c_w.l(libinit2.o)
    0x080001a6   0x00000002   Code   RO         3992    .ARM.Collect$$libinit$$00000033  c_w.l(libinit2.o)
    0x080001a8   0x00000002   Code   RO         4010    .ARM.Collect$$libshutdown$$00000000  c_w.l(libshutdown.o)
    0x080001aa   0x00000000   Code   RO         4021    .ARM.Collect$$libshutdown$$00000003  c_w.l(libshutdown2.o)
    0x080001aa   0x00000000   Code   RO         4024    .ARM.Collect$$libshutdown$$00000006  c_w.l(libshutdown2.o)
    0x080001aa   0x00000000   Code   RO         4027    .ARM.Collect$$libshutdown$$00000009  c_w.l(libshutdown2.o)
    0x080001aa   0x00000000   Code   RO         4029    .ARM.Collect$$libshutdown$$0000000B  c_w.l(libshutdown2.o)
    0x080001aa   0x00000000   Code   RO         4032    .ARM.Collect$$libshutdown$$0000000E  c_w.l(libshutdown2.o)
    0x080001aa   0x00000002   Code   RO         4033    .ARM.Collect$$libshutdown$$0000000F  c_w.l(libshutdown2.o)
    0x080001ac   0x00000000   Code   RO         3906    .ARM.Collect$$rtentry$$00000000  c_w.l(__rtentry.o)
    0x080001ac   0x00000000   Code   RO         3919    .ARM.Collect$$rtentry$$00000002  c_w.l(__rtentry2.o)
    0x080001ac   0x00000006   Code   RO         3931    .ARM.Collect$$rtentry$$00000004  c_w.l(__rtentry4.o)
    0x080001b2   0x00000000   Code   RO         3921    .ARM.Collect$$rtentry$$00000009  c_w.l(__rtentry2.o)
    0x080001b2   0x00000004   Code   RO         3922    .ARM.Collect$$rtentry$$0000000A  c_w.l(__rtentry2.o)
    0x080001b6   0x00000000   Code   RO         3924    .ARM.Collect$$rtentry$$0000000C  c_w.l(__rtentry2.o)
    0x080001b6   0x00000008   Code   RO         3925    .ARM.Collect$$rtentry$$0000000D  c_w.l(__rtentry2.o)
    0x080001be   0x00000002   Code   RO         3946    .ARM.Collect$$rtexit$$00000000  c_w.l(rtexit.o)
    0x080001c0   0x00000000   Code   RO         3994    .ARM.Collect$$rtexit$$00000002  c_w.l(rtexit2.o)
    0x080001c0   0x00000004   Code   RO         3995    .ARM.Collect$$rtexit$$00000003  c_w.l(rtexit2.o)
    0x080001c4   0x00000006   Code   RO         3996    .ARM.Collect$$rtexit$$00000004  c_w.l(rtexit2.o)
    0x080001ca   0x00000002   PAD
    0x080001cc   0x00000040   Code   RO          627  * .text               startup_stm32f10x_hd.o
    0x0800020c   0x00000002   Code   RO         3872    .text               c_w.l(use_no_semi_2.o)
    0x0800020e   0x00000006   Code   RO         3874    .text               c_w.l(heapauxi.o)
    0x08000214   0x00000002   Code   RO         3904    .text               c_w.l(use_no_semi.o)
    0x08000216   0x0000004a   Code   RO         3933    .text               c_w.l(sys_stackheap_outer.o)
    0x08000260   0x0000000c   Code   RO         3935    .text               c_w.l(exit.o)
    0x0800026c   0x00000008   Code   RO         3943    .text               c_w.l(libspace.o)
    0x08000274   0x0000005a   Code   RO         3610    i.Address_set       lcd.o
    0x080002ce   0x00000004   Code   RO          188    i.BusFault_Handler  stm32f10x_it.o
    0x080002d2   0x00000002   PAD
    0x080002d4   0x00000024   Code   RO          349    i.CLR_Buf1          usart.o
    0x080002f8   0x00000024   Code   RO          350    i.CLR_Buf2          usart.o
    0x0800031c   0x00000024   Code   RO          351    i.CLR_Buf3          usart.o
    0x08000340   0x000003a4   Code   RO         3834    i.Connect_wifi      wifi.o
    0x080006e4   0x00000002   Code   RO          189    i.DebugMon_Handler  stm32f10x_it.o
    0x080006e6   0x00000002   PAD
    0x080006e8   0x00000048   Code   RO         3761    i.EXTI1_IRQHandler  exti.o
    0x08000730   0x00000048   Code   RO         3762    i.EXTI4_IRQHandler  exti.o
    0x08000778   0x00000088   Code   RO         3763    i.EXTI9_5_IRQHandler  exti.o
    0x08000800   0x000000d8   Code   RO         3764    i.EXTIX_Init        exti.o
    0x080008d8   0x0000000c   Code   RO         1429    i.EXTI_ClearITPendingBit  stm32f10x_exti.o
    0x080008e4   0x00000094   Code   RO         1434    i.EXTI_Init         stm32f10x_exti.o
    0x08000978   0x0000004c   Code   RO         1487    i.FLASH_ErasePage   stm32f10x_flash.o
    0x080009c4   0x00000034   Code   RO         1488    i.FLASH_GetBank1Status  stm32f10x_flash.o
    0x080009f8   0x00000014   Code   RO         1497    i.FLASH_Lock        stm32f10x_flash.o
    0x08000a0c   0x00000040   Code   RO         1500    i.FLASH_ProgramHalfWord  stm32f10x_flash.o
    0x08000a4c   0x00000018   Code   RO         1505    i.FLASH_Unlock      stm32f10x_flash.o
    0x08000a64   0x00000026   Code   RO         1509    i.FLASH_WaitForLastOperation  stm32f10x_flash.o
    0x08000a8a   0x00000002   PAD
    0x08000a8c   0x000000a0   Code   RO         3598    i.GPIO_Configuration  gpio.o
    0x08000b2c   0x00000040   Code   RO         1779    i.GPIO_EXTILineConfig  stm32f10x_gpio.o
    0x08000b6c   0x00000116   Code   RO         1782    i.GPIO_Init         stm32f10x_gpio.o
    0x08000c82   0x00000002   PAD
    0x08000c84   0x00000090   Code   RO         1784    i.GPIO_PinRemapConfig  stm32f10x_gpio.o
    0x08000d14   0x00000012   Code   RO         1786    i.GPIO_ReadInputDataBit  stm32f10x_gpio.o
    0x08000d26   0x00000004   Code   RO         1789    i.GPIO_ResetBits    stm32f10x_gpio.o
    0x08000d2a   0x00000004   Code   RO         1790    i.GPIO_SetBits      stm32f10x_gpio.o
    0x08000d2e   0x00000010   Code   RO         1791    i.GPIO_StructInit   stm32f10x_gpio.o
    0x08000d3e   0x00000012   Code   RO            1    i.Get_data_len      main.o
    0x08000d50   0x00000004   Code   RO          190    i.HardFault_Handler  stm32f10x_it.o
    0x08000d54   0x00000024   Code   RO         3765    i.KEY_Init          exti.o
    0x08000d78   0x00000030   Code   RO         3611    i.LCD_Clear         lcd.o
    0x08000da8   0x000000a8   Code   RO         3612    i.LCD_DrawLine      lcd.o
    0x08000e50   0x00000020   Code   RO         3613    i.LCD_DrawPoint     lcd.o
    0x08000e70   0x00000040   Code   RO         3614    i.LCD_DrawRectangle  lcd.o
    0x08000eb0   0x0000003e   Code   RO         3615    i.LCD_Fill          lcd.o
    0x08000eee   0x00000002   PAD
    0x08000ef0   0x000000e4   Code   RO         3616    i.LCD_ShowChar      lcd.o
    0x08000fd4   0x0000003e   Code   RO         3617    i.LCD_ShowString    lcd.o
    0x08001012   0x0000002a   Code   RO         3618    i.LCD_Show_Chinese16x16  lcd.o
    0x0800103c   0x000000b4   Code   RO         3619    i.LCD_Show_One_Chinese16x16  lcd.o
    0x080010f0   0x00000020   Code   RO         3620    i.LCD_WR_DATA       lcd.o
    0x08001110   0x00000018   Code   RO         3621    i.LCD_WR_DATA8      lcd.o
    0x08001128   0x00000018   Code   RO         3622    i.LCD_WR_REG        lcd.o
    0x08001140   0x0000000c   Code   RO         3624    i.LCD_Writ_Bus      lcd.o
    0x0800114c   0x00000254   Code   RO         3625    i.Lcd_Init          lcd.o
    0x080013a0   0x00000004   Code   RO          191    i.MemManage_Handler  stm32f10x_it.o
    0x080013a4   0x00000002   Code   RO          192    i.NMI_Handler       stm32f10x_it.o
    0x080013a6   0x0000000c   Code   RO          337    i.NVIC_Configuration  sys.o
    0x080013b2   0x00000002   PAD
    0x080013b4   0x00000070   Code   RO          631    i.NVIC_Init         misc.o
    0x08001424   0x00000014   Code   RO          632    i.NVIC_PriorityGroupConfig  misc.o
    0x08001438   0x00000002   Code   RO          193    i.PendSV_Handler    stm32f10x_it.o
    0x0800143a   0x00000062   Code   RO         3835    i.Query             wifi.o
    0x0800149c   0x00000020   Code   RO         2198    i.RCC_APB1PeriphClockCmd  stm32f10x_rcc.o
    0x080014bc   0x00000020   Code   RO         2200    i.RCC_APB2PeriphClockCmd  stm32f10x_rcc.o
    0x080014dc   0x000000d4   Code   RO         2208    i.RCC_GetClocksFreq  stm32f10x_rcc.o
    0x080015b0   0x00000088   Code   RO          551    i.SPI2_Init         spi.o
    0x08001638   0x00000054   Code   RO          552    i.SPI2_ReadWriteByte  spi.o
    0x0800168c   0x00000018   Code   RO         2677    i.SPI_Cmd           stm32f10x_spi.o
    0x080016a4   0x00000012   Code   RO         2685    i.SPI_I2S_GetFlagStatus  stm32f10x_spi.o
    0x080016b6   0x00000006   Code   RO         2688    i.SPI_I2S_ReceiveData  stm32f10x_spi.o
    0x080016bc   0x00000004   Code   RO         2689    i.SPI_I2S_SendData  stm32f10x_spi.o
    0x080016c0   0x0000003c   Code   RO         2690    i.SPI_Init          stm32f10x_spi.o
    0x080016fc   0x00000022   Code   RO         3722    i.STMFLASH_Read     stmflash.o
    0x0800171e   0x00000006   Code   RO         3723    i.STMFLASH_ReadHalfWord  stmflash.o
    0x08001724   0x000000e8   Code   RO         3724    i.STMFLASH_Write    stmflash.o
    0x0800180c   0x00000026   Code   RO         3725    i.STMFLASH_Write_NoCheck  stmflash.o
    0x08001832   0x00000002   Code   RO          194    i.SVC_Handler       stm32f10x_it.o
    0x08001834   0x00000008   Code   RO          251    i.SetSysClock       system_stm32f10x.o
    0x0800183c   0x000000e0   Code   RO          252    i.SetSysClockTo72   system_stm32f10x.o
    0x0800191c   0x00000028   Code   RO          635    i.SysTick_CLKSourceConfig  misc.o
    0x08001944   0x00000002   Code   RO          195    i.SysTick_Handler   stm32f10x_it.o
    0x08001946   0x00000002   PAD
    0x08001948   0x00000060   Code   RO          254    i.SystemInit        system_stm32f10x.o
    0x080019a8   0x00000094   Code   RO          575    i.TIM2_PWM_Init     timer.o
    0x08001a3c   0x000000d0   Code   RO          576    i.TIM3_IRQHandler   timer.o
    0x08001b0c   0x00000060   Code   RO          577    i.TIM3_Int_Init     timer.o
    0x08001b6c   0x00000006   Code   RO         2827    i.TIM_ClearITPendingBit  stm32f10x_tim.o
    0x08001b72   0x00000018   Code   RO         2832    i.TIM_Cmd           stm32f10x_tim.o
    0x08001b8a   0x00000022   Code   RO         2853    i.TIM_GetITStatus   stm32f10x_tim.o
    0x08001bac   0x00000012   Code   RO         2857    i.TIM_ITConfig      stm32f10x_tim.o
    0x08001bbe   0x00000002   PAD
    0x08001bc0   0x00000098   Code   RO         2861    i.TIM_OC1Init       stm32f10x_tim.o
    0x08001c58   0x00000012   Code   RO         2864    i.TIM_OC1PreloadConfig  stm32f10x_tim.o
    0x08001c6a   0x00000002   PAD
    0x08001c6c   0x000000a4   Code   RO         2866    i.TIM_OC2Init       stm32f10x_tim.o
    0x08001d10   0x0000001a   Code   RO         2869    i.TIM_OC2PreloadConfig  stm32f10x_tim.o
    0x08001d2a   0x00000002   PAD
    0x08001d2c   0x000000a4   Code   RO         2903    i.TIM_TimeBaseInit  stm32f10x_tim.o
    0x08001dd0   0x00000020   Code   RO          352    i.USART1TxChar      usart.o
    0x08001df0   0x00000016   Code   RO          355    i.USART1TxStr       usart.o
    0x08001e06   0x00000002   PAD
    0x08001e08   0x00000078   Code   RO          356    i.USART1_IRQHandler  usart.o
    0x08001e80   0x00000020   Code   RO          357    i.USART2TxChar      usart.o
    0x08001ea0   0x00000016   Code   RO          360    i.USART2TxStr       usart.o
    0x08001eb6   0x00000002   PAD
    0x08001eb8   0x00000048   Code   RO          361    i.USART2_Configuration  usart.o
    0x08001f00   0x0000003c   Code   RO          362    i.USART2_GPIO_Configuration  usart.o
    0x08001f3c   0x00000064   Code   RO          363    i.USART2_IRQHandler  usart.o
    0x08001fa0   0x00000028   Code   RO          364    i.USART2_NVIC_Configuration  usart.o
    0x08001fc8   0x0000001c   Code   RO          365    i.USART2_RCC_Configuration  usart.o
    0x08001fe4   0x00000020   Code   RO          366    i.USART3TxChar      usart.o
    0x08002004   0x0000001a   Code   RO          368    i.USART3TxData_hex  usart.o
    0x0800201e   0x00000002   PAD
    0x08002020   0x00000044   Code   RO          370    i.USART3_Configuration  usart.o
    0x08002064   0x00000078   Code   RO          371    i.USART3_GPIO_Configuration  usart.o
    0x080020dc   0x0000005c   Code   RO          372    i.USART3_IRQHandler  usart.o
    0x08002138   0x00000026   Code   RO          373    i.USART3_NVIC_Configuration  usart.o
    0x0800215e   0x00000018   Code   RO         3368    i.USART_Cmd         stm32f10x_usart.o
    0x08002176   0x0000001a   Code   RO         3371    i.USART_GetFlagStatus  stm32f10x_usart.o
    0x08002190   0x00000054   Code   RO         3372    i.USART_GetITStatus  stm32f10x_usart.o
    0x080021e4   0x0000004a   Code   RO         3374    i.USART_ITConfig    stm32f10x_usart.o
    0x0800222e   0x00000002   PAD
    0x08002230   0x000000d8   Code   RO         3375    i.USART_Init        stm32f10x_usart.o
    0x08002308   0x0000000a   Code   RO         3382    i.USART_ReceiveData  stm32f10x_usart.o
    0x08002312   0x00000008   Code   RO         3385    i.USART_SendData    stm32f10x_usart.o
    0x0800231a   0x00000004   Code   RO          196    i.UsageFault_Handler  stm32f10x_it.o
    0x0800231e   0x00000002   PAD
    0x08002320   0x000000d4   Code   RO          374    i.Usart1_Init       usart.o
    0x080023f4   0x00000018   Code   RO          376    i.Usart2_Init       usart.o
    0x0800240c   0x00000038   Code   RO          378    i.Usart3_Remap_Init  usart.o
    0x08002444   0x00000006   Code   RO          379    i._sys_exit         usart.o
    0x0800244a   0x00000016   Code   RO            2    i.copy_str          main.o
    0x08002460   0x00000044   Code   RO          285    i.delay_init        delay.o
    0x080024a4   0x0000004c   Code   RO          286    i.delay_ms          delay.o
    0x080024f0   0x000006e4   Code   RO            4    i.main              main.o
    0x08002bd4   0x00000154   Code   RO            5    i.nowifi_Fan        main.o
    0x08002d28   0x00000184   Code   RO            6    i.senddata          main.o
    0x08002eac   0x0000064c   Code   RO            7    i.stm32flash_stroage  main.o
    0x080034f8   0x00000038   Code   RO         3836    i.wait_OK           wifi.o
    0x08003530   0x00000038   Code   RO         3837    i.wait_OK_WIFI      wifi.o
    0x08003568   0x00000062   Code   RO         3878    x$fpl$d2f           fz_ws.l(d2f.o)
    0x080035ca   0x00000002   PAD
    0x080035cc   0x00000150   Code   RO         3880    x$fpl$dadd          fz_ws.l(daddsub_clz.o)
    0x0800371c   0x0000002e   Code   RO         3887    x$fpl$dflt          fz_ws.l(dflt_clz.o)
    0x0800374a   0x00000002   PAD
    0x0800374c   0x00000154   Code   RO         3892    x$fpl$dmul          fz_ws.l(dmul.o)
    0x080038a0   0x0000009c   Code   RO         3907    x$fpl$dnaninf       fz_ws.l(dnaninf.o)
    0x0800393c   0x0000000c   Code   RO         3909    x$fpl$dretinf       fz_ws.l(dretinf.o)
    0x08003948   0x000001d4   Code   RO         3882    x$fpl$dsub          fz_ws.l(daddsub_clz.o)
    0x08003b1c   0x00000018   Code   RO         3911    x$fpl$fcmpinf       fz_ws.l(fcmpi.o)
    0x08003b34   0x00000026   Code   RO         3894    x$fpl$ffltu         fz_ws.l(fflt_clz.o)
    0x08003b5a   0x00000002   PAD
    0x08003b5c   0x00000068   Code   RO         3900    x$fpl$fleqf         fz_ws.l(fleqf.o)
    0x08003bc4   0x0000008c   Code   RO         3913    x$fpl$fnaninf       fz_ws.l(fnaninf.o)
    0x08003c50   0x0000000a   Code   RO         3915    x$fpl$fretinf       fz_ws.l(fretinf.o)
    0x08003c5a   0x00000062   Code   RO         3902    x$fpl$frleqf        fz_ws.l(frleqf.o)
    0x08003cbc   0x00000000   Code   RO         3917    x$fpl$usenofp       fz_ws.l(usenofp.o)
    0x08003cbc   0x00000ed6   Data   RO         3626    .constdata          lcd.o
    0x08004b92   0x00000002   PAD
    0x08004b94   0x00000020   Data   RO         4065    Region$$Table       anon$$obj.o


    Execution Region ER_RW (Base: 0x20000000, Size: 0x0000010c, Max: 0xffffffff, ABSOLUTE)

    Base Addr    Size         Type   Attr      Idx    E Section Name        Object

    0x20000000   0x0000009a   Data   RW            9    .data               main.o
    0x2000009a   0x00000002   PAD
    0x2000009c   0x00000014   Data   RW          255    .data               system_stm32f10x.o
    0x200000b0   0x00000004   Data   RW          288    .data               delay.o
    0x200000b4   0x00000016   Data   RW          382    .data               usart.o
    0x200000ca   0x00000007   Data   RW          578    .data               timer.o
    0x200000d1   0x00000014   Data   RW         2228    .data               stm32f10x_rcc.o
    0x200000e5   0x00000003   PAD
    0x200000e8   0x0000001c   Data   RW         3627    .data               lcd.o
    0x20000104   0x00000001   Data   RW         3766    .data               exti.o
    0x20000105   0x00000004   Data   RW         3838    .data               wifi.o


    Execution Region ER_ZI (Base: 0x2000010c, Size: 0x00001504, Max: 0xffffffff, ABSOLUTE)

    Base Addr    Size         Type   Attr      Idx    E Section Name        Object

    0x2000010c   0x00000096   Zero   RW            8    .bss                main.o
    0x200001a2   0x0000060e   Zero   RW          381    .bss                usart.o
    0x200007b0   0x00000800   Zero   RW         3727    .bss                stmflash.o
    0x20000fb0   0x00000060   Zero   RW         3944    .bss                c_w.l(libspace.o)
    0x20001010   0x00000200   Zero   RW          625    HEAP                startup_stm32f10x_hd.o
    0x20001210   0x00000400   Zero   RW          624    STACK               startup_stm32f10x_hd.o


==============================================================================

Image component sizes


      Code (inc. data)   RO Data    RW Data    ZI Data      Debug   Object Name

         0          0          0          0          0         32   core_cm3.o
       144         22          0          4          0     208116   delay.o
       532         46          0          1          0       2819   exti.o
       160         10          0          0          0        561   gpio.o
      1664         46       3798         28          0      10602   lcd.o
      4144        656          0        154        150      68255   main.o
       172         22          0          0          0       2041   misc.o
       220         14          0          0          0       1225   spi.o
        64         26        304          0       1536        800   startup_stm32f10x_hd.o
       160         12          0          0          0       1489   stm32f10x_exti.o
       274         30          0          0          0       3362   stm32f10x_flash.o
       528         10          0          0          0       5570   stm32f10x_gpio.o
        26          0          0          0          0       3666   stm32f10x_it.o
       276         32          0         20          0       4410   stm32f10x_rcc.o
       112          0          0          0          0       3782   stm32f10x_spi.o
       606         72          0          0          0       6104   stm32f10x_tim.o
       442          6          0          0          0       6077   stm32f10x_usart.o
       310         10          0          0       2048       3257   stmflash.o
        12          0          0          0          0        449   sys.o
       328         28          0         20          0       2065   system_stm32f10x.o
       452         50          0          7          0       2411   timer.o
      1310        150          0         22       1550      14684   usart.o
      1142        468          0          4          0       2899   wifi.o

    ----------------------------------------------------------------------
     13108       1710       4136        268       5284     354676   Object Totals
         0          0         32          0          0          0   (incl. Generated)
        30          0          2          8          0          0   (incl. Padding)

    ----------------------------------------------------------------------

      Code (inc. data)   RO Data    RW Data    ZI Data      Debug   Library Member Name

         8          0          0          0          0         68   __main.o
         0          0          0          0          0          0   __rtentry.o
        12          0          0          0          0          0   __rtentry2.o
         6          0          0          0          0          0   __rtentry4.o
        52          8          0          0          0          0   __scatter.o
        26          0          0          0          0          0   __scatter_copy.o
        28          0          0          0          0          0   __scatter_zi.o
        12          0          0          0          0         72   exit.o
         6          0          0          0          0        152   heapauxi.o
         2          0          0          0          0          0   libinit.o
         2          0          0          0          0          0   libinit2.o
         2          0          0          0          0          0   libshutdown.o
         2          0          0          0          0          0   libshutdown2.o
         8          4          0          0         96         68   libspace.o
         2          0          0          0          0          0   rtexit.o
        10          0          0          0          0          0   rtexit2.o
        74          0          0          0          0         80   sys_stackheap_outer.o
         2          0          0          0          0         68   use_no_semi.o
         2          0          0          0          0         68   use_no_semi_2.o
        98          4          0          0          0         92   d2f.o
       804         16          0          0          0        272   daddsub_clz.o
        46          0          0          0          0         68   dflt_clz.o
       340         12          0          0          0        104   dmul.o
       156          4          0          0          0         92   dnaninf.o
        12          0          0          0          0         68   dretinf.o
        24          0          0          0          0         68   fcmpi.o
        38          0          0          0          0         68   fflt_clz.o
       104          4          0          0          0         84   fleqf.o
       140          4          0          0          0         84   fnaninf.o
        10          0          0          0          0         68   fretinf.o
        98          0          0          0          0         68   frleqf.o
         0          0          0          0          0          0   usenofp.o

    ----------------------------------------------------------------------
      2136         56          0          0         96       1712   Library Totals
        10          0          0          0          0          0   (incl. Padding)

    ----------------------------------------------------------------------

      Code (inc. data)   RO Data    RW Data    ZI Data      Debug   Library Name

       256         12          0          0         96        576   c_w.l
      1870         44          0          0          0       1136   fz_ws.l

    ----------------------------------------------------------------------
      2136         56          0          0         96       1712   Library Totals

    ----------------------------------------------------------------------

==============================================================================


      Code (inc. data)   RO Data    RW Data    ZI Data      Debug   

     15244       1766       4136        268       5380     349520   Grand Totals
     15244       1766       4136        268       5380     349520   ELF Image Totals
     15244       1766       4136        268          0          0   ROM Totals

==============================================================================

    Total RO  Size (Code + RO Data)                19380 (  18.93kB)
    Total RW  Size (RW Data + ZI Data)              5648 (   5.52kB)
    Total ROM Size (Code + RO Data + RW Data)      19648 (  19.19kB)

==============================================================================

