<html>
<body>
<pre>
<h1>礦ision Build Log</h1>
<h2>Tool Versions:</h2>
IDE-Version: 礦ision V5.20.0.39
Copyright (C) 2016 ARM Ltd and ARM Germany GmbH. All rights reserved.
License Information: 1 kenny, 1, LIC=CZLTG-VDFPC-Z8IFH-W3122-WNZ02-TRALS
 
Tool Versions:
Toolchain:       MDK-ARM Plus  Version: 5.14.0.0
Toolchain Path:  D:\MDK\ARM\ARMCC\Bin
C Compiler:      Armcc.exe V5.05 update 1 (build 106)
Assembler:       Armasm.exe V5.05 update 1 (build 106)
Linker/Locator:  ArmLink.exe V5.05 update 1 (build 106)
Library Manager: ArmAr.exe V5.05 update 1 (build 106)
Hex Converter:   FromElf.exe V5.05 update 1 (build 106)
CPU DLL:         SARMCM3.DLL V5.14.0.0
Dialog DLL:      DCM.DLL V1.13.1.0
Target DLL:      Segger\JL2CM3.dll V2.99.13.0
Dialog DLL:      TCM.DLL V1.14.4.0
 
<h2>Project:</h2>
E:\GitHubRepository\AgriculturalIOT\Temperature&Humidity\USER\Temperature&Humidity.uvprojx
Project File Date:  02/08/2023

<h2>Output:</h2>
*** Using Compiler 'V5.05 update 1 (build 106)', folder: 'D:\MDK\ARM\ARMCC\Bin'
Build target 'Temperature&Humidity'
compiling sys.c...
compiling system_stm32f10x.c...
compiling stm32f10x_it.c...
compiling delay.c...
compiling spi.c...
compiling main.c...
main.c(59): warning:  #1295-D: Deprecated declaration stm32flash_stroage - give arg types
  void stm32flash_stroage();		//存储flash数据
main.c(60): warning:  #1295-D: Deprecated declaration esp8266_init - give arg types
  void esp8266_init();		//wifi初始化
main.c(63): warning:  #1295-D: Deprecated declaration senddata - give arg types
  void senddata();
main.c(64): warning:  #1295-D: Deprecated declaration nowifi_Fan - give arg types
  void nowifi_Fan();
main.c(471): warning:  #186-D: pointless comparison of unsigned integer with zero
  				if(value >= 0 && value < 9 )
main.c(480): warning:  #186-D: pointless comparison of unsigned integer with zero
  				if(value1 >= 0 && value1 < 9 )
main.c: 6 warnings, 0 errors
compiling usart.c...
assembling startup_stm32f10x_hd.s...
compiling misc.c...
compiling timer.c...
compiling stm32f10x_cec.c...
compiling stm32f10x_can.c...
compiling stm32f10x_adc.c...
compiling stm32f10x_bkp.c...
compiling core_cm3.c...
compiling stm32f10x_dac.c...
compiling stm32f10x_crc.c...
compiling stm32f10x_dbgmcu.c...
compiling stm32f10x_exti.c...
compiling stm32f10x_dma.c...
compiling stm32f10x_flash.c...
compiling stm32f10x_fsmc.c...
compiling stm32f10x_gpio.c...
compiling stm32f10x_i2c.c...
compiling stm32f10x_rcc.c...
compiling stm32f10x_pwr.c...
compiling stm32f10x_iwdg.c...
compiling stm32f10x_rtc.c...
compiling stm32f10x_sdio.c...
compiling stm32f10x_usart.c...
compiling stm32f10x_spi.c...
compiling stm32f10x_tim.c...
compiling stm32f10x_wwdg.c...
compiling gpio.c...
compiling lcd.c...
compiling exti.c...
compiling wifi.c...
..\HARDWARE\wifi.c(15): warning:  #1295-D: Deprecated declaration stm32flash_stroage - give arg types
  extern void stm32flash_stroage();
..\HARDWARE\wifi.c(16): warning:  #1295-D: Deprecated declaration nowifi_Fan - give arg types
  extern void nowifi_Fan();
..\HARDWARE\wifi.c: 2 warnings, 0 errors
compiling stmflash.c...
compiling Motor.c...
linking...
Program Size: Code=15244 RO-data=4136 RW-data=268 ZI-data=5380  
FromELF: creating hex file...
"..\OBJ\Temperature&Humidity.axf" - 0 Error(s), 8 Warning(s).

<h2>Collection of Component include folders:</h2>
  E:\GitHubRepository\AgriculturalIOT\Temperature&Humidity\USER\RTE
  D:\MDK\ARM\PACK\Keil\STM32F1xx_DFP\2.2.0\Device\Include

<h2>Collection of Component Files used:</h2>
Build Time Elapsed:  00:00:08
</pre>
</body>
</html>
